<html>
<body>
<pre>
<h1>µVision Build Log</h1>
<h2>Tool Versions:</h2>
IDE-Version: ¶ÃVision V5.43.1.0
Copyright (C) 2025 ARM Ltd and ARM Germany GmbH. All rights reserved.
License Information: a infer, a, LIC=FYKYW-Q5RJ1-DY5V3-A8RFH-JWCZ6-JX2Q5
 
Tool Versions:
Toolchain:       MDK-ARM Plus  Version: 5.43.0.0
Toolchain Path:  D:\keil5\keil_V5.40\ARM\ARMCC\Bin
C Compiler:      Armcc.exe V5.06 update 2 (build 183)
Assembler:       Armasm.exe V5.06 update 2 (build 183)
Linker/Locator:  ArmLink.exe V5.06 update 2 (build 183)
Library Manager: ArmAr.exe V5.06 update 2 (build 183)
Hex Converter:   FromElf.exe V5.06 update 2 (build 183)
CPU DLL:         SARMCM3.DLL V5.43.0.0
Dialog DLL:      DCM.DLL V1.17.5.0
Target DLL:      STLink\ST-LINKIII-KEIL_SWO.dll V3.3.1.0
Dialog DLL:      TCM.DLL V1.56.6.0
 
<h2>Project:</h2>
E:\CubeMX\coding\bluetooth_desk_lamp\MDK-ARM\bluetooth_desk_lamp.uvprojx
Project File Date:  05/13/2026

<h2>Output:</h2>
*** Using Compiler 'V5.06 update 2 (build 183)', folder: 'D:\keil5\keil_V5.40\ARM\ARMCC\Bin'
Build target 'bluetooth_desk_lamp'
compiling dma.c...
compiling gpio.c...
compiling adc.c...
compiling tim.c...
compiling system_stm32f1xx.c...
compiling i2c.c...
compiling usart.c...
compiling spi.c...
compiling app_manager.c...
../BSP/Driverlayer/uart_drv.h(12): warning:  #1-D: last line of file ends without a newline
  #endif 
../BSP/Driverlayer/buzzer_drv.h(12): warning:  #1295-D: Deprecated declaration buzzer_work - give arg types
  void buzzer_work();
../BSP/Driverlayer/buzzer_drv.h(13): warning:  #1295-D: Deprecated declaration buzzer_stop_work - give arg types
  void buzzer_stop_work();
../BSP/Driverlayer/buzzer_drv.h(14): warning:  #1295-D: Deprecated declaration buzzer_Init - give arg types
  void buzzer_Init();
../BSP/Driverlayer/buzzer_drv.h(15): warning:  #1295-D: Deprecated declaration buzzer_monitor - give arg types
  void buzzer_monitor();
../BSP/Driverlayer/buzzer_drv.h(16): warning:  #1295-D: Deprecated declaration buzzer_isworking - give arg types
  uint8_t buzzer_isworking();
../BSP/Driverlayer/buzzer_drv.h(19): warning:  #1-D: last line of file ends without a newline
  #endif
../BSP/Driverlayer/cmd.h(27): warning:  #1-D: last line of file ends without a newline
  #endif
../BSP/Driverlayer/adc_drv.h(11): warning:  #1-D: last line of file ends without a newline
  #endif
../BSP/Modulelayer/MIC/mic_drv.h(74): warning:  #1295-D: Deprecated declaration mic_Run - give arg types
  uint8_t mic_Run();
../BSP/Driverlayer/spi_drv.h(22): warning:  #1-D: last line of file ends without a newline
  #endif
../BSP/Driverlayer/i2c_drv.h(31): warning:  #1-D: last line of file ends without a newline
  #endif
../BSP/Modulelayer/Light_Sensor/light_sensor_drv_i2C.h(49): warning:  #1-D: last line of file ends without a newline
  #endif
../BSP/Modulelayer/Module/module_layer.h(18): warning:  #1-D: last line of file ends without a newline
  #endif
..\BSP\Applayer\app_common.h(85): warning:  #1-D: last line of file ends without a newline
  #endif
..\BSP\Applayer\app_common.h(85): warning:  #1-D: last line of file ends without a newline
  #endif
..\BSP\Applayer\app_modes.h(22): warning:  #1-D: last line of file ends without a newline
  #endif
..\BSP\Applayer\app_algorithm.h(27): warning:  #1295-D: Deprecated declaration led_b_work_handle - give arg types
  void led_b_work_handle();
..\BSP\Applayer\app_algorithm.h(29): warning:  #1-D: last line of file ends without a newline
  #endif
..\BSP\Applayer\app_modes.h(17): warning:  #1295-D: Deprecated declaration sys_mode_Manual_Init - give arg types
  void sys_mode_Manual_Init();
..\BSP\Applayer\app_modes.h(18): warning:  #1295-D: Deprecated declaration sys_mode_Auto_Init - give arg types
  void sys_mode_Auto_Init();
..\BSP\Applayer\app_modes.h(19): warning:  #1295-D: Deprecated declaration sys_mode_Music_Init - give arg types
  void sys_mode_Music_Init();
..\BSP\Applayer\app_modes.h(22): warning:  #1-D: last line of file ends without a newline
  #endif
..\BSP\Applayer\app_manager.h(16): warning:  #1-D: last line of file ends without a newline
  #endif
..\BSP\Applayer\app_manager.c: 24 warnings, 0 errors
compiling main.c...
../BSP/Driverlayer/uart_drv.h(12): warning:  #1-D: last line of file ends without a newline
  #endif 
../BSP/Driverlayer/buzzer_drv.h(12): warning:  #1295-D: Deprecated declaration buzzer_work - give arg types
  void buzzer_work();
../BSP/Driverlayer/buzzer_drv.h(13): warning:  #1295-D: Deprecated declaration buzzer_stop_work - give arg types
  void buzzer_stop_work();
../BSP/Driverlayer/buzzer_drv.h(14): warning:  #1295-D: Deprecated declaration buzzer_Init - give arg types
  void buzzer_Init();
../BSP/Driverlayer/buzzer_drv.h(15): warning:  #1295-D: Deprecated declaration buzzer_monitor - give arg types
  void buzzer_monitor();
../BSP/Driverlayer/buzzer_drv.h(16): warning:  #1295-D: Deprecated declaration buzzer_isworking - give arg types
  uint8_t buzzer_isworking();
../BSP/Driverlayer/buzzer_drv.h(19): warning:  #1-D: last line of file ends without a newline
  #endif
../BSP/Driverlayer/cmd.h(27): warning:  #1-D: last line of file ends without a newline
  #endif
../BSP/Driverlayer/adc_drv.h(11): warning:  #1-D: last line of file ends without a newline
  #endif
../BSP/Modulelayer/MIC/mic_drv.h(74): warning:  #1295-D: Deprecated declaration mic_Run - give arg types
  uint8_t mic_Run();
../BSP/Driverlayer/spi_drv.h(22): warning:  #1-D: last line of file ends without a newline
  #endif
../BSP/Driverlayer/i2c_drv.h(31): warning:  #1-D: last line of file ends without a newline
  #endif
../BSP/Modulelayer/Light_Sensor/light_sensor_drv_i2C.h(49): warning:  #1-D: last line of file ends without a newline
  #endif
../BSP/Modulelayer/Module/module_layer.h(18): warning:  #1-D: last line of file ends without a newline
  #endif
../BSP/Applayer/app_common.h(85): warning:  #1-D: last line of file ends without a newline
  #endif
../BSP/Applayer/app_common.h(85): warning:  #1-D: last line of file ends without a newline
  #endif
../BSP/Applayer/app_modes.h(22): warning:  #1-D: last line of file ends without a newline
  #endif
../BSP/Applayer/app_algorithm.h(27): warning:  #1295-D: Deprecated declaration led_b_work_handle - give arg types
  void led_b_work_handle();
../BSP/Applayer/app_algorithm.h(29): warning:  #1-D: last line of file ends without a newline
  #endif
../BSP/Applayer/app_modes.h(17): warning:  #1295-D: Deprecated declaration sys_mode_Manual_Init - give arg types
  void sys_mode_Manual_Init();
../BSP/Applayer/app_modes.h(18): warning:  #1295-D: Deprecated declaration sys_mode_Auto_Init - give arg types
  void sys_mode_Auto_Init();
../BSP/Applayer/app_modes.h(19): warning:  #1295-D: Deprecated declaration sys_mode_Music_Init - give arg types
  void sys_mode_Music_Init();
../BSP/Applayer/app_modes.h(22): warning:  #1-D: last line of file ends without a newline
  #endif
../BSP/Applayer/app_manager.h(16): warning:  #1-D: last line of file ends without a newline
  #endif
../Core/Src/main.c: 24 warnings, 0 errors
compiling stm32f1xx_it.c...
../BSP/Driverlayer/buzzer_drv.h(12): warning:  #1295-D: Deprecated declaration buzzer_work - give arg types
  void buzzer_work();
../BSP/Driverlayer/buzzer_drv.h(13): warning:  #1295-D: Deprecated declaration buzzer_stop_work - give arg types
  void buzzer_stop_work();
../BSP/Driverlayer/buzzer_drv.h(14): warning:  #1295-D: Deprecated declaration buzzer_Init - give arg types
  void buzzer_Init();
../BSP/Driverlayer/buzzer_drv.h(15): warning:  #1295-D: Deprecated declaration buzzer_monitor - give arg types
  void buzzer_monitor();
../BSP/Driverlayer/buzzer_drv.h(16): warning:  #1295-D: Deprecated declaration buzzer_isworking - give arg types
  uint8_t buzzer_isworking();
../BSP/Driverlayer/buzzer_drv.h(19): warning:  #1-D: last line of file ends without a newline
  #endif
../BSP/Driverlayer/uart_drv.h(12): warning:  #1-D: last line of file ends without a newline
  #endif 
../BSP/Driverlayer/cmd.h(27): warning:  #1-D: last line of file ends without a newline
  #endif
../BSP/Driverlayer/adc_drv.h(11): warning:  #1-D: last line of file ends without a newline
  #endif
../BSP/Modulelayer/MIC/mic_drv.h(74): warning:  #1295-D: Deprecated declaration mic_Run - give arg types
  uint8_t mic_Run();
../BSP/Driverlayer/spi_drv.h(22): warning:  #1-D: last line of file ends without a newline
  #endif
../BSP/Driverlayer/i2c_drv.h(31): warning:  #1-D: last line of file ends without a newline
  #endif
../BSP/Modulelayer/Light_Sensor/light_sensor_drv_i2C.h(49): warning:  #1-D: last line of file ends without a newline
  #endif
../BSP/Modulelayer/Module/module_layer.h(18): warning:  #1-D: last line of file ends without a newline
  #endif
../BSP/Applayer/app_common.h(85): warning:  #1-D: last line of file ends without a newline
  #endif
../BSP/Applayer/app_common.h(85): warning:  #1-D: last line of file ends without a newline
  #endif
../BSP/Applayer/app_algorithm.h(29): warning:  #1-D: last line of file ends without a newline
  #endif
../BSP/Applayer/app_modes.h(17): warning:  #1295-D: Deprecated declaration sys_mode_Manual_Init - give arg types
  void sys_mode_Manual_Init();
../BSP/Applayer/app_modes.h(18): warning:  #1295-D: Deprecated declaration sys_mode_Auto_Init - give arg types
  void sys_mode_Auto_Init();
../BSP/Applayer/app_modes.h(19): warning:  #1295-D: Deprecated declaration sys_mode_Music_Init - give arg types
  void sys_mode_Music_Init();
../BSP/Applayer/app_modes.h(22): warning:  #1-D: last line of file ends without a newline
  #endif
../BSP/Applayer/app_algorithm.h(27): warning:  #1295-D: Deprecated declaration led_b_work_handle - give arg types
  void led_b_work_handle();
../BSP/Applayer/app_algorithm.h(29): warning:  #1-D: last line of file ends without a newline
  #endif
../Core/Src/stm32f1xx_it.c: 23 warnings, 0 errors
compiling stm32f1xx_hal_msp.c...
compiling app_algorithm.c...
../BSP/Driverlayer/uart_drv.h(12): warning:  #1-D: last line of file ends without a newline
  #endif 
../BSP/Driverlayer/buzzer_drv.h(12): warning:  #1295-D: Deprecated declaration buzzer_work - give arg types
  void buzzer_work();
../BSP/Driverlayer/buzzer_drv.h(13): warning:  #1295-D: Deprecated declaration buzzer_stop_work - give arg types
  void buzzer_stop_work();
../BSP/Driverlayer/buzzer_drv.h(14): warning:  #1295-D: Deprecated declaration buzzer_Init - give arg types
  void buzzer_Init();
../BSP/Driverlayer/buzzer_drv.h(15): warning:  #1295-D: Deprecated declaration buzzer_monitor - give arg types
  void buzzer_monitor();
../BSP/Driverlayer/buzzer_drv.h(16): warning:  #1295-D: Deprecated declaration buzzer_isworking - give arg types
  uint8_t buzzer_isworking();
../BSP/Driverlayer/buzzer_drv.h(19): warning:  #1-D: last line of file ends without a newline
  #endif
../BSP/Driverlayer/cmd.h(27): warning:  #1-D: last line of file ends without a newline
  #endif
../BSP/Driverlayer/adc_drv.h(11): warning:  #1-D: last line of file ends without a newline
  #endif
../BSP/Modulelayer/MIC/mic_drv.h(74): warning:  #1295-D: Deprecated declaration mic_Run - give arg types
  uint8_t mic_Run();
../BSP/Driverlayer/spi_drv.h(22): warning:  #1-D: last line of file ends without a newline
  #endif
../BSP/Driverlayer/i2c_drv.h(31): warning:  #1-D: last line of file ends without a newline
  #endif
../BSP/Modulelayer/Light_Sensor/light_sensor_drv_i2C.h(49): warning:  #1-D: last line of file ends without a newline
  #endif
../BSP/Modulelayer/Module/module_layer.h(18): warning:  #1-D: last line of file ends without a newline
  #endif
..\BSP\Applayer\app_common.h(85): warning:  #1-D: last line of file ends without a newline
  #endif
..\BSP\Applayer\app_common.h(85): warning:  #1-D: last line of file ends without a newline
  #endif
..\BSP\Applayer\app_algorithm.h(29): warning:  #1-D: last line of file ends without a newline
  #endif
..\BSP\Applayer\app_modes.h(17): warning:  #1295-D: Deprecated declaration sys_mode_Manual_Init - give arg types
  void sys_mode_Manual_Init();
..\BSP\Applayer\app_modes.h(18): warning:  #1295-D: Deprecated declaration sys_mode_Auto_Init - give arg types
  void sys_mode_Auto_Init();
..\BSP\Applayer\app_modes.h(19): warning:  #1295-D: Deprecated declaration sys_mode_Music_Init - give arg types
  void sys_mode_Music_Init();
..\BSP\Applayer\app_modes.h(22): warning:  #1-D: last line of file ends without a newline
  #endif
..\BSP\Applayer\app_algorithm.h(27): warning:  #1295-D: Deprecated declaration led_b_work_handle - give arg types
  void led_b_work_handle();
..\BSP\Applayer\app_algorithm.h(29): warning:  #1-D: last line of file ends without a newline
  #endif
..\BSP\Applayer\app_manager.h(16): warning:  #1-D: last line of file ends without a newline
  #endif
..\BSP\Applayer\app_algorithm.c: 24 warnings, 0 errors
compiling app_common.c...
../BSP/Driverlayer/uart_drv.h(12): warning:  #1-D: last line of file ends without a newline
  #endif 
../BSP/Driverlayer/buzzer_drv.h(12): warning:  #1295-D: Deprecated declaration buzzer_work - give arg types
  void buzzer_work();
../BSP/Driverlayer/buzzer_drv.h(13): warning:  #1295-D: Deprecated declaration buzzer_stop_work - give arg types
  void buzzer_stop_work();
../BSP/Driverlayer/buzzer_drv.h(14): warning:  #1295-D: Deprecated declaration buzzer_Init - give arg types
  void buzzer_Init();
../BSP/Driverlayer/buzzer_drv.h(15): warning:  #1295-D: Deprecated declaration buzzer_monitor - give arg types
  void buzzer_monitor();
../BSP/Driverlayer/buzzer_drv.h(16): warning:  #1295-D: Deprecated declaration buzzer_isworking - give arg types
  uint8_t buzzer_isworking();
../BSP/Driverlayer/buzzer_drv.h(19): warning:  #1-D: last line of file ends without a newline
  #endif
../BSP/Driverlayer/cmd.h(27): warning:  #1-D: last line of file ends without a newline
  #endif
../BSP/Driverlayer/adc_drv.h(11): warning:  #1-D: last line of file ends without a newline
  #endif
../BSP/Modulelayer/MIC/mic_drv.h(74): warning:  #1295-D: Deprecated declaration mic_Run - give arg types
  uint8_t mic_Run();
../BSP/Driverlayer/spi_drv.h(22): warning:  #1-D: last line of file ends without a newline
  #endif
../BSP/Driverlayer/i2c_drv.h(31): warning:  #1-D: last line of file ends without a newline
  #endif
../BSP/Modulelayer/Light_Sensor/light_sensor_drv_i2C.h(49): warning:  #1-D: last line of file ends without a newline
  #endif
../BSP/Modulelayer/Module/module_layer.h(18): warning:  #1-D: last line of file ends without a newline
  #endif
..\BSP\Applayer\app_common.h(85): warning:  #1-D: last line of file ends without a newline
  #endif
..\BSP\Applayer\app_common.h(85): warning:  #1-D: last line of file ends without a newline
  #endif
..\BSP\Applayer\app_common.c(35): warning:  #1-D: last line of file ends without a newline
  }
..\BSP\Applayer\app_common.c: 17 warnings, 0 errors
compiling BT_drv.c...
../BSP/Driverlayer/uart_drv.h(12): warning:  #1-D: last line of file ends without a newline
  #endif 
../BSP/Driverlayer/buzzer_drv.h(12): warning:  #1295-D: Deprecated declaration buzzer_work - give arg types
  void buzzer_work();
../BSP/Driverlayer/buzzer_drv.h(13): warning:  #1295-D: Deprecated declaration buzzer_stop_work - give arg types
  void buzzer_stop_work();
../BSP/Driverlayer/buzzer_drv.h(14): warning:  #1295-D: Deprecated declaration buzzer_Init - give arg types
  void buzzer_Init();
../BSP/Driverlayer/buzzer_drv.h(15): warning:  #1295-D: Deprecated declaration buzzer_monitor - give arg types
  void buzzer_monitor();
../BSP/Driverlayer/buzzer_drv.h(16): warning:  #1295-D: Deprecated declaration buzzer_isworking - give arg types
  uint8_t buzzer_isworking();
../BSP/Driverlayer/buzzer_drv.h(19): warning:  #1-D: last line of file ends without a newline
  #endif
../BSP/Driverlayer/cmd.h(27): warning:  #1-D: last line of file ends without a newline
  #endif
..\BSP\Modulelayer\BlueTooth\BT_drv.c(107): warning:  #177-D: variable "wait_ms" was declared but never referenced
      uint16_t wait_ms = 300;
..\BSP\Modulelayer\BlueTooth\BT_drv.c(40): warning:  #177-D: function "BT_SendAT_CheckOK" was declared but never referenced
  static HAL_StatusTypeDef BT_SendAT_CheckOK(const uint8_t* at_cmd,uint16_t wait_ms)
..\BSP\Modulelayer\BlueTooth\BT_drv.c(237): warning:  #177-D: function "BT_UpdateConnectionState" was declared but never referenced
  static void BT_UpdateConnectionState(void)
..\BSP\Modulelayer\BlueTooth\BT_drv.c: 11 warnings, 0 errors
compiling DWT.c...
..\BSP\Modulelayer\RGB\dwt.h(13): warning:  #1-D: last line of file ends without a newline
  #endif
..\BSP\Modulelayer\RGB\DWT.c(34): warning:  #1-D: last line of file ends without a newline
  }
..\BSP\Modulelayer\RGB\DWT.c: 2 warnings, 0 errors
compiling asrpro_drv.c...
../BSP/Driverlayer/uart_drv.h(12): warning:  #1-D: last line of file ends without a newline
  #endif 
../BSP/Driverlayer/buzzer_drv.h(12): warning:  #1295-D: Deprecated declaration buzzer_work - give arg types
  void buzzer_work();
../BSP/Driverlayer/buzzer_drv.h(13): warning:  #1295-D: Deprecated declaration buzzer_stop_work - give arg types
  void buzzer_stop_work();
../BSP/Driverlayer/buzzer_drv.h(14): warning:  #1295-D: Deprecated declaration buzzer_Init - give arg types
  void buzzer_Init();
../BSP/Driverlayer/buzzer_drv.h(15): warning:  #1295-D: Deprecated declaration buzzer_monitor - give arg types
  void buzzer_monitor();
../BSP/Driverlayer/buzzer_drv.h(16): warning:  #1295-D: Deprecated declaration buzzer_isworking - give arg types
  uint8_t buzzer_isworking();
../BSP/Driverlayer/buzzer_drv.h(19): warning:  #1-D: last line of file ends without a newline
  #endif
../BSP/Driverlayer/cmd.h(27): warning:  #1-D: last line of file ends without a newline
  #endif
..\BSP\Modulelayer\Asrpro\asrpro_drv.c: 8 warnings, 0 errors
compiling app_modes.c...
../BSP/Driverlayer/uart_drv.h(12): warning:  #1-D: last line of file ends without a newline
  #endif 
../BSP/Driverlayer/buzzer_drv.h(12): warning:  #1295-D: Deprecated declaration buzzer_work - give arg types
  void buzzer_work();
../BSP/Driverlayer/buzzer_drv.h(13): warning:  #1295-D: Deprecated declaration buzzer_stop_work - give arg types
  void buzzer_stop_work();
../BSP/Driverlayer/buzzer_drv.h(14): warning:  #1295-D: Deprecated declaration buzzer_Init - give arg types
  void buzzer_Init();
../BSP/Driverlayer/buzzer_drv.h(15): warning:  #1295-D: Deprecated declaration buzzer_monitor - give arg types
  void buzzer_monitor();
../BSP/Driverlayer/buzzer_drv.h(16): warning:  #1295-D: Deprecated declaration buzzer_isworking - give arg types
  uint8_t buzzer_isworking();
../BSP/Driverlayer/buzzer_drv.h(19): warning:  #1-D: last line of file ends without a newline
  #endif
../BSP/Driverlayer/cmd.h(27): warning:  #1-D: last line of file ends without a newline
  #endif
../BSP/Driverlayer/adc_drv.h(11): warning:  #1-D: last line of file ends without a newline
  #endif
../BSP/Modulelayer/MIC/mic_drv.h(74): warning:  #1295-D: Deprecated declaration mic_Run - give arg types
  uint8_t mic_Run();
../BSP/Driverlayer/spi_drv.h(22): warning:  #1-D: last line of file ends without a newline
  #endif
../BSP/Driverlayer/i2c_drv.h(31): warning:  #1-D: last line of file ends without a newline
  #endif
../BSP/Modulelayer/Light_Sensor/light_sensor_drv_i2C.h(49): warning:  #1-D: last line of file ends without a newline
  #endif
../BSP/Modulelayer/Module/module_layer.h(18): warning:  #1-D: last line of file ends without a newline
  #endif
..\BSP\Applayer\app_common.h(85): warning:  #1-D: last line of file ends without a newline
  #endif
..\BSP\Applayer\app_common.h(85): warning:  #1-D: last line of file ends without a newline
  #endif
..\BSP\Applayer\app_modes.h(22): warning:  #1-D: last line of file ends without a newline
  #endif
..\BSP\Applayer\app_algorithm.h(27): warning:  #1295-D: Deprecated declaration led_b_work_handle - give arg types
  void led_b_work_handle();
..\BSP\Applayer\app_algorithm.h(29): warning:  #1-D: last line of file ends without a newline
  #endif
..\BSP\Applayer\app_modes.h(17): warning:  #1295-D: Deprecated declaration sys_mode_Manual_Init - give arg types
  void sys_mode_Manual_Init();
..\BSP\Applayer\app_modes.h(18): warning:  #1295-D: Deprecated declaration sys_mode_Auto_Init - give arg types
  void sys_mode_Auto_Init();
..\BSP\Applayer\app_modes.h(19): warning:  #1295-D: Deprecated declaration sys_mode_Music_Init - give arg types
  void sys_mode_Music_Init();
..\BSP\Applayer\app_modes.h(22): warning:  #1-D: last line of file ends without a newline
  #endif
..\BSP\Applayer\app_modes.c: 23 warnings, 0 errors
compiling rgb_drv.c...
../BSP/Driverlayer/adc_drv.h(11): warning:  #1-D: last line of file ends without a newline
  #endif
../BSP/Modulelayer/MIC/mic_drv.h(74): warning:  #1295-D: Deprecated declaration mic_Run - give arg types
  uint8_t mic_Run();
..\BSP\Modulelayer\RGB\rgb_drv.c(222): warning:  #188-D: enumerated type mixed with another type
      if (*color >= 
GB_COLOR_NUM) *color = 0;
..\BSP\Modulelayer\RGB\rgb_drv.c(340): warning:  #1-D: last line of file ends without a newline
  }
..\BSP\Modulelayer\RGB\rgb_drv.c: 4 warnings, 0 errors
compiling tft_fonts.c...
compiling module_layer.c...
../BSP/Driverlayer/uart_drv.h(12): warning:  #1-D: last line of file ends without a newline
  #endif 
../BSP/Driverlayer/buzzer_drv.h(12): warning:  #1295-D: Deprecated declaration buzzer_work - give arg types
  void buzzer_work();
../BSP/Driverlayer/buzzer_drv.h(13): warning:  #1295-D: Deprecated declaration buzzer_stop_work - give arg types
  void buzzer_stop_work();
../BSP/Driverlayer/buzzer_drv.h(14): warning:  #1295-D: Deprecated declaration buzzer_Init - give arg types
  void buzzer_Init();
../BSP/Driverlayer/buzzer_drv.h(15): warning:  #1295-D: Deprecated declaration buzzer_monitor - give arg types
  void buzzer_monitor();
../BSP/Driverlayer/buzzer_drv.h(16): warning:  #1295-D: Deprecated declaration buzzer_isworking - give arg types
  uint8_t buzzer_isworking();
../BSP/Driverlayer/buzzer_drv.h(19): warning:  #1-D: last line of file ends without a newline
  #endif
../BSP/Driverlayer/cmd.h(27): warning:  #1-D: last line of file ends without a newline
  #endif
../BSP/Driverlayer/adc_drv.h(11): warning:  #1-D: last line of file ends without a newline
  #endif
../BSP/Modulelayer/MIC/mic_drv.h(74): warning:  #1295-D: Deprecated declaration mic_Run - give arg types
  uint8_t mic_Run();
../BSP/Driverlayer/spi_drv.h(22): warning:  #1-D: last line of file ends without a newline
  #endif
../BSP/Driverlayer/i2c_drv.h(31): warning:  #1-D: last line of file ends without a newline
  #endif
../BSP/Modulelayer/Light_Sensor/light_sensor_drv_i2C.h(49): warning:  #1-D: last line of file ends without a newline
  #endif
..\BSP\Modulelayer\Module\module_layer.h(18): warning:  #1-D: last line of file ends without a newline
  #endif
..\BSP\Modulelayer\Module\module_layer.c: 14 warnings, 0 errors
compiling app_ui.c...
../BSP/Driverlayer/uart_drv.h(12): warning:  #1-D: last line of file ends without a newline
  #endif 
../BSP/Driverlayer/buzzer_drv.h(12): warning:  #1295-D: Deprecated declaration buzzer_work - give arg types
  void buzzer_work();
../BSP/Driverlayer/buzzer_drv.h(13): warning:  #1295-D: Deprecated declaration buzzer_stop_work - give arg types
  void buzzer_stop_work();
../BSP/Driverlayer/buzzer_drv.h(14): warning:  #1295-D: Deprecated declaration buzzer_Init - give arg types
  void buzzer_Init();
../BSP/Driverlayer/buzzer_drv.h(15): warning:  #1295-D: Deprecated declaration buzzer_monitor - give arg types
  void buzzer_monitor();
../BSP/Driverlayer/buzzer_drv.h(16): warning:  #1295-D: Deprecated declaration buzzer_isworking - give arg types
  uint8_t buzzer_isworking();
../BSP/Driverlayer/buzzer_drv.h(19): warning:  #1-D: last line of file ends without a newline
  #endif
../BSP/Driverlayer/cmd.h(27): warning:  #1-D: last line of file ends without a newline
  #endif
../BSP/Driverlayer/adc_drv.h(11): warning:  #1-D: last line of file ends without a newline
  #endif
../BSP/Modulelayer/MIC/mic_drv.h(74): warning:  #1295-D: Deprecated declaration mic_Run - give arg types
  uint8_t mic_Run();
../BSP/Driverlayer/spi_drv.h(22): warning:  #1-D: last line of file ends without a newline
  #endif
../BSP/Driverlayer/i2c_drv.h(31): warning:  #1-D: last line of file ends without a newline
  #endif
../BSP/Modulelayer/Light_Sensor/light_sensor_drv_i2C.h(49): warning:  #1-D: last line of file ends without a newline
  #endif
../BSP/Modulelayer/Module/module_layer.h(18): warning:  #1-D: last line of file ends without a newline
  #endif
..\BSP\Applayer\app_common.h(85): warning:  #1-D: last line of file ends without a newline
  #endif
..\BSP\Applayer\app_ui.c(147): warning:  #188-D: enumerated type mixed with another type
      uint16_t rgb = get_rgb565(color_idx);
..\BSP\Applayer\app_ui.c: 16 warnings, 0 errors
compiling mic_drv.c...
../BSP/Driverlayer/adc_drv.h(11): warning:  #1-D: last line of file ends without a newline
  #endif
..\BSP\Modulelayer\MIC\mic_drv.h(74): warning:  #1295-D: Deprecated declaration mic_Run - give arg types
  uint8_t mic_Run();
..\BSP\Modulelayer\MIC\mic_drv.c: 2 warnings, 0 errors
compiling key.c...
..\BSP\Driverlayer\buzzer_drv.h(12): warning:  #1295-D: Deprecated declaration buzzer_work - give arg types
  void buzzer_work();
..\BSP\Driverlayer\buzzer_drv.h(13): warning:  #1295-D: Deprecated declaration buzzer_stop_work - give arg types
  void buzzer_stop_work();
..\BSP\Driverlayer\buzzer_drv.h(14): warning:  #1295-D: Deprecated declaration buzzer_Init - give arg types
  void buzzer_Init();
..\BSP\Driverlayer\buzzer_drv.h(15): warning:  #1295-D: Deprecated declaration buzzer_monitor - give arg types
  void buzzer_monitor();
..\BSP\Driverlayer\buzzer_drv.h(16): warning:  #1295-D: Deprecated declaration buzzer_isworking - give arg types
  uint8_t buzzer_isworking();
..\BSP\Driverlayer\buzzer_drv.h(19): warning:  #1-D: last line of file ends without a newline
  #endif
..\BSP\Driverlayer\key.c: 6 warnings, 0 errors
compiling tft_drv.c...
../BSP/Driverlayer/spi_drv.h(22): warning:  #1-D: last line of file ends without a newline
  #endif
..\BSP\Modulelayer\TFT\tft_drv.c(258): warning:  #223-D: function "sprintf" declared implicitly
      sprintf(str, "%d", num); // Â∞?Êï?Â≠?ËΩ?Êç?‰∏?Â≠?Á¨?‰∏?Ôº?Ëá?Âä?Â§?Áê?Ë¥?Êï? + Êú?Â∞?Áª?Êù?Á¨?Ôº?
..\BSP\Modulelayer\TFT\tft_drv.c(268): warning:  #223-D: function "abs" declared implicitly
      int32_t dx = abs((int32_t)(x2 - x1));
..\BSP\Modulelayer\TFT\tft_drv.c: 3 warnings, 0 errors
compiling light_sensor_drv_i2c.c...
../BSP/Driverlayer/i2c_drv.h(31): warning:  #1-D: last line of file ends without a newline
  #endif
..\BSP\Modulelayer\Light_Sensor\light_sensor_drv_i2c.h(49): warning:  #1-D: last line of file ends without a newline
  #endif
..\BSP\Modulelayer\Light_Sensor\light_sensor_drv_i2c.c: 2 warnings, 0 errors
compiling led.c...
..\BSP\Driverlayer\led.c(40): warning:  #1-D: last line of file ends without a newline
  }
..\BSP\Driverlayer\led.c: 1 warning, 0 errors
compiling i2c_drv.c...
..\BSP\Driverlayer\i2c_drv.h(31): warning:  #1-D: last line of file ends without a newline
  #endif
..\BSP\Driverlayer\i2c_drv.c: 1 warning, 0 errors
compiling adc_drv.c...
..\BSP\Driverlayer\adc_drv.h(11): warning:  #1-D: last line of file ends without a newline
  #endif
..\BSP\Driverlayer\adc_drv.c: 1 warning, 0 errors
compiling buzzer_drv.c...
..\BSP\Driverlayer\buzzer_drv.h(12): warning:  #1295-D: Deprecated declaration buzzer_work - give arg types
  void buzzer_work();
..\BSP\Driverlayer\buzzer_drv.h(13): warning:  #1295-D: Deprecated declaration buzzer_stop_work - give arg types
  void buzzer_stop_work();
..\BSP\Driverlayer\buzzer_drv.h(14): warning:  #1295-D: Deprecated declaration buzzer_Init - give arg types
  void buzzer_Init();
..\BSP\Driverlayer\buzzer_drv.h(15): warning:  #1295-D: Deprecated declaration buzzer_monitor - give arg types
  void buzzer_monitor();
..\BSP\Driverlayer\buzzer_drv.h(16): warning:  #1295-D: Deprecated declaration buzzer_isworking - give arg types
  uint8_t buzzer_isworking();
..\BSP\Driverlayer\buzzer_drv.h(19): warning:  #1-D: last line of file ends without a newline
  #endif
..\BSP\Driverlayer\buzzer_drv.c: 6 warnings, 0 errors
compiling drv_layer.c...
..\BSP\Driverlayer\buzzer_drv.h(12): warning:  #1295-D: Deprecated declaration buzzer_work - give arg types
  void buzzer_work();
..\BSP\Driverlayer\buzzer_drv.h(13): warning:  #1295-D: Deprecated declaration buzzer_stop_work - give arg types
  void buzzer_stop_work();
..\BSP\Driverlayer\buzzer_drv.h(14): warning:  #1295-D: Deprecated declaration buzzer_Init - give arg types
  void buzzer_Init();
..\BSP\Driverlayer\buzzer_drv.h(15): warning:  #1295-D: Deprecated declaration buzzer_monitor - give arg types
  void buzzer_monitor();
..\BSP\Driverlayer\buzzer_drv.h(16): warning:  #1295-D: Deprecated declaration buzzer_isworking - give arg types
  uint8_t buzzer_isworking();
..\BSP\Driverlayer\buzzer_drv.h(19): warning:  #1-D: last line of file ends without a newline
  #endif
..\BSP\Driverlayer\uart_drv.h(12): warning:  #1-D: last line of file ends without a newline
  #endif 
..\BSP\Driverlayer\spi_drv.h(22): warning:  #1-D: last line of file ends without a newline
  #endif
..\BSP\Driverlayer\i2c_drv.h(31): warning:  #1-D: last line of file ends without a newline
  #endif
..\BSP\Driverlayer\adc_drv.h(11): warning:  #1-D: last line of file ends without a newline
  #endif
..\BSP\Driverlayer\cmd.h(27): warning:  #1-D: last line of file ends without a newline
  #endif
..\BSP\Driverlayer\drv_layer.c: 11 warnings, 0 errors
compiling spi_drv.c...
..\BSP\Driverlayer\spi_drv.h(22): warning:  #1-D: last line of file ends without a newline
  #endif
..\BSP\Driverlayer\spi_drv.c: 1 warning, 0 errors
compiling cmd.c...
..\BSP\Driverlayer\cmd.c(4): warning:  #1-D: last line of file ends without a newline
  #include "cmd.h"
..\BSP\Driverlayer\cmd.h(27): warning:  #1-D: last line of file ends without a newline
  #endif
..\BSP\Driverlayer\cmd.c: 2 warnings, 0 errors
compiling uart_drv.c...
..\BSP\Driverlayer\uart_drv.h(12): warning:  #1-D: last line of file ends without a newline
  #endif 
..\BSP\Driverlayer\uart_drv.c: 1 warning, 0 errors
compiling stm32f1xx_hal_gpio_ex.c...
compiling stm32f1xx_hal_rcc_ex.c...
compiling stm32f1xx_hal_adc.c...
compiling stm32f1xx_hal.c...
compiling stm32f1xx_hal_adc_ex.c...
compiling stm32f1xx_hal_gpio.c...
compiling stm32f1xx_hal_rcc.c...
compiling stm32f1xx_hal_dma.c...
compiling stm32f1xx_hal_cortex.c...
compiling stm32f1xx_hal_pwr.c...
compiling stm32f1xx_hal_flash.c...
compiling stm32f1xx_hal_flash_ex.c...
compiling stm32f1xx_hal_exti.c...
compiling stm32f1xx_hal_spi.c...
compiling stm32f1xx_hal_tim_ex.c...
compiling stm32f1xx_hal_uart.c...
compiling stm32f1xx_hal_i2c.c...
compiling stm32f1xx_hal_tim.c...
linking...
Program Size: Code=22836 RO-data=2236 RW-data=176 ZI-data=4144  
FromELF: creating hex file...
"bluetooth_desk_lamp\bluetooth_desk_lamp.axf" - 0 Error(s), 227 Warning(s).

<h2>Software Packages used:</h2>

Package Vendor: ARM
                https://www.keil.com/pack/ARM.CMSIS.6.3.0.pack
                ARM::CMSIS@6.3.0
                CMSIS (Common Microcontroller Software Interface Standard)
   * Component: CORE Version: 6.2.0

Package Vendor: Keil
                https://www.keil.com/pack/Keil.STM32F1xx_DFP.2.4.1.pack
                Keil::STM32F1xx_DFP@2.4.1
                STMicroelectronics STM32F1 Series Device Support, Drivers and Examples

<h2>Collection of Component include folders:</h2>
  ./RTE/_bluetooth_desk_lamp
  D:/keil5/keil_V5.40/package/ARM/CMSIS/6.3.0/CMSIS/Core/Include
  D:/keil5/keil_V5.40/package/Keil/STM32F1xx_DFP/2.4.1/Device/Include

<h2>Collection of Component Files used:</h2>

   * Component: ARM::CMSIS:CORE@6.2.0
      Include file:  CMSIS/Core/Include/tz_context.h
Build Time Elapsed:  00:00:08
</pre>
</body>
</html>
