Component: ARM Compiler 5.06 update 2 (build 183) Tool: armlink [4d35b7]

==============================================================================

Section Cross References

    startup_stm32f103xb.o(RESET) refers to startup_stm32f103xb.o(STACK) for __initial_sp
    startup_stm32f103xb.o(RESET) refers to startup_stm32f103xb.o(.text) for Reset_Handler
    startup_stm32f103xb.o(RESET) refers to stm32f1xx_it.o(i.NMI_Handler) for NMI_Handler
    startup_stm32f103xb.o(RESET) refers to stm32f1xx_it.o(i.HardFault_Handler) for HardFault_Handler
    startup_stm32f103xb.o(RESET) refers to stm32f1xx_it.o(i.MemManage_Handler) for MemManage_Handler
    startup_stm32f103xb.o(RESET) refers to stm32f1xx_it.o(i.BusFault_Handler) for BusFault_Handler
    startup_stm32f103xb.o(RESET) refers to stm32f1xx_it.o(i.UsageFault_Handler) for UsageFault_Handler
    startup_stm32f103xb.o(RESET) refers to stm32f1xx_it.o(i.SVC_Handler) for SVC_Handler
    startup_stm32f103xb.o(RESET) refers to stm32f1xx_it.o(i.DebugMon_Handler) for DebugMon_Handler
    startup_stm32f103xb.o(RESET) refers to stm32f1xx_it.o(i.PendSV_Handler) for PendSV_Handler
    startup_stm32f103xb.o(RESET) refers to stm32f1xx_it.o(i.SysTick_Handler) for SysTick_Handler
    startup_stm32f103xb.o(RESET) refers to stm32f1xx_it.o(i.EXTI0_IRQHandler) for EXTI0_IRQHandler
    startup_stm32f103xb.o(RESET) refers to stm32f1xx_it.o(i.EXTI1_IRQHandler) for EXTI1_IRQHandler
    startup_stm32f103xb.o(RESET) refers to stm32f1xx_it.o(i.EXTI3_IRQHandler) for EXTI3_IRQHandler
    startup_stm32f103xb.o(RESET) refers to stm32f1xx_it.o(i.DMA1_Channel1_IRQHandler) for DMA1_Channel1_IRQHandler
    startup_stm32f103xb.o(RESET) refers to stm32f1xx_it.o(i.DMA1_Channel4_IRQHandler) for DMA1_Channel4_IRQHandler
    startup_stm32f103xb.o(RESET) refers to stm32f1xx_it.o(i.DMA1_Channel5_IRQHandler) for DMA1_Channel5_IRQHandler
    startup_stm32f103xb.o(RESET) refers to stm32f1xx_it.o(i.USART1_IRQHandler) for USART1_IRQHandler
    startup_stm32f103xb.o(RESET) refers to stm32f1xx_it.o(i.USART2_IRQHandler) for USART2_IRQHandler
    startup_stm32f103xb.o(.text) refers to system_stm32f1xx.o(i.SystemInit) for SystemInit
    startup_stm32f103xb.o(.text) refers to entry.o(.ARM.Collect$$$$00000000) for __main
    main.o(i.SystemClock_Config) refers to memseta.o(.text) for __aeabi_memclr4
    main.o(i.SystemClock_Config) refers to stm32f1xx_hal_rcc.o(i.HAL_RCC_OscConfig) for HAL_RCC_OscConfig
    main.o(i.SystemClock_Config) refers to main.o(i.Error_Handler) for Error_Handler
    main.o(i.SystemClock_Config) refers to stm32f1xx_hal_rcc.o(i.HAL_RCC_ClockConfig) for HAL_RCC_ClockConfig
    main.o(i.SystemClock_Config) refers to stm32f1xx_hal_rcc_ex.o(i.HAL_RCCEx_PeriphCLKConfig) for HAL_RCCEx_PeriphCLKConfig
    main.o(i.main) refers to stm32f1xx_hal.o(i.HAL_Init) for HAL_Init
    main.o(i.main) refers to main.o(i.SystemClock_Config) for SystemClock_Config
    main.o(i.main) refers to gpio.o(i.MX_GPIO_Init) for MX_GPIO_Init
    main.o(i.main) refers to dma.o(i.MX_DMA_Init) for MX_DMA_Init
    main.o(i.main) refers to i2c.o(i.MX_I2C1_Init) for MX_I2C1_Init
    main.o(i.main) refers to spi.o(i.MX_SPI1_Init) for MX_SPI1_Init
    main.o(i.main) refers to usart.o(i.MX_USART1_UART_Init) for MX_USART1_UART_Init
    main.o(i.main) refers to usart.o(i.MX_USART2_UART_Init) for MX_USART2_UART_Init
    main.o(i.main) refers to adc.o(i.MX_ADC1_Init) for MX_ADC1_Init
    main.o(i.main) refers to tim.o(i.MX_TIM3_Init) for MX_TIM3_Init
    main.o(i.main) refers to app_manager.o(i.system_Init) for system_Init
    main.o(i.main) refers to app_manager.o(i.system_PowerOn) for system_PowerOn
    main.o(i.main) refers to app_manager.o(i.system_Run) for system_Run
    gpio.o(i.MX_GPIO_Init) refers to stm32f1xx_hal_gpio.o(i.HAL_GPIO_WritePin) for HAL_GPIO_WritePin
    gpio.o(i.MX_GPIO_Init) refers to stm32f1xx_hal_gpio.o(i.HAL_GPIO_Init) for HAL_GPIO_Init
    gpio.o(i.MX_GPIO_Init) refers to stm32f1xx_hal_cortex.o(i.HAL_NVIC_SetPriority) for HAL_NVIC_SetPriority
    gpio.o(i.MX_GPIO_Init) refers to stm32f1xx_hal_cortex.o(i.HAL_NVIC_EnableIRQ) for HAL_NVIC_EnableIRQ
    adc.o(i.HAL_ADC_MspDeInit) refers to stm32f1xx_hal_gpio.o(i.HAL_GPIO_DeInit) for HAL_GPIO_DeInit
    adc.o(i.HAL_ADC_MspDeInit) refers to stm32f1xx_hal_dma.o(i.HAL_DMA_DeInit) for HAL_DMA_DeInit
    adc.o(i.HAL_ADC_MspInit) refers to stm32f1xx_hal_gpio.o(i.HAL_GPIO_Init) for HAL_GPIO_Init
    adc.o(i.HAL_ADC_MspInit) refers to stm32f1xx_hal_dma.o(i.HAL_DMA_Init) for HAL_DMA_Init
    adc.o(i.HAL_ADC_MspInit) refers to main.o(i.Error_Handler) for Error_Handler
    adc.o(i.HAL_ADC_MspInit) refers to adc.o(.bss) for .bss
    adc.o(i.MX_ADC1_Init) refers to stm32f1xx_hal_adc.o(i.HAL_ADC_Init) for HAL_ADC_Init
    adc.o(i.MX_ADC1_Init) refers to main.o(i.Error_Handler) for Error_Handler
    adc.o(i.MX_ADC1_Init) refers to stm32f1xx_hal_adc.o(i.HAL_ADC_ConfigChannel) for HAL_ADC_ConfigChannel
    adc.o(i.MX_ADC1_Init) refers to adc.o(.bss) for .bss
[...]
    i.__mathlib_rredf2                       0x08003e54   Section        0  rredf.o(i.__mathlib_rredf2)
    i.__scatterload_copy                     0x08003fbc   Section       14  handlers.o(i.__scatterload_copy)
    i.__scatterload_null                     0x08003fca   Section        2  handlers.o(i.__scatterload_null)
    i.__scatterload_zeroinit                 0x08003fcc   Section       14  handlers.o(i.__scatterload_zeroinit)
    i.__set_errno                            0x08003fdc   Section        0  errno.o(i.__set_errno)
    i._printf_core                           0x08003fe8   Section        0  printf3.o(i._printf_core)
    _printf_core                             0x08003fe9   Thumb Code   436  printf3.o(i._printf_core)
    i._sputc                                 0x080041a0   Section        0  printf3.o(i._sputc)
    _sputc                                   0x080041a1   Thumb Code    10  printf3.o(i._sputc)
    i.asrpro_CheckCmdValid                   0x080041ac   Section        0  asrpro_drv.o(i.asrpro_CheckCmdValid)
    i.asrpro_ClearBuffer                     0x080041e0   Section        0  asrpro_drv.o(i.asrpro_ClearBuffer)
    i.asrpro_ErroeHandler                    0x08004204   Section        0  asrpro_drv.o(i.asrpro_ErroeHandler)
    i.asrpro_GetCmd                          0x08004224   Section        0  asrpro_drv.o(i.asrpro_GetCmd)
    i.asrpro_Init                            0x08004254   Section        0  asrpro_drv.o(i.asrpro_Init)
    i.asrpro_Reset                           0x08004270   Section        0  asrpro_drv.o(i.asrpro_Reset)
    i.buzzer_Init                            0x080042a4   Section        0  buzzer_drv.o(i.buzzer_Init)
    i.buzzer_work                            0x080042b4   Section        0  buzzer_drv.o(i.buzzer_work)
    i.cosf                                   0x080042dc   Section        0  cosf.o(i.cosf)
    i.delay_us                               0x08004458   Section        0  dwt.o(i.delay_us)
    i.drv_layer_Init                         0x08004470   Section        0  drv_layer.o(i.drv_layer_Init)
    i.key_Read                               0x08004480   Section        0  key.o(i.key_Read)
    i.led_Init                               0x080044c8   Section        0  led.o(i.led_Init)
    i.led_work                               0x080044ec   Section        0  led.o(i.led_work)
    i.ls_ChangeModeByLus                     0x0800452c   Section        0  light_sensor_drv.o(i.ls_ChangeModeByLus)
    i.ls_Init                                0x08004570   Section        0  light_sensor_drv.o(i.ls_Init)
    i.ls_MeasureLight                        0x08004594   Section        0  light_sensor_drv.o(i.ls_MeasureLight)
    i.ls_PowerOff                            0x08004604   Section        0  light_sensor_drv.o(i.ls_PowerOff)
    i.ls_PowerOn                             0x0800460a   Section        0  light_sensor_drv.o(i.ls_PowerOn)
    i.ls_Readdata                            0x08004634   Section        0  light_sensor_drv.o(i.ls_Readdata)
    i.ls_Reset                               0x08004644   Section        0  light_sensor_drv.o(i.ls_Reset)
    i.ls_SetMode                             0x08004656   Section        0  light_sensor_drv.o(i.ls_SetMode)
    i.ls_WriteByte                           0x08004688   Section        0  light_sensor_drv.o(i.ls_WriteByte)
    i.main                                   0x0800469c   Section        0  main.o(i.main)
    i.mic_Calibrate                          0x080046d4   Section        0  mic_drv.o(i.mic_Calibrate)
    i.mic_ClearBuf                           0x0800472c   Section        0  mic_drv.o(i.mic_ClearBuf)
    i.mic_GetFreq                            0x08004768   Section        0  mic_drv.o(i.mic_GetFreq)
    i.mic_GetMaxfreq                         0x0800477c   Section        0  mic_drv.o(i.mic_GetMaxfreq)
    i.mic_Init                               0x08004788   Section        0  mic_drv.o(i.mic_Init)
    i.mic_PowerOff                           0x08004798   Section        0  mic_drv.o(i.mic_PowerOff)
    i.mic_PowerOn                            0x080047b4   Section        0  mic_drv.o(i.mic_PowerOn)
    i.mic_Run                                0x080047ec   Section        0  mic_drv.o(i.mic_Run)
    i.mic_dma_buf_to_float                   0x08004804   Section        0  mic_drv.o(i.mic_dma_buf_to_float)
    i.mic_goertzel                           0x0800482c   Section        0  mic_drv.o(i.mic_goertzel)
    i.mic_isCalibrate                        0x08004868   Section        0  mic_drv.o(i.mic_isCalibrate)
    i.mic_loudness_mapto_brightness          0x08004874   Section        0  mic_drv.o(i.mic_loudness_mapto_brightness)
    i.module_Init                            0x080048c4   Section        0  module_layer.o(i.module_Init)
    i.remap_lux_to_brightness                0x080048e8   Section        0  app_algorithm.o(i.remap_lux_to_brightness)
    i.rgb_ClearBuffer                        0x0800494c   Section        0  rgb_drv.o(i.rgb_ClearBuffer)
    i.rgb_Display                            0x08004964   Section        0  rgb_drv.o(i.rgb_Display)
    i.rgb_Init                               0x08004990   Section        0  rgb_drv.o(i.rgb_Init)
    i.rgb_MapFreqToRGBValue                  0x080049b0   Section        0  rgb_drv.o(i.rgb_MapFreqToRGBValue)
    i.rgb_PowerOff                           0x08004a44   Section        0  rgb_drv.o(i.rgb_PowerOff)
    i.rgb_PowerOn                            0x08004a68   Section        0  rgb_drv.o(i.rgb_PowerOn)
    i.rgb_RunInMusic                         0x08004a7e   Section        0  rgb_drv.o(i.rgb_RunInMusic)
    i.rgb_SetAllLed                          0x08004aa0   Section        0  rgb_drv.o(i.rgb_SetAllLed)
    i.rgb_SetBrightness                      0x08004ac8   Section        0  rgb_drv.o(i.rgb_SetBrightness)
    i.rgb_SetBrightnessOff                   0x08004ad8   Section        0  rgb_drv.o(i.rgb_SetBrightnessOff)
    i.rgb_SetBrightnessOn                    0x08004b00   Section        0  rgb_drv.o(i.rgb_SetBrightnessOn)
    i.rgb_SetBrightness_Circle               0x08004b28   Section        0  rgb_drv.o(i.rgb_SetBrightness_Circle)
    i.rgb_SetColor                           0x08004b5c   Section        0  rgb_drv.o(i.rgb_SetColor)
    i.rgb_SetColor_Circle                    0x08004b6c   Section        0  rgb_drv.o(i.rgb_SetColor_Circle)
    i.rgb_SetSingleLed                       0x08004b94   Section        0  rgb_drv.o(i.rgb_SetSingleLed)
    i.rgb_Update                             0x08004bdc   Section        0  rgb_drv.o(i.rgb_Update)
    i.rgb_WriteBit                           0x08004c10   Section        0  rgb_drv.o(i.rgb_WriteBit)
    i.rgb_WriteByte                          0x08004c68   Section        0  rgb_drv.o(i.rgb_WriteByte)
    i.rgb_brightness_filter                  0x08004c8c   Section        0  rgb_drv.o(i.rgb_brightness_filter)
    i.sqrt                                   0x08004d14   Section        0  sqrt.o(i.sqrt)
    i.sys_mode_Auto                          0x08004d60   Section        0  app_modes.o(i.sys_mode_Auto)
    i.sys_mode_Auto_Init                     0x08004db0   Section        0  app_modes.o(i.sys_mode_Auto_Init)
    i.sys_mode_Manual                        0x08004dd0   Section        0  app_modes.o(i.sys_mode_Manual)
    i.sys_mode_Manual_Init                   0x08004e00   Section        0  app_modes.o(i.sys_mode_Manual_Init)
    i.sys_mode_Music                         0x08004e20   Section        0  app_modes.o(i.sys_mode_Music)
    i.sys_mode_Music_Init                    0x08004e30   Section        0  app_modes.o(i.sys_mode_Music_Init)
    i.system_Control                         0x08004e50   Section        0  app_manager.o(i.system_Control)
    i.system_Init                            0x08004e8c   Section        0  app_manager.o(i.system_Init)
    i.system_PowerOff                        0x08004e9c   Section        0  app_manager.o(i.system_PowerOff)
    i.system_PowerOn                         0x08004ec4   Section        0  app_manager.o(i.system_PowerOn)
    i.system_Run                             0x08004ef0   Section        0  app_manager.o(i.system_Run)
    i.system_power_Control_key               0x08004f28   Section        0  app_manager.o(i.system_power_Control_key)
    i.system_show                            0x08004f54   Section        0  app_ui.o(i.system_show)
    i.system_show_Init                       0x08005018   Section        0  app_ui.o(i.system_show_Init)
    i.system_show_manual_auto                0x08005050   Section        0  app_ui.o(i.system_show_manual_auto)
    i.system_show_music                      0x080050d8   Section        0  app_ui.o(i.system_show_music)
    i.system_valiable_Init                   0x08005100   Section        0  app_common.o(i.system_valiable_Init)
    i.tft_ClearScreen                        0x0800512c   Section        0  tft_drv.o(i.tft_ClearScreen)
    i.tft_DisplayChar                        0x08005158   Section        0  tft_drv.o(i.tft_DisplayChar)
    i.tft_DisplayString                      0x080051c0   Section        0  tft_drv.o(i.tft_DisplayString)
    i.tft_DrawLine                           0x08005224   Section        0  tft_drv.o(i.tft_DrawLine)
    i.tft_DrawPixel                          0x080052aa   Section        0  tft_drv.o(i.tft_DrawPixel)
    i.tft_Init                               0x080052cc   Section        0  tft_drv.o(i.tft_Init)
    i.tft_PowerOff                           0x08005344   Section        0  tft_drv.o(i.tft_PowerOff)
    i.tft_PowerOn                            0x08005354   Section        0  tft_drv.o(i.tft_PowerOn)
    i.tft_SetAddrWindow                      0x08005364   Section        0  tft_drv.o(i.tft_SetAddrWindow)
    i.tft_WriteByte                          0x080053bc   Section        0  tft_drv.o(i.tft_WriteByte)
    i.tft_WriteCmd                           0x080053f8   Section        0  tft_drv.o(i.tft_WriteCmd)
    i.tft_WriteData_16Bit                    0x08005434   Section        0  tft_drv.o(i.tft_WriteData_16Bit)
    .constdata                               0x08005478   Section       16  system_stm32f1xx.o(.constdata)
    .constdata                               0x08005488   Section        8  system_stm32f1xx.o(.constdata)
    .constdata                               0x08005490   Section       24  app_common.o(.constdata)
    <Data1>                                  0x08005490   Data          24  app_common.o(.constdata)
    .constdata                               0x080054a8   Section      100  app_ui.o(.constdata)
    .constdata                               0x0800550c   Section       32  mic_drv.o(.constdata)
    goertzel_freq_list                       0x0800550c   Data          32  mic_drv.o(.constdata)
    .constdata                               0x0800552c   Section       48  rgb_drv.o(.constdata)
    rgb_color                                0x0800553e   Data          30  rgb_drv.o(.constdata)
    .constdata                               0x0800555c   Section      944  tft_fonts.o(.constdata)
    .constdata                               0x0800590c   Section       18  stm32f1xx_hal_rcc.o(.constdata)
    aPredivFactorTable                       0x0800590c   Data           2  stm32f1xx_hal_rcc.o(.constdata)
    aPLLMULFactorTable                       0x0800590e   Data          16  stm32f1xx_hal_rcc.o(.constdata)
    .constdata                               0x08005920   Section       32  rredf.o(.constdata)
    twooverpi                                0x08005920   Data          32  rredf.o(.constdata)
    .data                                    0x20000000   Section        4  system_stm32f1xx.o(.data)
    .data                                    0x20000004   Section        1  app_modes.o(.data)
    ls_error_count                           0x20000004   Data           1  app_modes.o(.data)
    .data                                    0x20000005   Section        1  app_ui.o(.data)
    mode_prev                                0x20000005   Data           1  app_ui.o(.data)
    .data                                    0x20000008   Section       24  asrpro_drv.o(.data)
    asr_rx                                   0x20000008   Data          24  asrpro_drv.o(.data)
    .data                                    0x20000020   Section      128  bt_drv.o(.data)
    bt_cmd                                   0x20000020   Data         128  bt_drv.o(.data)
    .data                                    0x200000a0   Section        3  key.o(.data)
    .data                                    0x200000a4   Section       12  stm32f1xx_hal.o(.data)
    .data                                    0x200000b0   Section        4  errno.o(.data)
    _errno                                   0x200000b0   Data           4  errno.o(.data)
    .bss                                     0x200000b4   Section      116  adc.o(.bss)
    .bss                                     0x20000128   Section       84  i2c.o(.bss)
    .bss                                     0x2000017c   Section       88  spi.o(.bss)
    .bss                                     0x200001d4   Section       72  tim.o(.bss)
    .bss                                     0x2000021c   Section      280  usart.o(.bss)
    .bss                                     0x20000334   Section       24  app_common.o(.bss)
    .bss                                     0x2000034c   Section       67  bt_drv.o(.bss)
    bt                                       0x2000034c   Data          67  bt_drv.o(.bss)
    .bss                                     0x20000390   Section     2100  mic_drv.o(.bss)
    mic                                      0x20000390   Data        2100  mic_drv.o(.bss)
    .bss                                     0x20000bc4   Section      124  rgb_drv.o(.bss)
    rgb                                      0x20000bc4   Data         124  rgb_drv.o(.bss)
    STACK                                    0x20000c40   Section     1024  startup_stm32f103xb.o(STACK)

    Global Symbols

    Symbol Name                              Value     Ov Type        Size  Object(Section)

    BuildAttributes$$THM_ISAv4$P$D$K$B$S$PE$A:L22UL41UL21$X:L11$S22US41US21$IEEE1$IW$USESV6$~STKCKD$USESV7$~SHL$OTIME$ROPI$IEEEX$EBA8$MICROLIB$REQ8$PRES8$EABIv2 0x00000000   Number         0  anon$$obj.o ABSOLUTE
    __ARM_use_no_argv                        0x00000000   Number         0  main.o ABSOLUTE
    _printf_a                                0x00000000   Number         0  stubs.o ABSOLUTE
    _printf_c                                0x00000000   Number         0  stubs.o ABSOLUTE
    _printf_charcount                        0x00000000   Number         0  stubs.o ABSOLUTE
    _printf_d                                0x00000000   Number         0  stubs.o ABSOLUTE
    _printf_e                                0x00000000   Number         0  stubs.o ABSOLUTE
    _printf_f                                0x00000000   Number         0  stubs.o ABSOLUTE
    _printf_flags                            0x00000000   Number         0  stubs.o ABSOLUTE
    _printf_fp_dec                           0x00000000   Number         0  stubs.o ABSOLUTE
    _printf_fp_hex                           0x00000000   Number         0  stubs.o ABSOLUTE
    _printf_g                                0x00000000   Number         0  stubs.o ABSOLUTE
    _printf_i                                0x00000000   Number         0  stubs.o ABSOLUTE
    _printf_int_dec                          0x00000000   Number         0  stubs.o ABSOLUTE
    _printf_l                                0x00000000   Number         0  stubs.o ABSOLUTE
    _printf_lc                               0x00000000   Number         0  stubs.o ABSOLUTE
    _printf_ll                               0x00000000   Number         0  stubs.o ABSOLUTE
    _printf_lld                              0x00000000   Number         0  stubs.o ABSOLUTE
    _printf_lli                              0x00000000   Number         0  stubs.o ABSOLUTE
    _printf_llo                              0x00000000   Number         0  stubs.o ABSOLUTE
    _printf_llu                              0x00000000   Number         0  stubs.o ABSOLUTE
    _printf_llx                              0x00000000   Number         0  stubs.o ABSOLUTE
    _printf_longlong_dec                     0x00000000   Number         0  stubs.o ABSOLUTE
    _printf_longlong_hex                     0x00000000   Number         0  stubs.o ABSOLUTE
    _printf_longlong_oct                     0x00000000   Number         0  stubs.o ABSOLUTE
    _printf_ls                               0x00000000   Number         0  stubs.o ABSOLUTE
    _printf_mbtowc                           0x00000000   Number         0  stubs.o ABSOLUTE
    _printf_n                                0x00000000   Number         0  stubs.o ABSOLUTE
    _printf_o                                0x00000000   Number         0  stubs.o ABSOLUTE
    _printf_p                                0x00000000   Number         0  stubs.o ABSOLUTE
    _printf_percent                          0x00000000   Number         0  stubs.o ABSOLUTE
    _printf_pre_padding                      0x00000000   Number         0  stubs.o ABSOLUTE
    _printf_return_value                     0x00000000   Number         0  stubs.o ABSOLUTE
    _printf_s                                0x00000000   Number         0  stubs.o ABSOLUTE
    _printf_sizespec                         0x00000000   Number         0  stubs.o ABSOLUTE
    _printf_str                              0x00000000   Number         0  stubs.o ABSOLUTE
    _printf_truncate_signed                  0x00000000   Number         0  stubs.o ABSOLUTE
    _printf_truncate_unsigned                0x00000000   Number         0  stubs.o ABSOLUTE
    _printf_u                                0x00000000   Number         0  stubs.o ABSOLUTE
    _printf_wc                               0x00000000   Number         0  stubs.o ABSOLUTE
    _printf_wctomb                           0x00000000   Number         0  stubs.o ABSOLUTE
    _printf_widthprec                        0x00000000   Number         0  stubs.o ABSOLUTE
    _printf_x                                0x00000000   Number         0  stubs.o ABSOLUTE
    __cpp_initialize__aeabi_                  - Undefined Weak Reference
    __cxa_finalize                            - Undefined Weak Reference
    __decompress                              - Undefined Weak Reference
    _clock_init                               - Undefined Weak Reference
    _microlib_exit                            - Undefined Weak Reference
    __Vectors_Size                           0x000000ec   Number         0  startup_stm32f103xb.o ABSOLUTE
    __Vectors                                0x08000000   Data           4  startup_stm32f103xb.o(RESET)
    __Vectors_End                            0x080000ec   Data           0  startup_stm32f103xb.o(RESET)
    __main                                   0x080000ed   Thumb Code     0  entry.o(.ARM.Collect$$$$00000000)
    _main_stk                                0x080000ed   Thumb Code     0  entry2.o(.ARM.Collect$$$$00000001)
    _main_scatterload                        0x080000f1   Thumb Code     0  entry5.o(.ARM.Collect$$$$00000004)
    __main_after_scatterload                 0x080000f5   Thumb Code     0  entry5.o(.ARM.Collect$$$$00000004)
    _main_clock                              0x080000f5   Thumb Code     0  entry7b.o(.ARM.Collect$$$$00000008)
    _main_cpp_init                           0x080000f5   Thumb Code     0  entry8b.o(.ARM.Collect$$$$0000000A)
    _main_init                               0x080000f5   Thumb Code     0  entry9a.o(.ARM.Collect$$$$0000000B)
    __rt_final_cpp                           0x080000fd   Thumb Code     0  entry10a.o(.ARM.Collect$$$$0000000D)
    __rt_final_exit                          0x080000fd   Thumb Code     0  entry11a.o(.ARM.Collect$$$$0000000F)
    Reset_Handler                            0x08000101   Thumb Code     8  startup_stm32f103xb.o(.text)
    ADC1_2_IRQHandler                        0x0800011b   Thumb Code     0  startup_stm32f103xb.o(.text)
    CAN1_RX1_IRQHandler                      0x0800011b   Thumb Code     0  startup_stm32f103xb.o(.text)
    CAN1_SCE_IRQHandler                      0x0800011b   Thumb Code     0  startup_stm32f103xb.o(.text)
    DMA1_Channel2_IRQHandler                 0x0800011b   Thumb Code     0  startup_stm32f103xb.o(.text)
    DMA1_Channel3_IRQHandler                 0x0800011b   Thumb Code     0  startup_stm32f103xb.o(.text)
    DMA1_Channel6_IRQHandler                 0x0800011b   Thumb Code     0  startup_stm32f103xb.o(.text)
    DMA1_Channel7_IRQHandler                 0x0800011b   Thumb Code     0  startup_stm32f103xb.o(.text)
    EXTI15_10_IRQHandler                     0x0800011b   Thumb Code     0  startup_stm32f103xb.o(.text)
    EXTI2_IRQHandler                         0x0800011b   Thumb Code     0  startup_stm32f103xb.o(.text)
    EXTI4_IRQHandler                         0x0800011b   Thumb Code     0  startup_stm32f103xb.o(.text)
    EXTI9_5_IRQHandler                       0x0800011b   Thumb Code     0  startup_stm32f103xb.o(.text)
    FLASH_IRQHandler                         0x0800011b   Thumb Code     0  startup_stm32f103xb.o(.text)
    I2C1_ER_IRQHandler                       0x0800011b   Thumb Code     0  startup_stm32f103xb.o(.text)
    I2C1_EV_IRQHandler                       0x0800011b   Thumb Code     0  startup_stm32f103xb.o(.text)
    I2C2_ER_IRQHandler                       0x0800011b   Thumb Code     0  startup_stm32f103xb.o(.text)
    I2C2_EV_IRQHandler                       0x0800011b   Thumb Code     0  startup_stm32f103xb.o(.text)
    PVD_IRQHandler                           0x0800011b   Thumb Code     0  startup_stm32f103xb.o(.text)
    RCC_IRQHandler                           0x0800011b   Thumb Code     0  startup_stm32f103xb.o(.text)
    RTC_Alarm_IRQHandler                     0x0800011b   Thumb Code     0  startup_stm32f103xb.o(.text)
    RTC_IRQHandler                           0x0800011b   Thumb Code     0  startup_stm32f103xb.o(.text)
    SPI1_IRQHandler                          0x0800011b   Thumb Code     0  startup_stm32f103xb.o(.text)
    SPI2_IRQHandler                          0x0800011b   Thumb Code     0  startup_stm32f103xb.o(.text)
    TAMPER_IRQHandler                        0x0800011b   Thumb Code     0  startup_stm32f103xb.o(.text)
    TIM1_BRK_IRQHandler                      0x0800011b   Thumb Code     0  startup_stm32f103xb.o(.text)
    TIM1_CC_IRQHandler                       0x0800011b   Thumb Code     0  startup_stm32f103xb.o(.text)
    TIM1_TRG_COM_IRQHandler                  0x0800011b   Thumb Code     0  startup_stm32f103xb.o(.text)
    TIM1_UP_IRQHandler                       0x0800011b   Thumb Code     0  startup_stm32f103xb.o(.text)
    TIM2_IRQHandler                          0x0800011b   Thumb Code     0  startup_stm32f103xb.o(.text)
    TIM3_IRQHandler                          0x0800011b   Thumb Code     0  startup_stm32f103xb.o(.text)
    TIM4_IRQHandler                          0x0800011b   Thumb Code     0  startup_stm32f103xb.o(.text)
    USART3_IRQHandler                        0x0800011b   Thumb Code     0  startup_stm32f103xb.o(.text)
    USBWakeUp_IRQHandler                     0x0800011b   Thumb Code     0  startup_stm32f103xb.o(.text)
    USB_HP_CAN1_TX_IRQHandler                0x0800011b   Thumb Code     0  startup_stm32f103xb.o(.text)
    USB_LP_CAN1_RX0_IRQHandler               0x0800011b   Thumb Code     0  startup_stm32f103xb.o(.text)
    WWDG_IRQHandler                          0x0800011b   Thumb Code     0  startup_stm32f103xb.o(.text)
    __aeabi_llsr                             0x08000125   Thumb Code    32  llushr.o(.text)
    _ll_ushift_r                             0x08000125   Thumb Code     0  llushr.o(.text)
    __aeabi_memcpy                           0x08000145   Thumb Code    36  memcpya.o(.text)
    __aeabi_memcpy4                          0x08000145   Thumb Code     0  memcpya.o(.text)
    __aeabi_memcpy8                          0x08000145   Thumb Code     0  memcpya.o(.text)
    __aeabi_memset                           0x08000169   Thumb Code    14  memseta.o(.text)
    __aeabi_memset4                          0x08000169   Thumb Code     0  memseta.o(.text)
    __aeabi_memset8                          0x08000169   Thumb Code     0  memseta.o(.text)
    __aeabi_memclr                           0x08000177   Thumb Code     4  memseta.o(.text)
    __aeabi_memclr4                          0x08000177   Thumb Code     0  memseta.o(.text)
    __aeabi_memclr8                          0x08000177   Thumb Code     0  memseta.o(.text)
    _memset$wrapper                          0x0800017b   Thumb Code    18  memseta.o(.text)
    strlen                                   0x0800018d   Thumb Code    14  strlen.o(.text)
    strncmp                                  0x0800019b   Thumb Code    30  strncmp.o(.text)
    __aeabi_fadd                             0x080001b9   Thumb Code   164  fadd.o(.text)
    __aeabi_fsub                             0x0800025d   Thumb Code     6  fadd.o(.text)
    __aeabi_frsub                            0x08000263   Thumb Code     6  fadd.o(.text)
    __aeabi_fmul                             0x08000269   Thumb Code   100  fmul.o(.text)
    __aeabi_fdiv                             0x080002cd   Thumb Code   124  fdiv.o(.text)
    __ARM_scalbnf                            0x08000349   Thumb Code    24  fscalb.o(.text)
    scalbnf                                  0x08000349   Thumb Code     0  fscalb.o(.text)
    __aeabi_dmul                             0x08000361   Thumb Code   228  dmul.o(.text)
    __aeabi_ui2f                             0x08000445   Thumb Code    10  ffltui.o(.text)
    __aeabi_f2uiz                            0x0800044f   Thumb Code    40  ffixui.o(.text)
    __aeabi_f2d                              0x08000477   Thumb Code    38  f2d.o(.text)
    __aeabi_d2f                              0x0800049d   Thumb Code    56  d2f.o(.text)
    __aeabi_uidiv                            0x080004d5   Thumb Code     0  uidiv.o(.text)
    __aeabi_uidivmod                         0x080004d5   Thumb Code    44  uidiv.o(.text)
    __aeabi_llsl                             0x08000501   Thumb Code    30  llshl.o(.text)
    _ll_shift_l                              0x08000501   Thumb Code     0  llshl.o(.text)
    __I$use$fp                               0x0800051f   Thumb Code     0  iusefp.o(.text)
    _float_round                             0x0800051f   Thumb Code    18  fepilogue.o(.text)
    _float_epilogue                          0x08000531   Thumb Code    92  fepilogue.o(.text)
    _frnd                                    0x0800058d   Thumb Code    60  frnd.o(.text)
    _double_round                            0x080005c9   Thumb Code    30  depilogue.o(.text)
    _double_epilogue                         0x080005e7   Thumb Code   156  depilogue.o(.text)
    _dsqrt                                   0x08000683   Thumb Code   162  dsqrt.o(.text)
    __aeabi_f2iz                             0x08000725   Thumb Code    50  ffixi.o(.text)
    __scatterload                            0x08000759   Thumb Code    28  init.o(.text)
    __scatterload_rt2                        0x08000759   Thumb Code     0  init.o(.text)
    __aeabi_i2f                              0x0800077d   Thumb Code    18  fflti.o(.text)
    ADC_ConversionStop_Disable               0x0800078f   Thumb Code    84  stm32f1xx_hal_adc.o(i.ADC_ConversionStop_Disable)
    ADC_DMAConvCplt                          0x080007e3   Thumb Code    78  stm32f1xx_hal_adc.o(i.ADC_DMAConvCplt)
    ADC_DMAError                             0x08000831   Thumb Code    26  stm32f1xx_hal_adc.o(i.ADC_DMAError)
    ADC_DMAHalfConvCplt                      0x0800084b   Thumb Code    10  stm32f1xx_hal_adc.o(i.ADC_DMAHalfConvCplt)
    ADC_Enable                               0x08000855   Thumb Code   118  stm32f1xx_hal_adc.o(i.ADC_Enable)
    BT_ClearBuf                              0x080008d5   Thumb Code    26  bt_drv.o(i.BT_ClearBuf)
    BT_DataProcess                           0x080008f5   Thumb Code   120  bt_drv.o(i.BT_DataProcess)
    BT_GetCmd                                0x080009bd   Thumb Code    40  bt_drv.o(i.BT_GetCmd)
    BT_Init                                  0x080009e9   Thumb Code   250  bt_drv.o(i.BT_Init)
    BT_WriteBytes                            0x08000b5d   Thumb Code    20  bt_drv.o(i.BT_WriteBytes)
    BT_isReceive                             0x08000b75   Thumb Code    10  bt_drv.o(i.BT_isReceive)
    BusFault_Handler                         0x08000b85   Thumb Code     2  stm32f1xx_it.o(i.BusFault_Handler)
    DMA1_Channel1_IRQHandler                 0x08000b89   Thumb Code     6  stm32f1xx_it.o(i.DMA1_Channel1_IRQHandler)
    DMA1_Channel4_IRQHandler                 0x08000b95   Thumb Code     6  stm32f1xx_it.o(i.DMA1_Channel4_IRQHandler)
    DMA1_Channel5_IRQHandler                 0x08000ba1   Thumb Code     6  stm32f1xx_it.o(i.DMA1_Channel5_IRQHandler)
    DebugMon_Handler                         0x08000bd9   Thumb Code     2  stm32f1xx_it.o(i.DebugMon_Handler)
    EXTI0_IRQHandler                         0x08000bdb   Thumb Code     6  stm32f1xx_it.o(i.EXTI0_IRQHandler)
    EXTI1_IRQHandler                         0x08000be1   Thumb Code     6  stm32f1xx_it.o(i.EXTI1_IRQHandler)
    EXTI3_IRQHandler                         0x08000be7   Thumb Code     6  stm32f1xx_it.o(i.EXTI3_IRQHandler)
    Error_Handler                            0x08000bed   Thumb Code     4  main.o(i.Error_Handler)
    HAL_ADC_ConfigChannel                    0x08000bf1   Thumb Code   250  stm32f1xx_hal_adc.o(i.HAL_ADC_ConfigChannel)
    HAL_ADC_ConvCpltCallback                 0x08000cf9   Thumb Code     2  stm32f1xx_hal_adc.o(i.HAL_ADC_ConvCpltCallback)
    HAL_ADC_ConvHalfCpltCallback             0x08000cfb   Thumb Code     2  stm32f1xx_hal_adc.o(i.HAL_ADC_ConvHalfCpltCallback)
    HAL_ADC_ErrorCallback                    0x08000cfd   Thumb Code     2  stm32f1xx_hal_adc.o(i.HAL_ADC_ErrorCallback)
    HAL_ADC_Init                             0x08000d01   Thumb Code   274  stm32f1xx_hal_adc.o(i.HAL_ADC_Init)
    HAL_ADC_MspInit                          0x08000e1d   Thumb Code   124  adc.o(i.HAL_ADC_MspInit)
    HAL_ADC_Start_DMA                        0x08000ead   Thumb Code   268  stm32f1xx_hal_adc.o(i.HAL_ADC_Start_DMA)
    HAL_ADC_Stop_DMA                         0x08000fcd   Thumb Code    90  stm32f1xx_hal_adc.o(i.HAL_ADC_Stop_DMA)
    HAL_DMA_Abort                            0x08001027   Thumb Code    70  stm32f1xx_hal_dma.o(i.HAL_DMA_Abort)
    HAL_DMA_Abort_IT                         0x0800106d   Thumb Code   148  stm32f1xx_hal_dma.o(i.HAL_DMA_Abort_IT)
    HAL_DMA_IRQHandler                       0x08001105   Thumb Code   336  stm32f1xx_hal_dma.o(i.HAL_DMA_IRQHandler)
    HAL_DMA_Init                             0x0800126d   Thumb Code    90  stm32f1xx_hal_dma.o(i.HAL_DMA_Init)
    HAL_DMA_Start_IT                         0x080012d1   Thumb Code   116  stm32f1xx_hal_dma.o(i.HAL_DMA_Start_IT)
    HAL_Delay                                0x08001345   Thumb Code    32  stm32f1xx_hal.o(i.HAL_Delay)
    HAL_GPIO_EXTI_Callback                   0x08001369   Thumb Code    34  key.o(i.HAL_GPIO_EXTI_Callback)
    HAL_GPIO_EXTI_IRQHandler                 0x08001391   Thumb Code    18  stm32f1xx_hal_gpio.o(i.HAL_GPIO_EXTI_IRQHandler)
    HAL_GPIO_Init                            0x080013a9   Thumb Code   464  stm32f1xx_hal_gpio.o(i.HAL_GPIO_Init)
    HAL_GPIO_WritePin                        0x08001599   Thumb Code    14  stm32f1xx_hal_gpio.o(i.HAL_GPIO_WritePin)
    HAL_GetTick                              0x080015a9   Thumb Code     6  stm32f1xx_hal.o(i.HAL_GetTick)
    HAL_I2C_Init                             0x080015b5   Thumb Code   392  stm32f1xx_hal_i2c.o(i.HAL_I2C_Init)
    HAL_I2C_Master_Receive                   0x0800174d   Thumb Code   720  stm32f1xx_hal_i2c.o(i.HAL_I2C_Master_Receive)
    HAL_I2C_Master_Transmit                  0x08001a2d   Thumb Code   318  stm32f1xx_hal_i2c.o(i.HAL_I2C_Master_Transmit)
    HAL_I2C_MspInit                          0x08001b75   Thumb Code    80  i2c.o(i.HAL_I2C_MspInit)
    HAL_IncTick                              0x08001bd1   Thumb Code    12  stm32f1xx_hal.o(i.HAL_IncTick)
    HAL_Init                                 0x08001be1   Thumb Code    32  stm32f1xx_hal.o(i.HAL_Init)
    HAL_InitTick                             0x08001c05   Thumb Code    58  stm32f1xx_hal.o(i.HAL_InitTick)
    HAL_MspInit                              0x08001c49   Thumb Code    52  stm32f1xx_hal_msp.o(i.HAL_MspInit)
    HAL_NVIC_EnableIRQ                       0x08001c85   Thumb Code    26  stm32f1xx_hal_cortex.o(i.HAL_NVIC_EnableIRQ)
    HAL_NVIC_SetPriority                     0x08001ca1   Thumb Code    60  stm32f1xx_hal_cortex.o(i.HAL_NVIC_SetPriority)
    HAL_NVIC_SetPriorityGrouping             0x08001ce1   Thumb Code    26  stm32f1xx_hal_cortex.o(i.HAL_NVIC_SetPriorityGrouping)
    HAL_RCCEx_PeriphCLKConfig                0x08001d05   Thumb Code   256  stm32f1xx_hal_rcc_ex.o(i.HAL_RCCEx_PeriphCLKConfig)
    HAL_RCC_ClockConfig                      0x08001e11   Thumb Code   318  stm32f1xx_hal_rcc.o(i.HAL_RCC_ClockConfig)
    HAL_RCC_GetHCLKFreq                      0x08001f65   Thumb Code     6  stm32f1xx_hal_rcc.o(i.HAL_RCC_GetHCLKFreq)
    HAL_RCC_GetPCLK1Freq                     0x08001f71   Thumb Code    22  stm32f1xx_hal_rcc.o(i.HAL_RCC_GetPCLK1Freq)
    HAL_RCC_GetPCLK2Freq                     0x08001f91   Thumb Code    22  stm32f1xx_hal_rcc.o(i.HAL_RCC_GetPCLK2Freq)
    HAL_RCC_GetSysClockFreq                  0x08001fb1   Thumb Code    58  stm32f1xx_hal_rcc.o(i.HAL_RCC_GetSysClockFreq)
    HAL_RCC_OscConfig                        0x08001ffd   Thumb Code   882  stm32f1xx_hal_rcc.o(i.HAL_RCC_OscConfig)
    HAL_SPI_Init                             0x08002381   Thumb Code   180  stm32f1xx_hal_spi.o(i.HAL_SPI_Init)
    HAL_SPI_MspInit                          0x08002435   Thumb Code    98  spi.o(i.HAL_SPI_MspInit)
    HAL_SPI_Transmit                         0x080024a5   Thumb Code   402  stm32f1xx_hal_spi.o(i.HAL_SPI_Transmit)
    HAL_SYSTICK_Config                       0x08002637   Thumb Code    40  stm32f1xx_hal_cortex.o(i.HAL_SYSTICK_Config)
    HAL_TIMEx_MasterConfigSynchronization    0x08002661   Thumb Code    90  stm32f1xx_hal_tim_ex.o(i.HAL_TIMEx_MasterConfigSynchronization)
    HAL_TIM_Base_Init                        0x080026c9   Thumb Code    74  stm32f1xx_hal_tim.o(i.HAL_TIM_Base_Init)
    HAL_TIM_Base_MspInit                     0x08002715   Thumb Code    30  tim.o(i.HAL_TIM_Base_MspInit)
    HAL_TIM_Base_Start                       0x0800273d   Thumb Code    76  stm32f1xx_hal_tim.o(i.HAL_TIM_Base_Start)
    HAL_TIM_Base_Stop                        0x08002795   Thumb Code    38  stm32f1xx_hal_tim.o(i.HAL_TIM_Base_Stop)
    HAL_TIM_ConfigClockSource                0x080027bb   Thumb Code   232  stm32f1xx_hal_tim.o(i.HAL_TIM_ConfigClockSource)
    HAL_UARTEx_ReceiveToIdle_DMA             0x080028a3   Thumb Code    82  stm32f1xx_hal_uart.o(i.HAL_UARTEx_ReceiveToIdle_DMA)
    HAL_UARTEx_RxEventCallback               0x080028f5   Thumb Code    44  bt_drv.o(i.HAL_UARTEx_RxEventCallback)
    HAL_UART_DMAStop                         0x08002929   Thumb Code   112  stm32f1xx_hal_uart.o(i.HAL_UART_DMAStop)
    HAL_UART_ErrorCallback                   0x08002999   Thumb Code     2  stm32f1xx_hal_uart.o(i.HAL_UART_ErrorCallback)
    HAL_UART_IRQHandler                      0x0800299d   Thumb Code   556  stm32f1xx_hal_uart.o(i.HAL_UART_IRQHandler)
    HAL_UART_Init                            0x08002bcd   Thumb Code   102  stm32f1xx_hal_uart.o(i.HAL_UART_Init)
    HAL_UART_MspInit                         0x08002c35   Thumb Code   290  usart.o(i.HAL_UART_MspInit)
    HAL_UART_Receive_IT                      0x08002d71   Thumb Code    28  stm32f1xx_hal_uart.o(i.HAL_UART_Receive_IT)
    HAL_UART_RxCpltCallback                  0x08002d8d   Thumb Code    80  asrpro_drv.o(i.HAL_UART_RxCpltCallback)
    HAL_UART_RxHalfCpltCallback              0x08002de5   Thumb Code     2  stm32f1xx_hal_uart.o(i.HAL_UART_RxHalfCpltCallback)
    HAL_UART_Transmit_DMA                    0x08002de9   Thumb Code   112  stm32f1xx_hal_uart.o(i.HAL_UART_Transmit_DMA)
    HAL_UART_TxCpltCallback                  0x08002e65   Thumb Code     2  stm32f1xx_hal_uart.o(i.HAL_UART_TxCpltCallback)
    HAL_UART_TxHalfCpltCallback              0x08002e67   Thumb Code     2  stm32f1xx_hal_uart.o(i.HAL_UART_TxHalfCpltCallback)
    HardFault_Handler                        0x08002e69   Thumb Code     2  stm32f1xx_it.o(i.HardFault_Handler)
    I2C_ReadRaw                              0x0800305d   Thumb Code    32  i2c_drv.o(i.I2C_ReadRaw)
    I2C_WriteRaw                             0x08003317   Thumb Code    32  i2c_drv.o(i.I2C_WriteRaw)
    MX_ADC1_Init                             0x08003339   Thumb Code    70  adc.o(i.MX_ADC1_Init)
    MX_DMA_Init                              0x08003389   Thumb Code    72  dma.o(i.MX_DMA_Init)
    MX_GPIO_Init                             0x080033d5   Thumb Code   252  gpio.o(i.MX_GPIO_Init)
    MX_I2C1_Init                             0x080034e1   Thumb Code    50  i2c.o(i.MX_I2C1_Init)
    MX_SPI1_Init                             0x08003521   Thumb Code    62  spi.o(i.MX_SPI1_Init)
    MX_TIM3_Init                             0x08003569   Thumb Code    98  tim.o(i.MX_TIM3_Init)
    MX_USART1_UART_Init                      0x080035d5   Thumb Code    48  usart.o(i.MX_USART1_UART_Init)
    MX_USART2_UART_Init                      0x0800360d   Thumb Code    48  usart.o(i.MX_USART2_UART_Init)
    MemManage_Handler                        0x08003645   Thumb Code     2  stm32f1xx_it.o(i.MemManage_Handler)
    NMI_Handler                              0x08003647   Thumb Code     2  stm32f1xx_it.o(i.NMI_Handler)
    PendSV_Handler                           0x08003649   Thumb Code     2  stm32f1xx_it.o(i.PendSV_Handler)
    SPI_WriteByte                            0x08003771   Thumb Code    14  spi_drv.o(i.SPI_WriteByte)
    SPI_WriteBytes                           0x0800377f   Thumb Code    18  spi_drv.o(i.SPI_WriteBytes)
    SVC_Handler                              0x08003791   Thumb Code     2  stm32f1xx_it.o(i.SVC_Handler)
    SysTick_Handler                          0x08003793   Thumb Code     4  stm32f1xx_it.o(i.SysTick_Handler)
    Sys_Control_By_BTorASR                   0x08003799   Thumb Code   106  app_algorithm.o(i.Sys_Control_By_BTorASR)
    SystemClock_Config                       0x08003809   Thumb Code   122  main.o(i.SystemClock_Config)
    SystemInit                               0x08003883   Thumb Code     2  system_stm32f1xx.o(i.SystemInit)
    TIM_Base_SetConfig                       0x08003885   Thumb Code   108  stm32f1xx_hal_tim.o(i.TIM_Base_SetConfig)
    TIM_ETR_SetConfig                        0x080038fd   Thumb Code    20  stm32f1xx_hal_tim.o(i.TIM_ETR_SetConfig)
    UART_Start_Receive_DMA                   0x08003cb5   Thumb Code   134  stm32f1xx_hal_uart.o(i.UART_Start_Receive_DMA)
    UART_Start_Receive_IT                    0x08003d49   Thumb Code    56  stm32f1xx_hal_uart.o(i.UART_Start_Receive_IT)
    USART1_IRQHandler                        0x08003de1   Thumb Code     6  stm32f1xx_it.o(i.USART1_IRQHandler)
    USART2_IRQHandler                        0x08003ded   Thumb Code     6  stm32f1xx_it.o(i.USART2_IRQHandler)
    UsageFault_Handler                       0x08003df9   Thumb Code     2  stm32f1xx_it.o(i.UsageFault_Handler)
    __0sprintf$3                             0x08003dfd   Thumb Code    34  printf3.o(i.__0sprintf$3)
    __1sprintf$3                             0x08003dfd   Thumb Code     0  printf3.o(i.__0sprintf$3)
    __2sprintf                               0x08003dfd   Thumb Code     0  printf3.o(i.__0sprintf$3)
    __mathlib_flt_infnan                     0x08003e45   Thumb Code     6  funder.o(i.__mathlib_flt_infnan)
    __mathlib_flt_invalid                    0x08003e4b   Thumb Code     8  funder.o(i.__mathlib_flt_invalid)
    __mathlib_rredf2                         0x08003e55   Thumb Code   344  rredf.o(i.__mathlib_rredf2)
    __scatterload_copy                       0x08003fbd   Thumb Code    14  handlers.o(i.__scatterload_copy)
    __scatterload_null                       0x08003fcb   Thumb Code     2  handlers.o(i.__scatterload_null)
    __scatterload_zeroinit                   0x08003fcd   Thumb Code    14  handlers.o(i.__scatterload_zeroinit)
    __set_errno                              0x08003fdd   Thumb Code     6  errno.o(i.__set_errno)
    asrpro_CheckCmdValid                     0x080041ad   Thumb Code    46  asrpro_drv.o(i.asrpro_CheckCmdValid)
    asrpro_ClearBuffer                       0x080041e1   Thumb Code    30  asrpro_drv.o(i.asrpro_ClearBuffer)
    asrpro_ErroeHandler                      0x08004205   Thumb Code    26  asrpro_drv.o(i.asrpro_ErroeHandler)
    asrpro_GetCmd                            0x08004225   Thumb Code    44  asrpro_drv.o(i.asrpro_GetCmd)
    asrpro_Init                              0x08004255   Thumb Code    20  asrpro_drv.o(i.asrpro_Init)
    asrpro_Reset                             0x08004271   Thumb Code    46  asrpro_drv.o(i.asrpro_Reset)
    buzzer_Init                              0x080042a5   Thumb Code    10  buzzer_drv.o(i.buzzer_Init)
    buzzer_work                              0x080042b5   Thumb Code    36  buzzer_drv.o(i.buzzer_work)
    cosf                                     0x080042dd   Thumb Code   328  cosf.o(i.cosf)
    delay_us                                 0x08004459   Thumb Code    20  dwt.o(i.delay_us)
    drv_layer_Init                           0x08004471   Thumb Code    14  drv_layer.o(i.drv_layer_Init)
    key_Read                                 0x08004481   Thumb Code    66  key.o(i.key_Read)
    led_Init                                 0x080044c9   Thumb Code    30  led.o(i.led_Init)
    led_work                                 0x080044ed   Thumb Code    58  led.o(i.led_work)
    ls_ChangeModeByLus                       0x0800452d   Thumb Code    58  light_sensor_drv.o(i.ls_ChangeModeByLus)
    ls_Init                                  0x08004571   Thumb Code    34  light_sensor_drv.o(i.ls_Init)
    ls_MeasureLight                          0x08004595   Thumb Code   108  light_sensor_drv.o(i.ls_MeasureLight)
    ls_PowerOff                              0x08004605   Thumb Code     6  light_sensor_drv.o(i.ls_PowerOff)
    ls_PowerOn                               0x0800460b   Thumb Code    42  light_sensor_drv.o(i.ls_PowerOn)
    ls_Readdata                              0x08004635   Thumb Code    12  light_sensor_drv.o(i.ls_Readdata)
    ls_Reset                                 0x08004645   Thumb Code    18  light_sensor_drv.o(i.ls_Reset)
    ls_SetMode                               0x08004657   Thumb Code    50  light_sensor_drv.o(i.ls_SetMode)
    ls_WriteByte                             0x08004689   Thumb Code    16  light_sensor_drv.o(i.ls_WriteByte)
    main                                     0x0800469d   Thumb Code    54  main.o(i.main)
    mic_Calibrate                            0x080046d5   Thumb Code    78  mic_drv.o(i.mic_Calibrate)
    mic_ClearBuf                             0x0800472d   Thumb Code    48  mic_drv.o(i.mic_ClearBuf)
    mic_GetFreq                              0x08004769   Thumb Code    14  mic_drv.o(i.mic_GetFreq)
    mic_GetMaxfreq                           0x0800477d   Thumb Code     8  mic_drv.o(i.mic_GetMaxfreq)
    mic_Init                                 0x08004789   Thumb Code    14  mic_drv.o(i.mic_Init)
    mic_PowerOff                             0x08004799   Thumb Code    18  mic_drv.o(i.mic_PowerOff)
    mic_PowerOn                              0x080047b5   Thumb Code    42  mic_drv.o(i.mic_PowerOn)
    mic_Run                                  0x080047ed   Thumb Code    24  mic_drv.o(i.mic_Run)
    mic_dma_buf_to_float                     0x08004805   Thumb Code    36  mic_drv.o(i.mic_dma_buf_to_float)
    mic_goertzel                             0x0800482d   Thumb Code    50  mic_drv.o(i.mic_goertzel)
    mic_isCalibrate                          0x08004869   Thumb Code     8  mic_drv.o(i.mic_isCalibrate)
    mic_loudness_mapto_brightness            0x08004875   Thumb Code    76  mic_drv.o(i.mic_loudness_mapto_brightness)
    module_Init                              0x080048c5   Thumb Code    34  module_layer.o(i.module_Init)
    remap_lux_to_brightness                  0x080048e9   Thumb Code    86  app_algorithm.o(i.remap_lux_to_brightness)
    rgb_ClearBuffer                          0x0800494d   Thumb Code    20  rgb_drv.o(i.rgb_ClearBuffer)
    rgb_Display                              0x08004965   Thumb Code    38  rgb_drv.o(i.rgb_Display)
    rgb_Init                                 0x08004991   Thumb Code    26  rgb_drv.o(i.rgb_Init)
    rgb_MapFreqToRGBValue                    0x080049b1   Thumb Code   132  rgb_drv.o(i.rgb_MapFreqToRGBValue)
    rgb_PowerOff                             0x08004a45   Thumb Code    36  rgb_drv.o(i.rgb_PowerOff)
    rgb_PowerOn                              0x08004a69   Thumb Code    22  rgb_drv.o(i.rgb_PowerOn)
    rgb_RunInMusic                           0x08004a7f   Thumb Code    34  rgb_drv.o(i.rgb_RunInMusic)
    rgb_SetAllLed                            0x08004aa1   Thumb Code    34  rgb_drv.o(i.rgb_SetAllLed)
    rgb_SetBrightness                        0x08004ac9   Thumb Code    12  rgb_drv.o(i.rgb_SetBrightness)
    rgb_SetBrightnessOff                     0x08004ad9   Thumb Code    34  rgb_drv.o(i.rgb_SetBrightnessOff)
    rgb_SetBrightnessOn                      0x08004b01   Thumb Code    34  rgb_drv.o(i.rgb_SetBrightnessOn)
    rgb_SetBrightness_Circle                 0x08004b29   Thumb Code    46  rgb_drv.o(i.rgb_SetBrightness_Circle)
    rgb_SetColor                             0x08004b5d   Thumb Code    10  rgb_drv.o(i.rgb_SetColor)
    rgb_SetColor_Circle                      0x08004b6d   Thumb Code    34  rgb_drv.o(i.rgb_SetColor_Circle)
    rgb_SetSingleLed                         0x08004b95   Thumb Code    62  rgb_drv.o(i.rgb_SetSingleLed)
    rgb_Update                               0x08004bdd   Thumb Code    48  rgb_drv.o(i.rgb_Update)
    rgb_WriteBit                             0x08004c11   Thumb Code    84  rgb_drv.o(i.rgb_WriteBit)
    rgb_WriteByte                            0x08004c69   Thumb Code    36  rgb_drv.o(i.rgb_WriteByte)
    rgb_brightness_filter                    0x08004c8d   Thumb Code   114  rgb_drv.o(i.rgb_brightness_filter)
    sqrt                                     0x08004d15   Thumb Code    76  sqrt.o(i.sqrt)
    sys_mode_Auto                            0x08004d61   Thumb Code    70  app_modes.o(i.sys_mode_Auto)
    sys_mode_Auto_Init                       0x08004db1   Thumb Code    28  app_modes.o(i.sys_mode_Auto_Init)
    sys_mode_Manual                          0x08004dd1   Thumb Code    42  app_modes.o(i.sys_mode_Manual)
    sys_mode_Manual_Init                     0x08004e01   Thumb Code    28  app_modes.o(i.sys_mode_Manual_Init)
    sys_mode_Music                           0x08004e21   Thumb Code    14  app_modes.o(i.sys_mode_Music)
    sys_mode_Music_Init                      0x08004e31   Thumb Code    28  app_modes.o(i.sys_mode_Music_Init)
    system_Control                           0x08004e51   Thumb Code    54  app_manager.o(i.system_Control)
    system_Init                              0x08004e8d   Thumb Code    14  app_manager.o(i.system_Init)
    system_PowerOff                          0x08004e9d   Thumb Code    34  app_manager.o(i.system_PowerOff)
    system_PowerOn                           0x08004ec5   Thumb Code    38  app_manager.o(i.system_PowerOn)
    system_Run                               0x08004ef1   Thumb Code    50  app_manager.o(i.system_Run)
    system_power_Control_key                 0x08004f29   Thumb Code    38  app_manager.o(i.system_power_Control_key)
    system_show                              0x08004f55   Thumb Code   144  app_ui.o(i.system_show)
    system_show_Init                         0x08005019   Thumb Code    38  app_ui.o(i.system_show_Init)
    system_show_manual_auto                  0x08005051   Thumb Code    94  app_ui.o(i.system_show_manual_auto)
    system_show_music                        0x080050d9   Thumb Code    22  app_ui.o(i.system_show_music)
    system_valiable_Init                     0x08005101   Thumb Code    36  app_common.o(i.system_valiable_Init)
    tft_ClearScreen                          0x0800512d   Thumb Code    44  tft_drv.o(i.tft_ClearScreen)
    tft_DisplayChar                          0x08005159   Thumb Code    98  tft_drv.o(i.tft_DisplayChar)
    tft_DisplayString                        0x080051c1   Thumb Code   100  tft_drv.o(i.tft_DisplayString)
    tft_DrawLine                             0x08005225   Thumb Code   134  tft_drv.o(i.tft_DrawLine)
    tft_DrawPixel                            0x080052ab   Thumb Code    32  tft_drv.o(i.tft_DrawPixel)
    tft_Init                                 0x080052cd   Thumb Code   114  tft_drv.o(i.tft_Init)
    tft_PowerOff                             0x08005345   Thumb Code    12  tft_drv.o(i.tft_PowerOff)
    tft_PowerOn                              0x08005355   Thumb Code    10  tft_drv.o(i.tft_PowerOn)
    tft_SetAddrWindow                        0x08005365   Thumb Code    86  tft_drv.o(i.tft_SetAddrWindow)
    tft_WriteByte                            0x080053bd   Thumb Code    50  tft_drv.o(i.tft_WriteByte)
    tft_WriteCmd                             0x080053f9   Thumb Code    52  tft_drv.o(i.tft_WriteCmd)
    tft_WriteData_16Bit                      0x08005435   Thumb Code    58  tft_drv.o(i.tft_WriteData_16Bit)
    AHBPrescTable                            0x08005478   Data          16  system_stm32f1xx.o(.constdata)
    APBPrescTable                            0x08005488   Data           8  system_stm32f1xx.o(.constdata)
    LOW_MIN_COLOR                            0x0800552c   Data           3  rgb_drv.o(.constdata)
    LOW_MAX_COLOR                            0x0800552f   Data           3  rgb_drv.o(.constdata)
    MID_MIN_COLOR                            0x08005532   Data           3  rgb_drv.o(.constdata)
    MID_MAX_COLOR                            0x08005535   Data           3  rgb_drv.o(.constdata)
    HIGH_MIN_COLOR                           0x08005538   Data           3  rgb_drv.o(.constdata)
    HIGH_MAX_COLOR                           0x0800553b   Data           3  rgb_drv.o(.constdata)
    ASCII_Font8x16                           0x0800555c   Data         944  tft_fonts.o(.constdata)
    Region$$Table$$Base                      0x08005940   Number         0  anon$$obj.o(Region$$Table)
    Region$$Table$$Limit                     0x08005960   Number         0  anon$$obj.o(Region$$Table)
    SystemCoreClock                          0x20000000   Data           4  system_stm32f1xx.o(.data)
    key                                      0x200000a0   Data           3  key.o(.data)
    uwTickFreq                               0x200000a4   Data           1  stm32f1xx_hal.o(.data)
    uwTickPrio                               0x200000a8   Data           4  stm32f1xx_hal.o(.data)
    uwTick                                   0x200000ac   Data           4  stm32f1xx_hal.o(.data)
    hadc1                                    0x200000b4   Data          48  adc.o(.bss)
    hdma_adc1                                0x200000e4   Data          68  adc.o(.bss)
    hi2c1                                    0x20000128   Data          84  i2c.o(.bss)
    hspi1                                    0x2000017c   Data          88  spi.o(.bss)
    htim3                                    0x200001d4   Data          72  tim.o(.bss)
    huart1                                   0x2000021c   Data          72  usart.o(.bss)
    huart2                                   0x20000264   Data          72  usart.o(.bss)
    hdma_usart1_rx                           0x200002ac   Data          68  usart.o(.bss)
    hdma_usart1_tx                           0x200002f0   Data          68  usart.o(.bss)
    system                                   0x20000334   Data          24  app_common.o(.bss)
    __initial_sp                             0x20001040   Data           0  startup_stm32f103xb.o(STACK)



==============================================================================

Memory Map of the image

  Image Entry point : 0x080000ed

  Load Region LR_IROM1 (Base: 0x08000000, Size: 0x00005a14, Max: 0x00010000, ABSOLUTE)

    Execution Region ER_IROM1 (Exec base: 0x08000000, Load base: 0x08000000, Size: 0x00005960, Max: 0x00010000, ABSOLUTE)

    Exec Addr    Load Addr    Size         Type   Attr      Idx    E Section Name        Object

    0x08000000   0x08000000   0x000000ec   Data   RO            3    RESET               startup_stm32f103xb.o
    0x080000ec   0x080000ec   0x00000000   Code   RO         5392  * .ARM.Collect$$$$00000000  mc_w.l(entry.o)
    0x080000ec   0x080000ec   0x00000004   Code   RO         5707    .ARM.Collect$$$$00000001  mc_w.l(entry2.o)
    0x080000f0   0x080000f0   0x00000004   Code   RO         5710    .ARM.Collect$$$$00000004  mc_w.l(entry5.o)
    0x080000f4   0x080000f4   0x00000000   Code   RO         5712    .ARM.Collect$$$$00000008  mc_w.l(entry7b.o)
    0x080000f4   0x080000f4   0x00000000   Code   RO         5714    .ARM.Collect$$$$0000000A  mc_w.l(entry8b.o)
    0x080000f4   0x080000f4   0x00000008   Code   RO         5715    .ARM.Collect$$$$0000000B  mc_w.l(entry9a.o)
    0x080000fc   0x080000fc   0x00000000   Code   RO         5717    .ARM.Collect$$$$0000000D  mc_w.l(entry10a.o)
    0x080000fc   0x080000fc   0x00000000   Code   RO         5719    .ARM.Collect$$$$0000000F  mc_w.l(entry11a.o)
    0x080000fc   0x080000fc   0x00000004   Code   RO         5708    .ARM.Collect$$$$00002712  mc_w.l(entry2.o)
    0x08000100   0x08000100   0x00000024   Code   RO            4    .text               startup_stm32f103xb.o
    0x08000124   0x08000124   0x00000020   Code   RO         5395    .text               mc_w.l(llushr.o)
    0x08000144   0x08000144   0x00000024   Code   RO         5397    .text               mc_w.l(memcpya.o)
    0x08000168   0x08000168   0x00000024   Code   RO         5399    .text               mc_w.l(memseta.o)
    0x0800018c   0x0800018c   0x0000000e   Code   RO         5401    .text               mc_w.l(strlen.o)
    0x0800019a   0x0800019a   0x0000001e   Code   RO         5403    .text               mc_w.l(strncmp.o)
    0x080001b8   0x080001b8   0x000000b0   Code   RO         5668    .text               mf_w.l(fadd.o)
    0x08000268   0x08000268   0x00000064   Code   RO         5670    .text               mf_w.l(fmul.o)
    0x080002cc   0x080002cc   0x0000007c   Code   RO         5672    .text               mf_w.l(fdiv.o)
    0x08000348   0x08000348   0x00000018   Code   RO         5674    .text               mf_w.l(fscalb.o)
    0x08000360   0x08000360   0x000000e4   Code   RO         5678    .text               mf_w.l(dmul.o)
    0x08000444   0x08000444   0x0000000a   Code   RO         5680    .text               mf_w.l(ffltui.o)
    0x0800044e   0x0800044e   0x00000028   Code   RO         5682    .text               mf_w.l(ffixui.o)
    0x08000476   0x08000476   0x00000026   Code   RO         5684    .text               mf_w.l(f2d.o)
    0x0800049c   0x0800049c   0x00000038   Code   RO         5688    .text               mf_w.l(d2f.o)
    0x080004d4   0x080004d4   0x0000002c   Code   RO         5722    .text               mc_w.l(uidiv.o)
    0x08000500   0x08000500   0x0000001e   Code   RO         5726    .text               mc_w.l(llshl.o)
    0x0800051e   0x0800051e   0x00000000   Code   RO         5737    .text               mc_w.l(iusefp.o)
    0x0800051e   0x0800051e   0x0000006e   Code   RO         5738    .text               mf_w.l(fepilogue.o)
    0x0800058c   0x0800058c   0x0000003c   Code   RO         5740    .text               mf_w.l(frnd.o)
    0x080005c8   0x080005c8   0x000000ba   Code   RO         5742    .text               mf_w.l(depilogue.o)
    0x08000682   0x08000682   0x000000a2   Code   RO         5746    .text               mf_w.l(dsqrt.o)
    0x08000724   0x08000724   0x00000032   Code   RO         5748    .text               mf_w.l(ffixi.o)
    0x08000756   0x08000756   0x00000002   PAD
    0x08000758   0x08000758   0x00000024   Code   RO         5754    .text               mc_w.l(init.o)
    0x0800077c   0x0800077c   0x00000012   Code   RO         5756    .text               mf_w.l(fflti.o)
    0x0800078e   0x0800078e   0x00000054   Code   RO         1944    i.ADC_ConversionStop_Disable  stm32f1xx_hal_adc.o
    0x080007e2   0x080007e2   0x0000004e   Code   RO         1945    i.ADC_DMAConvCplt   stm32f1xx_hal_adc.o
    0x08000830   0x08000830   0x0000001a   Code   RO         1946    i.ADC_DMAError      stm32f1xx_hal_adc.o
    0x0800084a   0x0800084a   0x0000000a   Code   RO         1947    i.ADC_DMAHalfConvCplt  stm32f1xx_hal_adc.o
    0x08000854   0x08000854   0x00000080   Code   RO         1948    i.ADC_Enable        stm32f1xx_hal_adc.o
    0x080008d4   0x080008d4   0x00000020   Code   RO         1012    i.BT_ClearBuf       bt_drv.o
    0x080008f4   0x080008f4   0x000000c8   Code   RO         1013    i.BT_DataProcess    bt_drv.o
    0x080009bc   0x080009bc   0x0000002c   Code   RO         1014    i.BT_GetCmd         bt_drv.o
    0x080009e8   0x080009e8   0x00000174   Code   RO         1015    i.BT_Init           bt_drv.o
    0x08000b5c   0x08000b5c   0x00000018   Code   RO         1017    i.BT_WriteBytes     bt_drv.o
    0x08000b74   0x08000b74   0x00000010   Code   RO         1018    i.BT_isReceive      bt_drv.o
    0x08000b84   0x08000b84   0x00000002   Code   RO          518    i.BusFault_Handler  stm32f1xx_it.o
    0x08000b86   0x08000b86   0x00000002   PAD
    0x08000b88   0x08000b88   0x0000000c   Code   RO          519    i.DMA1_Channel1_IRQHandler  stm32f1xx_it.o
    0x08000b94   0x08000b94   0x0000000c   Code   RO          520    i.DMA1_Channel4_IRQHandler  stm32f1xx_it.o
    0x08000ba0   0x08000ba0   0x0000000c   Code   RO          521    i.DMA1_Channel5_IRQHandler  stm32f1xx_it.o
    0x08000bac   0x08000bac   0x0000002c   Code   RO         2605    i.DMA_SetConfig     stm32f1xx_hal_dma.o
    0x08000bd8   0x08000bd8   0x00000002   Code   RO          522    i.DebugMon_Handler  stm32f1xx_it.o
    0x08000bda   0x08000bda   0x00000006   Code   RO          523    i.EXTI0_IRQHandler  stm32f1xx_it.o
    0x08000be0   0x08000be0   0x00000006   Code   RO          524    i.EXTI1_IRQHandler  stm32f1xx_it.o
    0x08000be6   0x08000be6   0x00000006   Code   RO          525    i.EXTI3_IRQHandler  stm32f1xx_it.o
    0x08000bec   0x08000bec   0x00000004   Code   RO           13    i.Error_Handler     main.o
    0x08000bf0   0x08000bf0   0x00000108   Code   RO         1950    i.HAL_ADC_ConfigChannel  stm32f1xx_hal_adc.o
    0x08000cf8   0x08000cf8   0x00000002   Code   RO         1951    i.HAL_ADC_ConvCpltCallback  stm32f1xx_hal_adc.o
    0x08000cfa   0x08000cfa   0x00000002   Code   RO         1952    i.HAL_ADC_ConvHalfCpltCallback  stm32f1xx_hal_adc.o
    0x08000cfc   0x08000cfc   0x00000002   Code   RO         1954    i.HAL_ADC_ErrorCallback  stm32f1xx_hal_adc.o
    0x08000cfe   0x08000cfe   0x00000002   PAD
    0x08000d00   0x08000d00   0x0000011c   Code   RO         1959    i.HAL_ADC_Init      stm32f1xx_hal_adc.o
    0x08000e1c   0x08000e1c   0x00000090   Code   RO          279    i.HAL_ADC_MspInit   adc.o
    0x08000eac   0x08000eac   0x00000120   Code   RO         1966    i.HAL_ADC_Start_DMA  stm32f1xx_hal_adc.o
    0x08000fcc   0x08000fcc   0x0000005a   Code   RO         1969    i.HAL_ADC_Stop_DMA  stm32f1xx_hal_adc.o
    0x08001026   0x08001026   0x00000046   Code   RO         2606    i.HAL_DMA_Abort     stm32f1xx_hal_dma.o
    0x0800106c   0x0800106c   0x00000098   Code   RO         2607    i.HAL_DMA_Abort_IT  stm32f1xx_hal_dma.o
    0x08001104   0x08001104   0x00000168   Code   RO         2611    i.HAL_DMA_IRQHandler  stm32f1xx_hal_dma.o
    0x0800126c   0x0800126c   0x00000064   Code   RO         2612    i.HAL_DMA_Init      stm32f1xx_hal_dma.o
    0x080012d0   0x080012d0   0x00000074   Code   RO         2616    i.HAL_DMA_Start_IT  stm32f1xx_hal_dma.o
    0x08001344   0x08001344   0x00000024   Code   RO         2227    i.HAL_Delay         stm32f1xx_hal.o
    0x08001368   0x08001368   0x00000028   Code   RO         1599    i.HAL_GPIO_EXTI_Callback  key.o
    0x08001390   0x08001390   0x00000018   Code   RO         2541    i.HAL_GPIO_EXTI_IRQHandler  stm32f1xx_hal_gpio.o
    0x080013a8   0x080013a8   0x000001f0   Code   RO         2542    i.HAL_GPIO_Init     stm32f1xx_hal_gpio.o
    0x08001598   0x08001598   0x0000000e   Code   RO         2546    i.HAL_GPIO_WritePin  stm32f1xx_hal_gpio.o
    0x080015a6   0x080015a6   0x00000002   PAD
    0x080015a8   0x080015a8   0x0000000c   Code   RO         2231    i.HAL_GetTick       stm32f1xx_hal.o
    0x080015b4   0x080015b4   0x00000198   Code   RO         3234    i.HAL_I2C_Init      stm32f1xx_hal_i2c.o
    0x0800174c   0x0800174c   0x000002e0   Code   RO         3240    i.HAL_I2C_Master_Receive  stm32f1xx_hal_i2c.o
    0x08001a2c   0x08001a2c   0x00000148   Code   RO         3247    i.HAL_I2C_Master_Transmit  stm32f1xx_hal_i2c.o
    0x08001b74   0x08001b74   0x0000005c   Code   RO          345    i.HAL_I2C_MspInit   i2c.o
    0x08001bd0   0x08001bd0   0x00000010   Code   RO         2237    i.HAL_IncTick       stm32f1xx_hal.o
    0x08001be0   0x08001be0   0x00000024   Code   RO         2238    i.HAL_Init          stm32f1xx_hal.o
    0x08001c04   0x08001c04   0x00000044   Code   RO         2239    i.HAL_InitTick      stm32f1xx_hal.o
    0x08001c48   0x08001c48   0x0000003c   Code   RO          642    i.HAL_MspInit       stm32f1xx_hal_msp.o
    0x08001c84   0x08001c84   0x0000001a   Code   RO         2702    i.HAL_NVIC_EnableIRQ  stm32f1xx_hal_cortex.o
    0x08001c9e   0x08001c9e   0x00000002   PAD
    0x08001ca0   0x08001ca0   0x00000040   Code   RO         2708    i.HAL_NVIC_SetPriority  stm32f1xx_hal_cortex.o
    0x08001ce0   0x08001ce0   0x00000024   Code   RO         2709    i.HAL_NVIC_SetPriorityGrouping  stm32f1xx_hal_cortex.o
    0x08001d04   0x08001d04   0x0000010c   Code   RO         2504    i.HAL_RCCEx_PeriphCLKConfig  stm32f1xx_hal_rcc_ex.o
    0x08001e10   0x08001e10   0x00000154   Code   RO         2395    i.HAL_RCC_ClockConfig  stm32f1xx_hal_rcc.o
    0x08001f64   0x08001f64   0x0000000c   Code   RO         2400    i.HAL_RCC_GetHCLKFreq  stm32f1xx_hal_rcc.o
    0x08001f70   0x08001f70   0x00000020   Code   RO         2402    i.HAL_RCC_GetPCLK1Freq  stm32f1xx_hal_rcc.o
    0x08001f90   0x08001f90   0x00000020   Code   RO         2403    i.HAL_RCC_GetPCLK2Freq  stm32f1xx_hal_rcc.o
    0x08001fb0   0x08001fb0   0x0000004c   Code   RO         2404    i.HAL_RCC_GetSysClockFreq  stm32f1xx_hal_rcc.o
    0x08001ffc   0x08001ffc   0x00000384   Code   RO         2407    i.HAL_RCC_OscConfig  stm32f1xx_hal_rcc.o
    0x08002380   0x08002380   0x000000b4   Code   RO         3711    i.HAL_SPI_Init      stm32f1xx_hal_spi.o
    0x08002434   0x08002434   0x00000070   Code   RO          387    i.HAL_SPI_MspInit   spi.o
    0x080024a4   0x080024a4   0x00000192   Code   RO         3719    i.HAL_SPI_Transmit  stm32f1xx_hal_spi.o
    0x08002636   0x08002636   0x00000028   Code   RO         2713    i.HAL_SYSTICK_Config  stm32f1xx_hal_cortex.o
    0x0800265e   0x0800265e   0x00000002   PAD
    0x08002660   0x08002660   0x00000068   Code   RO         4758    i.HAL_TIMEx_MasterConfigSynchronization  stm32f1xx_hal_tim_ex.o
    0x080026c8   0x080026c8   0x0000004a   Code   RO         4024    i.HAL_TIM_Base_Init  stm32f1xx_hal_tim.o
    0x08002712   0x08002712   0x00000002   PAD
    0x08002714   0x08002714   0x00000028   Code   RO          429    i.HAL_TIM_Base_MspInit  tim.o
    0x0800273c   0x0800273c   0x00000058   Code   RO         4027    i.HAL_TIM_Base_Start  stm32f1xx_hal_tim.o
    0x08002794   0x08002794   0x00000026   Code   RO         4030    i.HAL_TIM_Base_Stop  stm32f1xx_hal_tim.o
    0x080027ba   0x080027ba   0x000000e8   Code   RO         4033    i.HAL_TIM_ConfigClockSource  stm32f1xx_hal_tim.o
    0x080028a2   0x080028a2   0x00000052   Code   RO         5016    i.HAL_UARTEx_ReceiveToIdle_DMA  stm32f1xx_hal_uart.o
    0x080028f4   0x080028f4   0x00000034   Code   RO         1019    i.HAL_UARTEx_RxEventCallback  bt_drv.o
    0x08002928   0x08002928   0x00000070   Code   RO         5030    i.HAL_UART_DMAStop  stm32f1xx_hal_uart.o
    0x08002998   0x08002998   0x00000002   Code   RO         5032    i.HAL_UART_ErrorCallback  stm32f1xx_hal_uart.o
    0x0800299a   0x0800299a   0x00000002   PAD
    0x0800299c   0x0800299c   0x00000230   Code   RO         5035    i.HAL_UART_IRQHandler  stm32f1xx_hal_uart.o
    0x08002bcc   0x08002bcc   0x00000066   Code   RO         5036    i.HAL_UART_Init     stm32f1xx_hal_uart.o
    0x08002c32   0x08002c32   0x00000002   PAD
    0x08002c34   0x08002c34   0x0000013c   Code   RO          471    i.HAL_UART_MspInit  usart.o
    0x08002d70   0x08002d70   0x0000001c   Code   RO         5041    i.HAL_UART_Receive_IT  stm32f1xx_hal_uart.o
    0x08002d8c   0x08002d8c   0x00000058   Code   RO          941    i.HAL_UART_RxCpltCallback  asrpro_drv.o
    0x08002de4   0x08002de4   0x00000002   Code   RO         5043    i.HAL_UART_RxHalfCpltCallback  stm32f1xx_hal_uart.o
    0x08002de6   0x08002de6   0x00000002   PAD
    0x08002de8   0x08002de8   0x0000007c   Code   RO         5045    i.HAL_UART_Transmit_DMA  stm32f1xx_hal_uart.o
    0x08002e64   0x08002e64   0x00000002   Code   RO         5047    i.HAL_UART_TxCpltCallback  stm32f1xx_hal_uart.o
    0x08002e66   0x08002e66   0x00000002   Code   RO         5048    i.HAL_UART_TxHalfCpltCallback  stm32f1xx_hal_uart.o
    0x08002e68   0x08002e68   0x00000002   Code   RO          526    i.HardFault_Handler  stm32f1xx_it.o
    0x08002e6a   0x08002e6a   0x0000002e   Code   RO         3278    i.I2C_IsAcknowledgeFailed  stm32f1xx_hal_i2c.o
    0x08002e98   0x08002e98   0x00000114   Code   RO         3281    i.I2C_MasterRequestRead  stm32f1xx_hal_i2c.o
    0x08002fac   0x08002fac   0x000000b0   Code   RO         3282    i.I2C_MasterRequestWrite  stm32f1xx_hal_i2c.o
    0x0800305c   0x0800305c   0x00000020   Code   RO         1671    i.I2C_ReadRaw       i2c_drv.o
    0x0800307c   0x0800307c   0x00000058   Code   RO         3298    i.I2C_WaitOnBTFFlagUntilTimeout  stm32f1xx_hal_i2c.o
    0x080030d4   0x080030d4   0x000000ac   Code   RO         3299    i.I2C_WaitOnFlagUntilTimeout  stm32f1xx_hal_i2c.o
    0x08003180   0x08003180   0x000000c8   Code   RO         3300    i.I2C_WaitOnMasterAddressFlagUntilTimeout  stm32f1xx_hal_i2c.o
    0x08003248   0x08003248   0x00000076   Code   RO         3301    i.I2C_WaitOnRXNEFlagUntilTimeout  stm32f1xx_hal_i2c.o
    0x080032be   0x080032be   0x00000058   Code   RO         3304    i.I2C_WaitOnTXEFlagUntilTimeout  stm32f1xx_hal_i2c.o
    0x08003316   0x08003316   0x00000020   Code   RO         1675    i.I2C_WriteRaw      i2c_drv.o
    0x08003336   0x08003336   0x00000002   PAD
    0x08003338   0x08003338   0x00000050   Code   RO          280    i.MX_ADC1_Init      adc.o
    0x08003388   0x08003388   0x0000004c   Code   RO          320    i.MX_DMA_Init       dma.o
    0x080033d4   0x080033d4   0x0000010c   Code   RO          254    i.MX_GPIO_Init      gpio.o
    0x080034e0   0x080034e0   0x00000040   Code   RO          346    i.MX_I2C1_Init      i2c.o
    0x08003520   0x08003520   0x00000048   Code   RO          388    i.MX_SPI1_Init      spi.o
    0x08003568   0x08003568   0x0000006c   Code   RO          430    i.MX_TIM3_Init      tim.o
    0x080035d4   0x080035d4   0x00000038   Code   RO          472    i.MX_USART1_UART_Init  usart.o
    0x0800360c   0x0800360c   0x00000038   Code   RO          473    i.MX_USART2_UART_Init  usart.o
    0x08003644   0x08003644   0x00000002   Code   RO          527    i.MemManage_Handler  stm32f1xx_it.o
    0x08003646   0x08003646   0x00000002   Code   RO          528    i.NMI_Handler       stm32f1xx_it.o
    0x08003648   0x08003648   0x00000002   Code   RO          529    i.PendSV_Handler    stm32f1xx_it.o
    0x0800364a   0x0800364a   0x00000002   PAD
    0x0800364c   0x0800364c   0x00000024   Code   RO         2408    i.RCC_Delay         stm32f1xx_hal_rcc.o
    0x08003670   0x08003670   0x00000044   Code   RO         3749    i.SPI_EndRxTxTransaction  stm32f1xx_hal_spi.o
    0x080036b4   0x080036b4   0x000000bc   Code   RO         3754    i.SPI_WaitFlagStateUntilTimeout  stm32f1xx_hal_spi.o
    0x08003770   0x08003770   0x0000000e   Code   RO         1827    i.SPI_WriteByte     spi_drv.o
    0x0800377e   0x0800377e   0x00000012   Code   RO         1828    i.SPI_WriteBytes    spi_drv.o
    0x08003790   0x08003790   0x00000002   Code   RO          530    i.SVC_Handler       stm32f1xx_it.o
    0x08003792   0x08003792   0x00000004   Code   RO          531    i.SysTick_Handler   stm32f1xx_it.o
    0x08003796   0x08003796   0x00000002   PAD
    0x08003798   0x08003798   0x00000070   Code   RO          704    i.Sys_Control_By_BTorASR  app_algorithm.o
    0x08003808   0x08003808   0x0000007a   Code   RO           14    i.SystemClock_Config  main.o
    0x08003882   0x08003882   0x00000002   Code   RO          667    i.SystemInit        system_stm32f1xx.o
    0x08003884   0x08003884   0x00000078   Code   RO         4117    i.TIM_Base_SetConfig  stm32f1xx_hal_tim.o
    0x080038fc   0x080038fc   0x00000014   Code   RO         4128    i.TIM_ETR_SetConfig  stm32f1xx_hal_tim.o
    0x08003910   0x08003910   0x00000010   Code   RO         4129    i.TIM_ITRx_SetConfig  stm32f1xx_hal_tim.o
    0x08003920   0x08003920   0x00000022   Code   RO         4135    i.TIM_TI1_ConfigInputStage  stm32f1xx_hal_tim.o
    0x08003942   0x08003942   0x00000024   Code   RO         4137    i.TIM_TI2_ConfigInputStage  stm32f1xx_hal_tim.o
    0x08003966   0x08003966   0x00000010   Code   RO         5049    i.UART_DMAAbortOnError  stm32f1xx_hal_uart.o
    0x08003976   0x08003976   0x0000004a   Code   RO         5050    i.UART_DMAError     stm32f1xx_hal_uart.o
    0x080039c0   0x080039c0   0x00000086   Code   RO         5051    i.UART_DMAReceiveCplt  stm32f1xx_hal_uart.o
    0x08003a46   0x08003a46   0x0000001e   Code   RO         5053    i.UART_DMARxHalfCplt  stm32f1xx_hal_uart.o
    0x08003a64   0x08003a64   0x00000042   Code   RO         5055    i.UART_DMATransmitCplt  stm32f1xx_hal_uart.o
    0x08003aa6   0x08003aa6   0x0000000a   Code   RO         5057    i.UART_DMATxHalfCplt  stm32f1xx_hal_uart.o
    0x08003ab0   0x08003ab0   0x0000004e   Code   RO         5059    i.UART_EndRxTransfer  stm32f1xx_hal_uart.o
    0x08003afe   0x08003afe   0x0000001a   Code   RO         5060    i.UART_EndTransmit_IT  stm32f1xx_hal_uart.o
    0x08003b18   0x08003b18   0x0000001c   Code   RO         5061    i.UART_EndTxTransfer  stm32f1xx_hal_uart.o
    0x08003b34   0x08003b34   0x000000c8   Code   RO         5062    i.UART_Receive_IT   stm32f1xx_hal_uart.o
    0x08003bfc   0x08003bfc   0x000000b8   Code   RO         5063    i.UART_SetConfig    stm32f1xx_hal_uart.o
    0x08003cb4   0x08003cb4   0x00000094   Code   RO         5064    i.UART_Start_Receive_DMA  stm32f1xx_hal_uart.o
    0x08003d48   0x08003d48   0x00000038   Code   RO         5065    i.UART_Start_Receive_IT  stm32f1xx_hal_uart.o
    0x08003d80   0x08003d80   0x0000005e   Code   RO         5066    i.UART_Transmit_IT  stm32f1xx_hal_uart.o
    0x08003dde   0x08003dde   0x00000002   PAD
    0x08003de0   0x08003de0   0x0000000c   Code   RO          532    i.USART1_IRQHandler  stm32f1xx_it.o
    0x08003dec   0x08003dec   0x0000000c   Code   RO          533    i.USART2_IRQHandler  stm32f1xx_it.o
    0x08003df8   0x08003df8   0x00000002   Code   RO          534    i.UsageFault_Handler  stm32f1xx_it.o
    0x08003dfa   0x08003dfa   0x00000002   PAD
    0x08003dfc   0x08003dfc   0x00000028   Code   RO         5498    i.__0sprintf$3      mc_w.l(printf3.o)
    0x08003e24   0x08003e24   0x00000020   Code   RO         2715    i.__NVIC_SetPriority  stm32f1xx_hal_cortex.o
    0x08003e44   0x08003e44   0x00000006   Code   RO         5691    i.__mathlib_flt_infnan  m_ws.l(funder.o)
    0x08003e4a   0x08003e4a   0x00000008   Code   RO         5693    i.__mathlib_flt_invalid  m_ws.l(funder.o)
    0x08003e52   0x08003e52   0x00000002   PAD
    0x08003e54   0x08003e54   0x00000168   Code   RO         5704    i.__mathlib_rredf2  m_ws.l(rredf.o)
    0x08003fbc   0x08003fbc   0x0000000e   Code   RO         5760    i.__scatterload_copy  mc_w.l(handlers.o)
    0x08003fca   0x08003fca   0x00000002   Code   RO         5761    i.__scatterload_null  mc_w.l(handlers.o)
    0x08003fcc   0x08003fcc   0x0000000e   Code   RO         5762    i.__scatterload_zeroinit  mc_w.l(handlers.o)
    0x08003fda   0x08003fda   0x00000002   PAD
    0x08003fdc   0x08003fdc   0x0000000c   Code   RO         5732    i.__set_errno       mc_w.l(errno.o)
    0x08003fe8   0x08003fe8   0x000001b8   Code   RO         5503    i._printf_core      mc_w.l(printf3.o)
    0x080041a0   0x080041a0   0x0000000a   Code   RO         5505    i._sputc            mc_w.l(printf3.o)
    0x080041aa   0x080041aa   0x00000002   PAD
    0x080041ac   0x080041ac   0x00000034   Code   RO          942    i.asrpro_CheckCmdValid  asrpro_drv.o
    0x080041e0   0x080041e0   0x00000024   Code   RO          943    i.asrpro_ClearBuffer  asrpro_drv.o
    0x08004204   0x08004204   0x00000020   Code   RO          944    i.asrpro_ErroeHandler  asrpro_drv.o
    0x08004224   0x08004224   0x00000030   Code   RO          945    i.asrpro_GetCmd     asrpro_drv.o
    0x08004254   0x08004254   0x0000001c   Code   RO          946    i.asrpro_Init       asrpro_drv.o
    0x08004270   0x08004270   0x00000034   Code   RO          948    i.asrpro_Reset      asrpro_drv.o
    0x080042a4   0x080042a4   0x00000010   Code   RO         1758    i.buzzer_Init       buzzer_drv.o
    0x080042b4   0x080042b4   0x00000028   Code   RO         1759    i.buzzer_work       buzzer_drv.o
    0x080042dc   0x080042dc   0x0000017c   Code   RO         5377    i.cosf              m_ws.l(cosf.o)
    0x08004458   0x08004458   0x00000018   Code   RO         1300    i.delay_us          dwt.o
    0x08004470   0x08004470   0x0000000e   Code   RO         1791    i.drv_layer_Init    drv_layer.o
    0x0800447e   0x0800447e   0x00000002   PAD
    0x08004480   0x08004480   0x00000048   Code   RO         1600    i.key_Read          key.o
    0x080044c8   0x080044c8   0x00000024   Code   RO         1635    i.led_Init          led.o
    0x080044ec   0x080044ec   0x00000040   Code   RO         1636    i.led_work          led.o
    0x0800452c   0x0800452c   0x00000044   Code   RO         1084    i.ls_ChangeModeByLus  light_sensor_drv.o
    0x08004570   0x08004570   0x00000022   Code   RO         1085    i.ls_Init           light_sensor_drv.o
    0x08004592   0x08004592   0x00000002   PAD
    0x08004594   0x08004594   0x00000070   Code   RO         1086    i.ls_MeasureLight   light_sensor_drv.o
    0x08004604   0x08004604   0x00000006   Code   RO         1087    i.ls_PowerOff       light_sensor_drv.o
    0x0800460a   0x0800460a   0x0000002a   Code   RO         1088    i.ls_PowerOn        light_sensor_drv.o
    0x08004634   0x08004634   0x00000010   Code   RO         1089    i.ls_Readdata       light_sensor_drv.o
    0x08004644   0x08004644   0x00000012   Code   RO         1090    i.ls_Reset          light_sensor_drv.o
    0x08004656   0x08004656   0x00000032   Code   RO         1091    i.ls_SetMode        light_sensor_drv.o
    0x08004688   0x08004688   0x00000014   Code   RO         1092    i.ls_WriteByte      light_sensor_drv.o
    0x0800469c   0x0800469c   0x00000036   Code   RO           15    i.main              main.o
    0x080046d2   0x080046d2   0x00000002   PAD
    0x080046d4   0x080046d4   0x00000058   Code   RO         1159    i.mic_Calibrate     mic_drv.o
    0x0800472c   0x0800472c   0x0000003c   Code   RO         1160    i.mic_ClearBuf      mic_drv.o
    0x08004768   0x08004768   0x00000014   Code   RO         1161    i.mic_GetFreq       mic_drv.o
    0x0800477c   0x0800477c   0x0000000c   Code   RO         1162    i.mic_GetMaxfreq    mic_drv.o
    0x08004788   0x08004788   0x0000000e   Code   RO         1164    i.mic_Init          mic_drv.o
    0x08004796   0x08004796   0x00000002   PAD
    0x08004798   0x08004798   0x0000001c   Code   RO         1165    i.mic_PowerOff      mic_drv.o
    0x080047b4   0x080047b4   0x00000038   Code   RO         1166    i.mic_PowerOn       mic_drv.o
    0x080047ec   0x080047ec   0x00000018   Code   RO         1167    i.mic_Run           mic_drv.o
    0x08004804   0x08004804   0x00000028   Code   RO         1168    i.mic_dma_buf_to_float  mic_drv.o
    0x0800482c   0x0800482c   0x0000003c   Code   RO         1170    i.mic_goertzel      mic_drv.o
    0x08004868   0x08004868   0x0000000c   Code   RO         1171    i.mic_isCalibrate   mic_drv.o
    0x08004874   0x08004874   0x00000050   Code   RO         1173    i.mic_loudness_mapto_brightness  mic_drv.o
    0x080048c4   0x080048c4   0x00000022   Code   RO         1273    i.module_Init       module_layer.o
    0x080048e6   0x080048e6   0x00000002   PAD
    0x080048e8   0x080048e8   0x00000064   Code   RO          705    i.remap_lux_to_brightness  app_algorithm.o
    0x0800494c   0x0800494c   0x00000018   Code   RO         1333    i.rgb_ClearBuffer   rgb_drv.o
    0x08004964   0x08004964   0x0000002c   Code   RO         1334    i.rgb_Display       rgb_drv.o
    0x08004990   0x08004990   0x00000020   Code   RO         1335    i.rgb_Init          rgb_drv.o
    0x080049b0   0x080049b0   0x00000094   Code   RO         1336    i.rgb_MapFreqToRGBValue  rgb_drv.o
    0x08004a44   0x08004a44   0x00000024   Code   RO         1337    i.rgb_PowerOff      rgb_drv.o
    0x08004a68   0x08004a68   0x00000016   Code   RO         1338    i.rgb_PowerOn       rgb_drv.o
    0x08004a7e   0x08004a7e   0x00000022   Code   RO         1339    i.rgb_RunInMusic    rgb_drv.o
    0x08004aa0   0x08004aa0   0x00000028   Code   RO         1340    i.rgb_SetAllLed     rgb_drv.o
    0x08004ac8   0x08004ac8   0x00000010   Code   RO         1341    i.rgb_SetBrightness  rgb_drv.o
    0x08004ad8   0x08004ad8   0x00000028   Code   RO         1342    i.rgb_SetBrightnessOff  rgb_drv.o
    0x08004b00   0x08004b00   0x00000028   Code   RO         1343    i.rgb_SetBrightnessOn  rgb_drv.o
    0x08004b28   0x08004b28   0x00000034   Code   RO         1344    i.rgb_SetBrightness_Circle  rgb_drv.o
    0x08004b5c   0x08004b5c   0x00000010   Code   RO         1345    i.rgb_SetColor      rgb_drv.o
    0x08004b6c   0x08004b6c   0x00000028   Code   RO         1346    i.rgb_SetColor_Circle  rgb_drv.o
    0x08004b94   0x08004b94   0x00000048   Code   RO         1347    i.rgb_SetSingleLed  rgb_drv.o
    0x08004bdc   0x08004bdc   0x00000034   Code   RO         1348    i.rgb_Update        rgb_drv.o
    0x08004c10   0x08004c10   0x00000058   Code   RO         1349    i.rgb_WriteBit      rgb_drv.o
    0x08004c68   0x08004c68   0x00000024   Code   RO         1350    i.rgb_WriteByte     rgb_drv.o
    0x08004c8c   0x08004c8c   0x00000088   Code   RO         1351    i.rgb_brightness_filter  rgb_drv.o
    0x08004d14   0x08004d14   0x0000004c   Code   RO         5385    i.sqrt              m_ws.l(sqrt.o)
    0x08004d60   0x08004d60   0x00000050   Code   RO          842    i.sys_mode_Auto     app_modes.o
    0x08004db0   0x08004db0   0x00000020   Code   RO          843    i.sys_mode_Auto_Init  app_modes.o
    0x08004dd0   0x08004dd0   0x00000030   Code   RO          844    i.sys_mode_Manual   app_modes.o
    0x08004e00   0x08004e00   0x00000020   Code   RO          845    i.sys_mode_Manual_Init  app_modes.o
    0x08004e20   0x08004e20   0x0000000e   Code   RO          846    i.sys_mode_Music    app_modes.o
    0x08004e2e   0x08004e2e   0x00000002   PAD
    0x08004e30   0x08004e30   0x00000020   Code   RO          847    i.sys_mode_Music_Init  app_modes.o
    0x08004e50   0x08004e50   0x0000003c   Code   RO          782    i.system_Control    app_manager.o
    0x08004e8c   0x08004e8c   0x0000000e   Code   RO          783    i.system_Init       app_manager.o
    0x08004e9a   0x08004e9a   0x00000002   PAD
    0x08004e9c   0x08004e9c   0x00000028   Code   RO          784    i.system_PowerOff   app_manager.o
    0x08004ec4   0x08004ec4   0x0000002c   Code   RO          785    i.system_PowerOn    app_manager.o
    0x08004ef0   0x08004ef0   0x00000038   Code   RO          786    i.system_Run        app_manager.o
    0x08004f28   0x08004f28   0x0000002c   Code   RO          787    i.system_power_Control_key  app_manager.o
    0x08004f54   0x08004f54   0x000000c4   Code   RO          897    i.system_show       app_ui.o
    0x08005018   0x08005018   0x00000038   Code   RO          898    i.system_show_Init  app_ui.o
    0x08005050   0x08005050   0x00000088   Code   RO          899    i.system_show_manual_auto  app_ui.o
    0x080050d8   0x080050d8   0x00000028   Code   RO          900    i.system_show_music  app_ui.o
    0x08005100   0x08005100   0x0000002c   Code   RO          744    i.system_valiable_Init  app_common.o
    0x0800512c   0x0800512c   0x0000002c   Code   RO         1472    i.tft_ClearScreen   tft_drv.o
    0x08005158   0x08005158   0x00000068   Code   RO         1473    i.tft_DisplayChar   tft_drv.o
    0x080051c0   0x080051c0   0x00000064   Code   RO         1475    i.tft_DisplayString  tft_drv.o
    0x08005224   0x08005224   0x00000086   Code   RO         1476    i.tft_DrawLine      tft_drv.o
    0x080052aa   0x080052aa   0x00000020   Code   RO         1477    i.tft_DrawPixel     tft_drv.o
    0x080052ca   0x080052ca   0x00000002   PAD
    0x080052cc   0x080052cc   0x00000078   Code   RO         1478    i.tft_Init          tft_drv.o
    0x08005344   0x08005344   0x00000010   Code   RO         1479    i.tft_PowerOff      tft_drv.o
    0x08005354   0x08005354   0x00000010   Code   RO         1480    i.tft_PowerOn       tft_drv.o
    0x08005364   0x08005364   0x00000056   Code   RO         1481    i.tft_SetAddrWindow  tft_drv.o
    0x080053ba   0x080053ba   0x00000002   PAD
    0x080053bc   0x080053bc   0x0000003c   Code   RO         1482    i.tft_WriteByte     tft_drv.o
    0x080053f8   0x080053f8   0x0000003c   Code   RO         1483    i.tft_WriteCmd      tft_drv.o
    0x08005434   0x08005434   0x00000044   Code   RO         1484    i.tft_WriteData_16Bit  tft_drv.o
    0x08005478   0x08005478   0x00000010   Data   RO          668    .constdata          system_stm32f1xx.o
    0x08005488   0x08005488   0x00000008   Data   RO          669    .constdata          system_stm32f1xx.o
    0x08005490   0x08005490   0x00000018   Data   RO          746    .constdata          app_common.o
    0x080054a8   0x080054a8   0x00000064   Data   RO          901    .constdata          app_ui.o
    0x0800550c   0x0800550c   0x00000020   Data   RO         1175    .constdata          mic_drv.o
    0x0800552c   0x0800552c   0x00000030   Data   RO         1353    .constdata          rgb_drv.o
    0x0800555c   0x0800555c   0x000003b0   Data   RO         1575    .constdata          tft_fonts.o
    0x0800590c   0x0800590c   0x00000012   Data   RO         2409    .constdata          stm32f1xx_hal_rcc.o
    0x0800591e   0x0800591e   0x00000002   PAD
    0x08005920   0x08005920   0x00000020   Data   RO         5705    .constdata          m_ws.l(rredf.o)
    0x08005940   0x08005940   0x00000020   Data   RO         5758    Region$$Table       anon$$obj.o


    Execution Region RW_IRAM1 (Exec base: 0x20000000, Load base: 0x08005960, Size: 0x00001040, Max: 0x00005000, ABSOLUTE)

    Exec Addr    Load Addr    Size         Type   Attr      Idx    E Section Name        Object

    0x20000000   0x08005960   0x00000004   Data   RW          670    .data               system_stm32f1xx.o
    0x20000004   0x08005964   0x00000001   Data   RW          848    .data               app_modes.o
    0x20000005   0x08005965   0x00000001   Data   RW          902    .data               app_ui.o
    0x20000006   0x08005966   0x00000002   PAD
    0x20000008   0x08005968   0x00000018   Data   RW          949    .data               asrpro_drv.o
    0x20000020   0x08005980   0x00000080   Data   RW         1021    .data               bt_drv.o
    0x200000a0   0x08005a00   0x00000003   Data   RW         1601    .data               key.o
    0x200000a3   0x08005a03   0x00000001   PAD
    0x200000a4   0x08005a04   0x0000000c   Data   RW         2245    .data               stm32f1xx_hal.o
    0x200000b0   0x08005a10   0x00000004   Data   RW         5733    .data               mc_w.l(errno.o)
    0x200000b4        -       0x00000074   Zero   RW          281    .bss                adc.o
    0x20000128        -       0x00000054   Zero   RW          347    .bss                i2c.o
    0x2000017c        -       0x00000058   Zero   RW          389    .bss                spi.o
    0x200001d4        -       0x00000048   Zero   RW          431    .bss                tim.o
    0x2000021c        -       0x00000118   Zero   RW          474    .bss                usart.o
    0x20000334        -       0x00000018   Zero   RW          745    .bss                app_common.o
    0x2000034c        -       0x00000043   Zero   RW         1020    .bss                bt_drv.o
    0x2000038f   0x08005a14   0x00000001   PAD
    0x20000390        -       0x00000834   Zero   RW         1174    .bss                mic_drv.o
    0x20000bc4        -       0x0000007c   Zero   RW         1352    .bss                rgb_drv.o
    0x20000c40        -       0x00000400   Zero   RW            1    STACK               startup_stm32f103xb.o


==============================================================================

Image component sizes


      Code (inc. data)   RO Data    RW Data    ZI Data      Debug   Object Name

       224         30          0          0        116       1667   adc.o
       212         28          0          0          0       2284   app_algorithm.o
        44          8         24          0         24       1532   app_common.o
       258         30          0          0          0       3002   app_manager.o
       238         28          0          1          0       2909   app_modes.o
       428        130        100          1          0       2195   app_ui.o
       336         44          0         24          0       5293   asrpro_drv.o
       740        230          0        128         67       5385   bt_drv.o
        56         10          0          0          0        884   buzzer_drv.o
        76          4          0          0          0        738   dma.o
        14          0          0          0          0        465   drv_layer.o
        24          4          0          0          0        483   dwt.o
       268         16          0          0          0        955   gpio.o
       156         26          0          0         84       1573   i2c.o
        64          0          0          0          0       1837   i2c_drv.o
       112         12          0          3          0       1722   key.o
       100         12          0          0          0       1278   led.o
       366         22          0          0          0       6329   light_sensor_drv.o
       180          0          0          0          0     458836   main.o
       494         78         32          0       2100       7928   mic_drv.o
        34          0          0          0          0        498   module_layer.o
       968        112         48          0        124      12481   rgb_drv.o
       184         24          0          0         88       1593   spi.o
        32          0          0          0          0       1401   spi_drv.o
        36          8        236          0       1024        788   startup_stm32f103xb.o
       168         28          0         12          0       5785   stm32f1xx_hal.o
      1258         54          0          0          0       9073   stm32f1xx_hal_adc.o
       198         14          0          0          0      28959   stm32f1xx_hal_cortex.o
       842         38          0          0          0       4946   stm32f1xx_hal_dma.o
       534         38          0          0          0       3335   stm32f1xx_hal_gpio.o
      2636         50          0          0          0      11766   stm32f1xx_hal_i2c.o
        60          8          0          0          0        862   stm32f1xx_hal_msp.o
      1428         90         18          0          0       6484   stm32f1xx_hal_rcc.o
       268         12          0          0          0       1432   stm32f1xx_hal_rcc_ex.o
       838          4          0          0          0       4270   stm32f1xx_hal_spi.o
       658         24          0          0          0       6810   stm32f1xx_hal_tim.o
       104         14          0          0          0       1336   stm32f1xx_hal_tim_ex.o
      2160         36          0          0          0      17446   stm32f1xx_hal_uart.o
        98         30          0          0          0       7136   stm32f1xx_it.o
         2          0         24          4          0       1071   system_stm32f1xx.o
       840         50          0          0          0       8040   tft_drv.o
         0          0        944          0          0        557   tft_fonts.o
       148         20          0          0         72       1558   tim.o
       428         42          0          0        280       2465   usart.o

    ----------------------------------------------------------------------
     18358       1408       1460        176       3980     647387   Object Totals
         0          0         32          0          0          0   (incl. Generated)
        46          0          2          3          1          0   (incl. Padding)

    ----------------------------------------------------------------------

      Code (inc. data)   RO Data    RW Data    ZI Data      Debug   Library Member Name

       380         52          0          0          0        124   cosf.o
        14          0          0          0          0        136   funder.o
       360         16         32          0          0         88   rredf.o
        76          0          0          0          0         84   sqrt.o
         0          0          0          0          0          0   entry.o
         0          0          0          0          0          0   entry10a.o
         0          0          0          0          0          0   entry11a.o
         8          4          0          0          0          0   entry2.o
         4          0          0          0          0          0   entry5.o
         0          0          0          0          0          0   entry7b.o
         0          0          0          0          0          0   entry8b.o
         8          4          0          0          0          0   entry9a.o
        12          6          0          4          0         68   errno.o
        30          0          0          0          0          0   handlers.o
        36          8          0          0          0         68   init.o
         0          0          0          0          0          0   iusefp.o
        30          0          0          0          0         68   llshl.o
        32          0          0          0          0         68   llushr.o
        36          0          0          0          0         68   memcpya.o
        36          0          0          0          0        108   memseta.o
       490         10          0          0          0        252   printf3.o
        14          0          0          0          0         68   strlen.o
        30          0          0          0          0         80   strncmp.o
        44          0          0          0          0         80   uidiv.o
        56          0          0          0          0         88   d2f.o
       186          0          0          0          0        176   depilogue.o
       228          0          0          0          0         96   dmul.o
       162          0          0          0          0        100   dsqrt.o
        38          0          0          0          0         68   f2d.o
       176          0          0          0          0        140   fadd.o
       124          0          0          0          0         88   fdiv.o
       110          0          0          0          0        168   fepilogue.o
        50          0          0          0          0         68   ffixi.o
        40          0          0          0          0         68   ffixui.o
        18          0          0          0          0         68   fflti.o
        10          0          0          0          0         68   ffltui.o
       100          0          0          0          0         76   fmul.o
        60          0          0          0          0         76   frnd.o
        24          0          0          0          0         68   fscalb.o

    ----------------------------------------------------------------------
      3030        100         32          4          0       2776   Library Totals
         8          0          0          0          0          0   (incl. Padding)

    ----------------------------------------------------------------------

      Code (inc. data)   RO Data    RW Data    ZI Data      Debug   Library Name

       830         68         32          0          0        432   m_ws.l
       810         32          0          4          0        928   mc_w.l
      1382          0          0          0          0       1416   mf_w.l

    ----------------------------------------------------------------------
      3030        100         32          4          0       2776   Library Totals

    ----------------------------------------------------------------------

==============================================================================


      Code (inc. data)   RO Data    RW Data    ZI Data      Debug   

     21388       1508       1492        180       3980     637575   Grand Totals
     21388       1508       1492        180       3980     637575   ELF Image Totals
     21388       1508       1492        180          0          0   ROM Totals

==============================================================================

    Total RO  Size (Code + RO Data)                22880 (  22.34kB)
    Total RW  Size (RW Data + ZI Data)              4160 (   4.06kB)
    Total ROM Size (Code + RO Data + RW Data)      23060 (  22.52kB)

==============================================================================

