Component: ARM Compiler 5.06 update 2 (build 183) Tool: armlink [4d35b7]

==============================================================================

Section Cross References

    startup_stm32f103xb.o(RESET) refers to startup_stm32f103xb.o(STACK) for __initial_sp
    startup_stm32f103xb.o(RESET) refers to startup_stm32f103xb.o(.text) for Reset_Handler
    startup_stm32f103xb.o(RESET) refers to stm32f1xx_it.o(i.NMI_Handler) for NMI_Handler
    startup_stm32f103xb.o(RESET) refers to stm32f1xx_it.o(i.HardFault_Handler) for HardFault_Handler
    startup_stm32f103xb.o(RESET) refers to stm32f1xx_it.o(i.MemManage_Handler) for MemManage_Handler
    startup_stm32f103xb.o(RESET) refers to stm32f1xx_it.o(i.BusFault_Handler) for BusFault_Handler
    startup_stm32f103xb.o(RESET) refers to stm32f1xx_it.o(i.UsageFault_Handler) for UsageFault_Handler
    startup_stm32f103xb.o(RESET) refers to stm32f1xx_it.o(i.SVC_Handler) for SVC_Handler
    startup_stm32f103xb.o(RESET) refers to stm32f1xx_it.o(i.DebugMon_Handler) for DebugMon_Handler
    startup_stm32f103xb.o(RESET) refers to stm32f1xx_it.o(i.PendSV_Handler) for PendSV_Handler
    startup_stm32f103xb.o(RESET) refers to stm32f1xx_it.o(i.SysTick_Handler) for SysTick_Handler
    startup_stm32f103xb.o(RESET) refers to stm32f1xx_it.o(i.EXTI0_IRQHandler) for EXTI0_IRQHandler
    startup_stm32f103xb.o(RESET) refers to stm32f1xx_it.o(i.EXTI1_IRQHandler) for EXTI1_IRQHandler
    startup_stm32f103xb.o(RESET) refers to stm32f1xx_it.o(i.EXTI3_IRQHandler) for EXTI3_IRQHandler
    startup_stm32f103xb.o(RESET) refers to stm32f1xx_it.o(i.DMA1_Channel1_IRQHandler) for DMA1_Channel1_IRQHandler
    startup_stm32f103xb.o(RESET) refers to stm32f1xx_it.o(i.DMA1_Channel2_IRQHandler) for DMA1_Channel2_IRQHandler
    startup_stm32f103xb.o(RESET) refers to stm32f1xx_it.o(i.DMA1_Channel4_IRQHandler) for DMA1_Channel4_IRQHandler
    startup_stm32f103xb.o(RESET) refers to stm32f1xx_it.o(i.DMA1_Channel5_IRQHandler) for DMA1_Channel5_IRQHandler
    startup_stm32f103xb.o(RESET) refers to stm32f1xx_it.o(i.USART1_IRQHandler) for USART1_IRQHandler
    startup_stm32f103xb.o(RESET) refers to stm32f1xx_it.o(i.USART2_IRQHandler) for USART2_IRQHandler
    startup_stm32f103xb.o(.text) refers to system_stm32f1xx.o(i.SystemInit) for SystemInit
    startup_stm32f103xb.o(.text) refers to entry.o(.ARM.Collect$$$$00000000) for __main
    main.o(i.SystemClock_Config) refers to memseta.o(.text) for __aeabi_memclr4
    main.o(i.SystemClock_Config) refers to stm32f1xx_hal_rcc.o(i.HAL_RCC_OscConfig) for HAL_RCC_OscConfig
    main.o(i.SystemClock_Config) refers to stm32f1xx_hal_rcc.o(i.HAL_RCC_ClockConfig) for HAL_RCC_ClockConfig
    main.o(i.SystemClock_Config) refers to stm32f1xx_hal_rcc_ex.o(i.HAL_RCCEx_PeriphCLKConfig) for HAL_RCCEx_PeriphCLKConfig
    main.o(i.main) refers to stm32f1xx_hal.o(i.HAL_Init) for HAL_Init
    main.o(i.main) refers to main.o(i.SystemClock_Config) for SystemClock_Config
    main.o(i.main) refers to gpio.o(i.MX_GPIO_Init) for MX_GPIO_Init
    main.o(i.main) refers to dma.o(i.MX_DMA_Init) for MX_DMA_Init
    main.o(i.main) refers to i2c.o(i.MX_I2C1_Init) for MX_I2C1_Init
    main.o(i.main) refers to spi.o(i.MX_SPI1_Init) for MX_SPI1_Init
    main.o(i.main) refers to usart.o(i.MX_USART1_UART_Init) for MX_USART1_UART_Init
    main.o(i.main) refers to usart.o(i.MX_USART2_UART_Init) for MX_USART2_UART_Init
    main.o(i.main) refers to adc.o(i.MX_ADC1_Init) for MX_ADC1_Init
    main.o(i.main) refers to tim.o(i.MX_TIM3_Init) for MX_TIM3_Init
    main.o(i.main) refers to tim.o(i.MX_TIM1_Init) for MX_TIM1_Init
    main.o(i.main) refers to app_manager.o(i.system_Init) for system_Init
    main.o(i.main) refers to app_manager.o(i.system_PowerOn) for system_PowerOn
    main.o(i.main) refers to app_manager.o(i.system_Run) for system_Run
    gpio.o(i.MX_GPIO_Init) refers to stm32f1xx_hal_gpio.o(i.HAL_GPIO_WritePin) for HAL_GPIO_WritePin
    gpio.o(i.MX_GPIO_Init) refers to stm32f1xx_hal_gpio.o(i.HAL_GPIO_Init) for HAL_GPIO_Init
    gpio.o(i.MX_GPIO_Init) refers to stm32f1xx_hal_cortex.o(i.HAL_NVIC_SetPriority) for HAL_NVIC_SetPriority
    gpio.o(i.MX_GPIO_Init) refers to stm32f1xx_hal_cortex.o(i.HAL_NVIC_EnableIRQ) for HAL_NVIC_EnableIRQ
    adc.o(i.HAL_ADC_MspDeInit) refers to stm32f1xx_hal_gpio.o(i.HAL_GPIO_DeInit) for HAL_GPIO_DeInit
    adc.o(i.HAL_ADC_MspDeInit) refers to stm32f1xx_hal_dma.o(i.HAL_DMA_DeInit) for HAL_DMA_DeInit
    adc.o(i.HAL_ADC_MspInit) refers to stm32f1xx_hal_gpio.o(i.HAL_GPIO_Init) for HAL_GPIO_Init
    adc.o(i.HAL_ADC_MspInit) refers to stm32f1xx_hal_dma.o(i.HAL_DMA_Init) for HAL_DMA_Init
    adc.o(i.HAL_ADC_MspInit) refers to main.o(i.Error_Handler) for Error_Handler
    adc.o(i.HAL_ADC_MspInit) refers to adc.o(.bss) for .bss
    adc.o(i.MX_ADC1_Init) refers to stm32f1xx_hal_adc.o(i.HAL_ADC_Init) for HAL_ADC_Init
    adc.o(i.MX_ADC1_Init) refers to main.o(i.Error_Handler) for Error_Handler
[...]
    i.buzzer_work                            0x08004338   Section        0  buzzer_drv.o(i.buzzer_work)
    i.clear_dynamic_area                     0x08004348   Section        0  app_ui.o(i.clear_dynamic_area)
    clear_dynamic_area                       0x08004349   Thumb Code    18  app_ui.o(i.clear_dynamic_area)
    i.cosf                                   0x0800435c   Section        0  cosf.o(i.cosf)
    i.draw_frame                             0x080044d8   Section        0  app_ui.o(i.draw_frame)
    draw_frame                               0x080044d9   Thumb Code    54  app_ui.o(i.draw_frame)
    i.drv_layer_Init                         0x0800450e   Section        0  drv_layer.o(i.drv_layer_Init)
    i.key_Read                               0x0800451c   Section        0  key.o(i.key_Read)
    i.led_Init                               0x0800455c   Section        0  led.o(i.led_Init)
    i.led_work                               0x08004580   Section        0  led.o(i.led_work)
    i.ls_ChangeModeByLux                     0x080045a8   Section        0  light_sensor_drv.o(i.ls_ChangeModeByLux)
    i.ls_MeasureLight                        0x080045e4   Section        0  light_sensor_drv.o(i.ls_MeasureLight)
    i.ls_PowerOff                            0x0800463c   Section        0  light_sensor_drv.o(i.ls_PowerOff)
    i.ls_PowerOn                             0x08004642   Section        0  light_sensor_drv.o(i.ls_PowerOn)
    i.ls_Readdata                            0x0800466c   Section        0  light_sensor_drv.o(i.ls_Readdata)
    i.ls_Reset                               0x0800467c   Section        0  light_sensor_drv.o(i.ls_Reset)
    i.ls_SetMode                             0x0800469a   Section        0  light_sensor_drv.o(i.ls_SetMode)
    i.ls_WriteByte                           0x080046c8   Section        0  light_sensor_drv.o(i.ls_WriteByte)
    i.main                                   0x080046dc   Section        0  main.o(i.main)
    i.mic_Calibrate                          0x08004718   Section        0  mic_drv.o(i.mic_Calibrate)
    i.mic_ClearBuf                           0x0800476c   Section        0  mic_drv.o(i.mic_ClearBuf)
    i.mic_GetFreq                            0x080047b0   Section        0  mic_drv.o(i.mic_GetFreq)
    i.mic_GetMaxfreq                         0x080047c4   Section        0  mic_drv.o(i.mic_GetMaxfreq)
    i.mic_PowerOff                           0x080047d0   Section        0  mic_drv.o(i.mic_PowerOff)
    i.mic_PowerOn                            0x080047ec   Section        0  mic_drv.o(i.mic_PowerOn)
    i.mic_Run                                0x08004824   Section        0  mic_drv.o(i.mic_Run)
    i.mic_dma_buf_to_float                   0x08004844   Section        0  mic_drv.o(i.mic_dma_buf_to_float)
    i.mic_goertzel                           0x08004870   Section        0  mic_drv.o(i.mic_goertzel)
    i.mic_loudness_mapto_brightness          0x080048ac   Section        0  mic_drv.o(i.mic_loudness_mapto_brightness)
    i.module_Init                            0x08004904   Section        0  module_layer.o(i.module_Init)
    i.remap_lux_to_brightness                0x08004918   Section        0  app_algorithm.o(i.remap_lux_to_brightness)
    i.rgb_ClearBuffer                        0x08004974   Section        0  rgb_drv.o(i.rgb_ClearBuffer)
    i.rgb_Display                            0x08004994   Section        0  rgb_drv.o(i.rgb_Display)
    i.rgb_Init                               0x080049a0   Section        0  rgb_drv.o(i.rgb_Init)
    i.rgb_MapFreqToRGBValue                  0x080049c0   Section        0  rgb_drv.o(i.rgb_MapFreqToRGBValue)
    i.rgb_PowerOff                           0x08004a54   Section        0  rgb_drv.o(i.rgb_PowerOff)
    i.rgb_PowerOn                            0x08004a64   Section        0  rgb_drv.o(i.rgb_PowerOn)
    i.rgb_RunInMusic                         0x08004a7e   Section        0  rgb_drv.o(i.rgb_RunInMusic)
    i.rgb_SendBit                            0x08004aa0   Section        0  rgb_drv.o(i.rgb_SendBit)
    i.rgb_SetAllLed                          0x08004b10   Section        0  rgb_drv.o(i.rgb_SetAllLed)
    i.rgb_SetBrightness                      0x08004b38   Section        0  rgb_drv.o(i.rgb_SetBrightness)
    i.rgb_SetBrightnessDown                  0x08004b48   Section        0  rgb_drv.o(i.rgb_SetBrightnessDown)
    i.rgb_SetBrightnessUp                    0x08004b70   Section        0  rgb_drv.o(i.rgb_SetBrightnessUp)
    i.rgb_SetBrightness_Circle               0x08004b98   Section        0  rgb_drv.o(i.rgb_SetBrightness_Circle)
    i.rgb_SetColor                           0x08004bbc   Section        0  rgb_drv.o(i.rgb_SetColor)
    i.rgb_SetColor_Circle                    0x08004bcc   Section        0  rgb_drv.o(i.rgb_SetColor_Circle)
    i.rgb_SetSingleLed                       0x08004bf4   Section        0  rgb_drv.o(i.rgb_SetSingleLed)
    i.rgb_brightness_filter                  0x08004c38   Section        0  rgb_drv.o(i.rgb_brightness_filter)
    i.rgb_update                             0x08004cb4   Section        0  rgb_drv.o(i.rgb_update)
    i.sqrtf                                  0x08004cb8   Section        0  sqrtf.o(i.sqrtf)
    i.sys_mode_Auto                          0x08004ce4   Section        0  app_modes.o(i.sys_mode_Auto)
    i.sys_mode_Auto_Init                     0x08004d48   Section        0  app_modes.o(i.sys_mode_Auto_Init)
    i.sys_mode_Manual                        0x08004d70   Section        0  app_modes.o(i.sys_mode_Manual)
    i.sys_mode_Manual_Init                   0x08004da4   Section        0  app_modes.o(i.sys_mode_Manual_Init)
    i.sys_mode_Music                         0x08004dc4   Section        0  app_modes.o(i.sys_mode_Music)
    i.sys_mode_Music_Init                    0x08004dd8   Section        0  app_modes.o(i.sys_mode_Music_Init)
    i.system_Control                         0x08004df8   Section        0  app_manager.o(i.system_Control)
    i.system_Init                            0x08004e2c   Section        0  app_manager.o(i.system_Init)
    i.system_PowerOff                        0x08004e3c   Section        0  app_manager.o(i.system_PowerOff)
    i.system_PowerOn                         0x08004e64   Section        0  app_manager.o(i.system_PowerOn)
    i.system_Run                             0x08004e94   Section        0  app_manager.o(i.system_Run)
    i.system_power_Control_key               0x08004ed4   Section        0  app_manager.o(i.system_power_Control_key)
    i.system_show                            0x08004f00   Section        0  app_ui.o(i.system_show)
    i.system_show_Init                       0x08004f9c   Section        0  app_ui.o(i.system_show_Init)
    i.system_show_manual_auto                0x08004fc8   Section        0  app_ui.o(i.system_show_manual_auto)
    i.system_show_music                      0x08005114   Section        0  app_ui.o(i.system_show_music)
    i.system_valiable_Init                   0x08005194   Section        0  app_common.o(i.system_valiable_Init)
    i.tft_ClearScreen                        0x080051c0   Section        0  tft_drv.o(i.tft_ClearScreen)
    i.tft_DisplayChar                        0x08005208   Section        0  tft_drv.o(i.tft_DisplayChar)
    i.tft_DisplayString                      0x080052a8   Section        0  tft_drv.o(i.tft_DisplayString)
    i.tft_DrawLine                           0x0800530c   Section        0  tft_drv.o(i.tft_DrawLine)
    i.tft_DrawPixel                          0x08005384   Section        0  tft_drv.o(i.tft_DrawPixel)
    i.tft_FillRect                           0x080053c4   Section        0  tft_drv.o(i.tft_FillRect)
    i.tft_Init                               0x0800543c   Section        0  tft_drv.o(i.tft_Init)
    i.tft_PowerOff                           0x080054ac   Section        0  tft_drv.o(i.tft_PowerOff)
    i.tft_PowerOn                            0x080054bc   Section        0  tft_drv.o(i.tft_PowerOn)
    i.tft_SetAddrWindow                      0x080054cc   Section        0  tft_drv.o(i.tft_SetAddrWindow)
    i.tft_WriteByte                          0x080055c4   Section        0  tft_drv.o(i.tft_WriteByte)
    i.tft_WriteCmd                           0x08005600   Section        0  tft_drv.o(i.tft_WriteCmd)
    .constdata                               0x0800563c   Section       16  system_stm32f1xx.o(.constdata)
    .constdata                               0x0800564c   Section        8  system_stm32f1xx.o(.constdata)
    .constdata                               0x08005654   Section       24  app_common.o(.constdata)
    <Data1>                                  0x08005654   Data          24  app_common.o(.constdata)
    .constdata                               0x0800566c   Section       62  app_ui.o(.constdata)
    .constdata                               0x080056ac   Section       32  mic_drv.o(.constdata)
    goertzel_freq_list                       0x080056ac   Data          32  mic_drv.o(.constdata)
    .constdata                               0x080056cc   Section       48  rgb_drv.o(.constdata)
    rgb_color                                0x080056de   Data          30  rgb_drv.o(.constdata)
    .constdata                               0x080056fc   Section     1520  tft_fonts.o(.constdata)
    .constdata                               0x08005cec   Section       18  stm32f1xx_hal_rcc.o(.constdata)
    aPredivFactorTable                       0x08005cec   Data           2  stm32f1xx_hal_rcc.o(.constdata)
    aPLLMULFactorTable                       0x08005cee   Data          16  stm32f1xx_hal_rcc.o(.constdata)
    .constdata                               0x08005d00   Section       32  rredf.o(.constdata)
    twooverpi                                0x08005d00   Data          32  rredf.o(.constdata)
    .conststring                             0x08005d20   Section       75  app_ui.o(.conststring)
    .data                                    0x20000000   Section        4  system_stm32f1xx.o(.data)
    .data                                    0x20000004   Section        4  app_algorithm.o(.data)
    filtered_brightness                      0x20000004   Data           4  app_algorithm.o(.data)
    .data                                    0x20000008   Section        2  app_modes.o(.data)
    ls_error_count                           0x20000008   Data           1  app_modes.o(.data)
    ls_sample_tick                           0x20000009   Data           1  app_modes.o(.data)
    .data                                    0x2000000a   Section        3  app_ui.o(.data)
    last_brightness                          0x2000000a   Data           1  app_ui.o(.data)
    last_color                               0x2000000b   Data           1  app_ui.o(.data)
    mode_prev                                0x2000000c   Data           1  app_ui.o(.data)
    .data                                    0x20000010   Section       24  asrpro_drv.o(.data)
    asr_rx                                   0x20000010   Data          24  asrpro_drv.o(.data)
    .data                                    0x20000028   Section      128  bt_drv.o(.data)
    bt_cmd                                   0x20000028   Data         128  bt_drv.o(.data)
    .data                                    0x200000a8   Section        3  key.o(.data)
    .data                                    0x200000ab   Section        2  buzzer_drv.o(.data)
    buzzer                                   0x200000ab   Data           2  buzzer_drv.o(.data)
    .data                                    0x200000b0   Section       12  stm32f1xx_hal.o(.data)
    .data                                    0x200000bc   Section        4  errno.o(.data)
    _errno                                   0x200000bc   Data           4  errno.o(.data)
    .bss                                     0x200000c0   Section      116  adc.o(.bss)
    .bss                                     0x20000134   Section       84  i2c.o(.bss)
    .bss                                     0x20000188   Section       88  spi.o(.bss)
    .bss                                     0x200001e0   Section      212  tim.o(.bss)
    .bss                                     0x200002b4   Section      280  usart.o(.bss)
    .bss                                     0x200003cc   Section       24  app_common.o(.bss)
    .bss                                     0x200003e4   Section       67  bt_drv.o(.bss)
    bt                                       0x200003e4   Data          67  bt_drv.o(.bss)
    .bss                                     0x20000428   Section     2100  mic_drv.o(.bss)
    mic                                      0x20000428   Data        2100  mic_drv.o(.bss)
    .bss                                     0x20000c5c   Section      156  rgb_drv.o(.bss)
    rgb                                      0x20000c5c   Data         156  rgb_drv.o(.bss)
    STACK                                    0x20000cf8   Section     1024  startup_stm32f103xb.o(STACK)

    Global Symbols

    Symbol Name                              Value     Ov Type        Size  Object(Section)

    BuildAttributes$$THM_ISAv4$P$D$K$B$S$PE$A:L22UL41UL21$X:L11$S22US41US21$IEEE1$IW$USESV6$~STKCKD$USESV7$~SHL$OTIME$ROPI$IEEEX$EBA8$MICROLIB$REQ8$PRES8$EABIv2 0x00000000   Number         0  anon$$obj.o ABSOLUTE
    __ARM_use_no_argv                        0x00000000   Number         0  main.o ABSOLUTE
    _printf_a                                0x00000000   Number         0  stubs.o ABSOLUTE
    _printf_c                                0x00000000   Number         0  stubs.o ABSOLUTE
    _printf_charcount                        0x00000000   Number         0  stubs.o ABSOLUTE
    _printf_d                                0x00000000   Number         0  stubs.o ABSOLUTE
    _printf_e                                0x00000000   Number         0  stubs.o ABSOLUTE
    _printf_f                                0x00000000   Number         0  stubs.o ABSOLUTE
    _printf_flags                            0x00000000   Number         0  stubs.o ABSOLUTE
    _printf_fp_dec                           0x00000000   Number         0  stubs.o ABSOLUTE
    _printf_fp_hex                           0x00000000   Number         0  stubs.o ABSOLUTE
    _printf_g                                0x00000000   Number         0  stubs.o ABSOLUTE
    _printf_i                                0x00000000   Number         0  stubs.o ABSOLUTE
    _printf_int_dec                          0x00000000   Number         0  stubs.o ABSOLUTE
    _printf_l                                0x00000000   Number         0  stubs.o ABSOLUTE
    _printf_lc                               0x00000000   Number         0  stubs.o ABSOLUTE
    _printf_ll                               0x00000000   Number         0  stubs.o ABSOLUTE
    _printf_lld                              0x00000000   Number         0  stubs.o ABSOLUTE
    _printf_lli                              0x00000000   Number         0  stubs.o ABSOLUTE
    _printf_llo                              0x00000000   Number         0  stubs.o ABSOLUTE
    _printf_llu                              0x00000000   Number         0  stubs.o ABSOLUTE
    _printf_llx                              0x00000000   Number         0  stubs.o ABSOLUTE
    _printf_longlong_dec                     0x00000000   Number         0  stubs.o ABSOLUTE
    _printf_longlong_hex                     0x00000000   Number         0  stubs.o ABSOLUTE
    _printf_longlong_oct                     0x00000000   Number         0  stubs.o ABSOLUTE
    _printf_ls                               0x00000000   Number         0  stubs.o ABSOLUTE
    _printf_mbtowc                           0x00000000   Number         0  stubs.o ABSOLUTE
    _printf_n                                0x00000000   Number         0  stubs.o ABSOLUTE
    _printf_o                                0x00000000   Number         0  stubs.o ABSOLUTE
    _printf_p                                0x00000000   Number         0  stubs.o ABSOLUTE
    _printf_percent                          0x00000000   Number         0  stubs.o ABSOLUTE
    _printf_pre_padding                      0x00000000   Number         0  stubs.o ABSOLUTE
    _printf_return_value                     0x00000000   Number         0  stubs.o ABSOLUTE
    _printf_s                                0x00000000   Number         0  stubs.o ABSOLUTE
    _printf_sizespec                         0x00000000   Number         0  stubs.o ABSOLUTE
    _printf_str                              0x00000000   Number         0  stubs.o ABSOLUTE
    _printf_truncate_signed                  0x00000000   Number         0  stubs.o ABSOLUTE
    _printf_truncate_unsigned                0x00000000   Number         0  stubs.o ABSOLUTE
    _printf_u                                0x00000000   Number         0  stubs.o ABSOLUTE
    _printf_wc                               0x00000000   Number         0  stubs.o ABSOLUTE
    _printf_wctomb                           0x00000000   Number         0  stubs.o ABSOLUTE
    _printf_widthprec                        0x00000000   Number         0  stubs.o ABSOLUTE
    _printf_x                                0x00000000   Number         0  stubs.o ABSOLUTE
    __cpp_initialize__aeabi_                  - Undefined Weak Reference
    __cxa_finalize                            - Undefined Weak Reference
    __decompress                              - Undefined Weak Reference
    _clock_init                               - Undefined Weak Reference
    _microlib_exit                            - Undefined Weak Reference
    __Vectors_Size                           0x000000ec   Number         0  startup_stm32f103xb.o ABSOLUTE
    __Vectors                                0x08000000   Data           4  startup_stm32f103xb.o(RESET)
    __Vectors_End                            0x080000ec   Data           0  startup_stm32f103xb.o(RESET)
    __main                                   0x080000ed   Thumb Code     0  entry.o(.ARM.Collect$$$$00000000)
    _main_stk                                0x080000ed   Thumb Code     0  entry2.o(.ARM.Collect$$$$00000001)
    _main_scatterload                        0x080000f1   Thumb Code     0  entry5.o(.ARM.Collect$$$$00000004)
    __main_after_scatterload                 0x080000f5   Thumb Code     0  entry5.o(.ARM.Collect$$$$00000004)
    _main_clock                              0x080000f5   Thumb Code     0  entry7b.o(.ARM.Collect$$$$00000008)
    _main_cpp_init                           0x080000f5   Thumb Code     0  entry8b.o(.ARM.Collect$$$$0000000A)
    _main_init                               0x080000f5   Thumb Code     0  entry9a.o(.ARM.Collect$$$$0000000B)
    __rt_final_cpp                           0x080000fd   Thumb Code     0  entry10a.o(.ARM.Collect$$$$0000000D)
    __rt_final_exit                          0x080000fd   Thumb Code     0  entry11a.o(.ARM.Collect$$$$0000000F)
    Reset_Handler                            0x08000101   Thumb Code     8  startup_stm32f103xb.o(.text)
    ADC1_2_IRQHandler                        0x0800011b   Thumb Code     0  startup_stm32f103xb.o(.text)
    CAN1_RX1_IRQHandler                      0x0800011b   Thumb Code     0  startup_stm32f103xb.o(.text)
    CAN1_SCE_IRQHandler                      0x0800011b   Thumb Code     0  startup_stm32f103xb.o(.text)
    DMA1_Channel3_IRQHandler                 0x0800011b   Thumb Code     0  startup_stm32f103xb.o(.text)
    DMA1_Channel6_IRQHandler                 0x0800011b   Thumb Code     0  startup_stm32f103xb.o(.text)
    DMA1_Channel7_IRQHandler                 0x0800011b   Thumb Code     0  startup_stm32f103xb.o(.text)
    EXTI15_10_IRQHandler                     0x0800011b   Thumb Code     0  startup_stm32f103xb.o(.text)
    EXTI2_IRQHandler                         0x0800011b   Thumb Code     0  startup_stm32f103xb.o(.text)
    EXTI4_IRQHandler                         0x0800011b   Thumb Code     0  startup_stm32f103xb.o(.text)
    EXTI9_5_IRQHandler                       0x0800011b   Thumb Code     0  startup_stm32f103xb.o(.text)
    FLASH_IRQHandler                         0x0800011b   Thumb Code     0  startup_stm32f103xb.o(.text)
    I2C1_ER_IRQHandler                       0x0800011b   Thumb Code     0  startup_stm32f103xb.o(.text)
    I2C1_EV_IRQHandler                       0x0800011b   Thumb Code     0  startup_stm32f103xb.o(.text)
    I2C2_ER_IRQHandler                       0x0800011b   Thumb Code     0  startup_stm32f103xb.o(.text)
    I2C2_EV_IRQHandler                       0x0800011b   Thumb Code     0  startup_stm32f103xb.o(.text)
    PVD_IRQHandler                           0x0800011b   Thumb Code     0  startup_stm32f103xb.o(.text)
    RCC_IRQHandler                           0x0800011b   Thumb Code     0  startup_stm32f103xb.o(.text)
    RTC_Alarm_IRQHandler                     0x0800011b   Thumb Code     0  startup_stm32f103xb.o(.text)
    RTC_IRQHandler                           0x0800011b   Thumb Code     0  startup_stm32f103xb.o(.text)
    SPI1_IRQHandler                          0x0800011b   Thumb Code     0  startup_stm32f103xb.o(.text)
    SPI2_IRQHandler                          0x0800011b   Thumb Code     0  startup_stm32f103xb.o(.text)
    TAMPER_IRQHandler                        0x0800011b   Thumb Code     0  startup_stm32f103xb.o(.text)
    TIM1_BRK_IRQHandler                      0x0800011b   Thumb Code     0  startup_stm32f103xb.o(.text)
    TIM1_CC_IRQHandler                       0x0800011b   Thumb Code     0  startup_stm32f103xb.o(.text)
    TIM1_TRG_COM_IRQHandler                  0x0800011b   Thumb Code     0  startup_stm32f103xb.o(.text)
    TIM1_UP_IRQHandler                       0x0800011b   Thumb Code     0  startup_stm32f103xb.o(.text)
    TIM2_IRQHandler                          0x0800011b   Thumb Code     0  startup_stm32f103xb.o(.text)
    TIM3_IRQHandler                          0x0800011b   Thumb Code     0  startup_stm32f103xb.o(.text)
    TIM4_IRQHandler                          0x0800011b   Thumb Code     0  startup_stm32f103xb.o(.text)
    USART3_IRQHandler                        0x0800011b   Thumb Code     0  startup_stm32f103xb.o(.text)
    USBWakeUp_IRQHandler                     0x0800011b   Thumb Code     0  startup_stm32f103xb.o(.text)
    USB_HP_CAN1_TX_IRQHandler                0x0800011b   Thumb Code     0  startup_stm32f103xb.o(.text)
    USB_LP_CAN1_RX0_IRQHandler               0x0800011b   Thumb Code     0  startup_stm32f103xb.o(.text)
    WWDG_IRQHandler                          0x0800011b   Thumb Code     0  startup_stm32f103xb.o(.text)
    __aeabi_memcpy                           0x08000125   Thumb Code    36  memcpya.o(.text)
    __aeabi_memcpy4                          0x08000125   Thumb Code     0  memcpya.o(.text)
    __aeabi_memcpy8                          0x08000125   Thumb Code     0  memcpya.o(.text)
    __aeabi_memset                           0x08000149   Thumb Code    14  memseta.o(.text)
    __aeabi_memset4                          0x08000149   Thumb Code     0  memseta.o(.text)
    __aeabi_memset8                          0x08000149   Thumb Code     0  memseta.o(.text)
    __aeabi_memclr                           0x08000157   Thumb Code     4  memseta.o(.text)
    __aeabi_memclr4                          0x08000157   Thumb Code     0  memseta.o(.text)
    __aeabi_memclr8                          0x08000157   Thumb Code     0  memseta.o(.text)
    _memset$wrapper                          0x0800015b   Thumb Code    18  memseta.o(.text)
    strlen                                   0x0800016d   Thumb Code    14  strlen.o(.text)
    strncmp                                  0x0800017b   Thumb Code    30  strncmp.o(.text)
    __aeabi_fadd                             0x08000199   Thumb Code   164  fadd.o(.text)
    __aeabi_fsub                             0x0800023d   Thumb Code     6  fadd.o(.text)
    __aeabi_frsub                            0x08000243   Thumb Code     6  fadd.o(.text)
    __aeabi_fmul                             0x08000249   Thumb Code   100  fmul.o(.text)
    __aeabi_fdiv                             0x080002ad   Thumb Code   124  fdiv.o(.text)
    __ARM_scalbnf                            0x08000329   Thumb Code    24  fscalb.o(.text)
    scalbnf                                  0x08000329   Thumb Code     0  fscalb.o(.text)
    __aeabi_ui2f                             0x08000341   Thumb Code    10  ffltui.o(.text)
    __aeabi_f2uiz                            0x0800034b   Thumb Code    40  ffixui.o(.text)
    __aeabi_uidiv                            0x08000373   Thumb Code     0  uidiv.o(.text)
    __aeabi_uidivmod                         0x08000373   Thumb Code    44  uidiv.o(.text)
    __I$use$fp                               0x0800039f   Thumb Code     0  iusefp.o(.text)
    _float_round                             0x0800039f   Thumb Code    18  fepilogue.o(.text)
    _float_epilogue                          0x080003b1   Thumb Code    92  fepilogue.o(.text)
    _fsqrt                                   0x0800040d   Thumb Code    94  fsqrt.o(.text)
    _frnd                                    0x0800046b   Thumb Code    60  frnd.o(.text)
    __aeabi_f2iz                             0x080004a7   Thumb Code    50  ffixi.o(.text)
    __scatterload                            0x080004d9   Thumb Code    28  init.o(.text)
    __scatterload_rt2                        0x080004d9   Thumb Code     0  init.o(.text)
    __aeabi_i2f                              0x080004fd   Thumb Code    18  fflti.o(.text)
    ADC_ConversionStop_Disable               0x08000511   Thumb Code    86  stm32f1xx_hal_adc.o(i.ADC_ConversionStop_Disable)
    ADC_DMAConvCplt                          0x08000567   Thumb Code    78  stm32f1xx_hal_adc.o(i.ADC_DMAConvCplt)
    ADC_DMAError                             0x080005b5   Thumb Code    26  stm32f1xx_hal_adc.o(i.ADC_DMAError)
    ADC_DMAHalfConvCplt                      0x080005cf   Thumb Code    10  stm32f1xx_hal_adc.o(i.ADC_DMAHalfConvCplt)
    ADC_Enable                               0x080005d9   Thumb Code   114  stm32f1xx_hal_adc.o(i.ADC_Enable)
    BT_DataProcess                           0x08000655   Thumb Code   118  bt_drv.o(i.BT_DataProcess)
    BT_GetCmd                                0x0800071d   Thumb Code    34  bt_drv.o(i.BT_GetCmd)
    BT_WriteBytes                            0x08000745   Thumb Code    18  bt_drv.o(i.BT_WriteBytes)
    BT_isReceive                             0x0800075d   Thumb Code    12  bt_drv.o(i.BT_isReceive)
    BusFault_Handler                         0x0800076d   Thumb Code     2  stm32f1xx_it.o(i.BusFault_Handler)
    DMA1_Channel1_IRQHandler                 0x08000771   Thumb Code     6  stm32f1xx_it.o(i.DMA1_Channel1_IRQHandler)
    DMA1_Channel2_IRQHandler                 0x0800077d   Thumb Code     6  stm32f1xx_it.o(i.DMA1_Channel2_IRQHandler)
    DMA1_Channel4_IRQHandler                 0x08000789   Thumb Code     6  stm32f1xx_it.o(i.DMA1_Channel4_IRQHandler)
    DMA1_Channel5_IRQHandler                 0x08000795   Thumb Code     6  stm32f1xx_it.o(i.DMA1_Channel5_IRQHandler)
    DebugMon_Handler                         0x080007cb   Thumb Code     2  stm32f1xx_it.o(i.DebugMon_Handler)
    EXTI0_IRQHandler                         0x080007cd   Thumb Code     6  stm32f1xx_it.o(i.EXTI0_IRQHandler)
    EXTI1_IRQHandler                         0x080007d3   Thumb Code     6  stm32f1xx_it.o(i.EXTI1_IRQHandler)
    EXTI3_IRQHandler                         0x080007d9   Thumb Code     6  stm32f1xx_it.o(i.EXTI3_IRQHandler)
    Error_Handler                            0x080007df   Thumb Code     4  main.o(i.Error_Handler)
    HAL_ADC_ConfigChannel                    0x080007e5   Thumb Code   240  stm32f1xx_hal_adc.o(i.HAL_ADC_ConfigChannel)
    HAL_ADC_ConvCpltCallback                 0x080008e1   Thumb Code     2  stm32f1xx_hal_adc.o(i.HAL_ADC_ConvCpltCallback)
    HAL_ADC_ConvHalfCpltCallback             0x080008e3   Thumb Code     2  stm32f1xx_hal_adc.o(i.HAL_ADC_ConvHalfCpltCallback)
    HAL_ADC_ErrorCallback                    0x080008e5   Thumb Code     2  stm32f1xx_hal_adc.o(i.HAL_ADC_ErrorCallback)
    HAL_ADC_Init                             0x080008e9   Thumb Code   272  stm32f1xx_hal_adc.o(i.HAL_ADC_Init)
    HAL_ADC_MspInit                          0x08000a05   Thumb Code   124  adc.o(i.HAL_ADC_MspInit)
    HAL_ADC_Start_DMA                        0x08000a95   Thumb Code   246  stm32f1xx_hal_adc.o(i.HAL_ADC_Start_DMA)
    HAL_ADC_Stop_DMA                         0x08000ba1   Thumb Code    86  stm32f1xx_hal_adc.o(i.HAL_ADC_Stop_DMA)
    HAL_DMA_Abort                            0x08000bf7   Thumb Code    70  stm32f1xx_hal_dma.o(i.HAL_DMA_Abort)
    HAL_DMA_Abort_IT                         0x08000c3d   Thumb Code   148  stm32f1xx_hal_dma.o(i.HAL_DMA_Abort_IT)
    HAL_DMA_IRQHandler                       0x08000cd5   Thumb Code   316  stm32f1xx_hal_dma.o(i.HAL_DMA_IRQHandler)
    HAL_DMA_Init                             0x08000e29   Thumb Code    84  stm32f1xx_hal_dma.o(i.HAL_DMA_Init)
    HAL_DMA_Start_IT                         0x08000e85   Thumb Code   112  stm32f1xx_hal_dma.o(i.HAL_DMA_Start_IT)
    HAL_Delay                                0x08000ef5   Thumb Code    32  stm32f1xx_hal.o(i.HAL_Delay)
    HAL_GPIO_EXTI_Callback                   0x08000f19   Thumb Code    28  key.o(i.HAL_GPIO_EXTI_Callback)
    HAL_GPIO_EXTI_IRQHandler                 0x08000f39   Thumb Code    18  stm32f1xx_hal_gpio.o(i.HAL_GPIO_EXTI_IRQHandler)
    HAL_GPIO_Init                            0x08000f51   Thumb Code   446  stm32f1xx_hal_gpio.o(i.HAL_GPIO_Init)
    HAL_GPIO_WritePin                        0x08001131   Thumb Code    10  stm32f1xx_hal_gpio.o(i.HAL_GPIO_WritePin)
    HAL_GetTick                              0x0800113d   Thumb Code     6  stm32f1xx_hal.o(i.HAL_GetTick)
    HAL_I2C_Init                             0x08001149   Thumb Code   376  stm32f1xx_hal_i2c.o(i.HAL_I2C_Init)
    HAL_I2C_Master_Receive                   0x080012d1   Thumb Code   576  stm32f1xx_hal_i2c.o(i.HAL_I2C_Master_Receive)
    HAL_I2C_Master_Transmit                  0x08001521   Thumb Code   290  stm32f1xx_hal_i2c.o(i.HAL_I2C_Master_Transmit)
    HAL_I2C_MspInit                          0x0800164d   Thumb Code    80  i2c.o(i.HAL_I2C_MspInit)
    HAL_IncTick                              0x080016a9   Thumb Code    12  stm32f1xx_hal.o(i.HAL_IncTick)
    HAL_Init                                 0x080016b9   Thumb Code    32  stm32f1xx_hal.o(i.HAL_Init)
    HAL_InitTick                             0x080016dd   Thumb Code    54  stm32f1xx_hal.o(i.HAL_InitTick)
    HAL_MspInit                              0x0800171d   Thumb Code    52  stm32f1xx_hal_msp.o(i.HAL_MspInit)
    HAL_NVIC_EnableIRQ                       0x08001759   Thumb Code    26  stm32f1xx_hal_cortex.o(i.HAL_NVIC_EnableIRQ)
    HAL_NVIC_SetPriority                     0x08001775   Thumb Code    60  stm32f1xx_hal_cortex.o(i.HAL_NVIC_SetPriority)
    HAL_NVIC_SetPriorityGrouping             0x080017b5   Thumb Code    26  stm32f1xx_hal_cortex.o(i.HAL_NVIC_SetPriorityGrouping)
    HAL_RCCEx_PeriphCLKConfig                0x080017d9   Thumb Code   224  stm32f1xx_hal_rcc_ex.o(i.HAL_RCCEx_PeriphCLKConfig)
    HAL_RCC_ClockConfig                      0x080018c5   Thumb Code   280  stm32f1xx_hal_rcc.o(i.HAL_RCC_ClockConfig)
    HAL_RCC_GetPCLK1Freq                     0x080019f1   Thumb Code    20  stm32f1xx_hal_rcc.o(i.HAL_RCC_GetPCLK1Freq)
    HAL_RCC_GetPCLK2Freq                     0x08001a11   Thumb Code    20  stm32f1xx_hal_rcc.o(i.HAL_RCC_GetPCLK2Freq)
    HAL_RCC_GetSysClockFreq                  0x08001a31   Thumb Code    58  stm32f1xx_hal_rcc.o(i.HAL_RCC_GetSysClockFreq)
    HAL_RCC_OscConfig                        0x08001a7d   Thumb Code   778  stm32f1xx_hal_rcc.o(i.HAL_RCC_OscConfig)
    HAL_SPI_Init                             0x08001d9d   Thumb Code   178  stm32f1xx_hal_spi.o(i.HAL_SPI_Init)
    HAL_SPI_MspInit                          0x08001e51   Thumb Code    98  spi.o(i.HAL_SPI_MspInit)
    HAL_SPI_Transmit                         0x08001ec1   Thumb Code   358  stm32f1xx_hal_spi.o(i.HAL_SPI_Transmit)
    HAL_SYSTICK_Config                       0x08002027   Thumb Code    40  stm32f1xx_hal_cortex.o(i.HAL_SYSTICK_Config)
    HAL_TIMEx_ConfigBreakDeadTime            0x0800204f   Thumb Code    84  stm32f1xx_hal_tim_ex.o(i.HAL_TIMEx_ConfigBreakDeadTime)
    HAL_TIMEx_MasterConfigSynchronization    0x080020a5   Thumb Code    92  stm32f1xx_hal_tim_ex.o(i.HAL_TIMEx_MasterConfigSynchronization)
    HAL_TIM_Base_Init                        0x0800210d   Thumb Code    90  stm32f1xx_hal_tim.o(i.HAL_TIM_Base_Init)
    HAL_TIM_Base_MspInit                     0x08002169   Thumb Code   102  tim.o(i.HAL_TIM_Base_MspInit)
    HAL_TIM_Base_Start                       0x080021e5   Thumb Code    66  stm32f1xx_hal_tim.o(i.HAL_TIM_Base_Start)
    HAL_TIM_Base_Stop                        0x08002235   Thumb Code    38  stm32f1xx_hal_tim.o(i.HAL_TIM_Base_Stop)
    HAL_TIM_ConfigClockSource                0x0800225b   Thumb Code   220  stm32f1xx_hal_tim.o(i.HAL_TIM_ConfigClockSource)
    HAL_TIM_ErrorCallback                    0x08002337   Thumb Code     2  stm32f1xx_hal_tim.o(i.HAL_TIM_ErrorCallback)
    HAL_TIM_MspPostInit                      0x08002339   Thumb Code    64  tim.o(i.HAL_TIM_MspPostInit)
    HAL_TIM_PWM_ConfigChannel                0x08002385   Thumb Code   204  stm32f1xx_hal_tim.o(i.HAL_TIM_PWM_ConfigChannel)
    HAL_TIM_PWM_Init                         0x08002451   Thumb Code    90  stm32f1xx_hal_tim.o(i.HAL_TIM_PWM_Init)
    HAL_TIM_PWM_MspInit                      0x080024ab   Thumb Code     2  stm32f1xx_hal_tim.o(i.HAL_TIM_PWM_MspInit)
    HAL_TIM_PWM_PulseFinishedCallback        0x080024ad   Thumb Code    28  rgb_drv.o(i.HAL_TIM_PWM_PulseFinishedCallback)
    HAL_TIM_PWM_PulseFinishedHalfCpltCallback 0x080024d1   Thumb Code     2  stm32f1xx_hal_tim.o(i.HAL_TIM_PWM_PulseFinishedHalfCpltCallback)
    HAL_TIM_PWM_Start_DMA                    0x080024d5   Thumb Code   378  stm32f1xx_hal_tim.o(i.HAL_TIM_PWM_Start_DMA)
    HAL_TIM_PWM_Stop_DMA                     0x08002669   Thumb Code   190  stm32f1xx_hal_tim.o(i.HAL_TIM_PWM_Stop_DMA)
    HAL_UARTEx_ReceiveToIdle_DMA             0x0800272d   Thumb Code    74  stm32f1xx_hal_uart.o(i.HAL_UARTEx_ReceiveToIdle_DMA)
    HAL_UARTEx_RxEventCallback               0x08002779   Thumb Code    44  bt_drv.o(i.HAL_UARTEx_RxEventCallback)
    HAL_UART_ErrorCallback                   0x080027ad   Thumb Code     2  stm32f1xx_hal_uart.o(i.HAL_UART_ErrorCallback)
    HAL_UART_IRQHandler                      0x080027b1   Thumb Code   616  stm32f1xx_hal_uart.o(i.HAL_UART_IRQHandler)
    HAL_UART_Init                            0x08002a1d   Thumb Code   100  stm32f1xx_hal_uart.o(i.HAL_UART_Init)
    HAL_UART_MspInit                         0x08002a81   Thumb Code   286  usart.o(i.HAL_UART_MspInit)
    HAL_UART_Receive_IT                      0x08002bb9   Thumb Code    28  stm32f1xx_hal_uart.o(i.HAL_UART_Receive_IT)
    HAL_UART_RxCpltCallback                  0x08002bd5   Thumb Code    74  asrpro_drv.o(i.HAL_UART_RxCpltCallback)
    HAL_UART_RxHalfCpltCallback              0x08002c29   Thumb Code     2  stm32f1xx_hal_uart.o(i.HAL_UART_RxHalfCpltCallback)
    HAL_UART_Transmit_DMA                    0x08002c2d   Thumb Code   106  stm32f1xx_hal_uart.o(i.HAL_UART_Transmit_DMA)
    HAL_UART_TxCpltCallback                  0x08002ca5   Thumb Code     2  stm32f1xx_hal_uart.o(i.HAL_UART_TxCpltCallback)
    HAL_UART_TxHalfCpltCallback              0x08002ca7   Thumb Code     2  stm32f1xx_hal_uart.o(i.HAL_UART_TxHalfCpltCallback)
    HardFault_Handler                        0x08002ca9   Thumb Code     2  stm32f1xx_it.o(i.HardFault_Handler)
    I2C_ReadRaw                              0x08002e8d   Thumb Code    50  i2c_drv.o(i.I2C_ReadRaw)
    I2C_WriteRaw                             0x08003127   Thumb Code    44  i2c_drv.o(i.I2C_WriteRaw)
    MX_ADC1_Init                             0x08003155   Thumb Code    70  adc.o(i.MX_ADC1_Init)
    MX_DMA_Init                              0x080031a5   Thumb Code    88  dma.o(i.MX_DMA_Init)
    MX_GPIO_Init                             0x08003201   Thumb Code   248  gpio.o(i.MX_GPIO_Init)
    MX_I2C1_Init                             0x08003309   Thumb Code    50  i2c.o(i.MX_I2C1_Init)
    MX_SPI1_Init                             0x08003349   Thumb Code    62  spi.o(i.MX_SPI1_Init)
    MX_TIM1_Init                             0x08003391   Thumb Code   188  tim.o(i.MX_TIM1_Init)
    MX_TIM3_Init                             0x08003455   Thumb Code    96  tim.o(i.MX_TIM3_Init)
    MX_USART1_UART_Init                      0x080034bd   Thumb Code    48  usart.o(i.MX_USART1_UART_Init)
    MX_USART2_UART_Init                      0x080034f5   Thumb Code    48  usart.o(i.MX_USART2_UART_Init)
    MemManage_Handler                        0x0800352d   Thumb Code     2  stm32f1xx_it.o(i.MemManage_Handler)
    NMI_Handler                              0x0800352f   Thumb Code     2  stm32f1xx_it.o(i.NMI_Handler)
    PendSV_Handler                           0x08003531   Thumb Code     2  stm32f1xx_it.o(i.PendSV_Handler)
    SPI_WriteByte                            0x08003621   Thumb Code    14  spi_drv.o(i.SPI_WriteByte)
    SVC_Handler                              0x0800362f   Thumb Code     2  stm32f1xx_it.o(i.SVC_Handler)
    SysTick_Handler                          0x08003631   Thumb Code    14  stm32f1xx_it.o(i.SysTick_Handler)
    Sys_Control_By_BTorASR                   0x08003641   Thumb Code   102  app_algorithm.o(i.Sys_Control_By_BTorASR)
    SystemClock_Config                       0x080036ad   Thumb Code   120  main.o(i.SystemClock_Config)
    SystemInit                               0x08003725   Thumb Code     2  system_stm32f1xx.o(i.SystemInit)
    TIM_Base_SetConfig                       0x08003729   Thumb Code   108  stm32f1xx_hal_tim.o(i.TIM_Base_SetConfig)
    TIM_CCxChannelCmd                        0x080037a1   Thumb Code    26  stm32f1xx_hal_tim.o(i.TIM_CCxChannelCmd)
    TIM_DMADelayPulseHalfCplt                0x08003819   Thumb Code    56  stm32f1xx_hal_tim.o(i.TIM_DMADelayPulseHalfCplt)
    TIM_DMAError                             0x08003851   Thumb Code    84  stm32f1xx_hal_tim.o(i.TIM_DMAError)
    TIM_ETR_SetConfig                        0x080038a5   Thumb Code    20  stm32f1xx_hal_tim.o(i.TIM_ETR_SetConfig)
    TIM_OC2_SetConfig                        0x08003919   Thumb Code    84  stm32f1xx_hal_tim.o(i.TIM_OC2_SetConfig)
    UART_Start_Receive_DMA                   0x08003d81   Thumb Code   130  stm32f1xx_hal_uart.o(i.UART_Start_Receive_DMA)
    UART_Start_Receive_IT                    0x08003e11   Thumb Code    54  stm32f1xx_hal_uart.o(i.UART_Start_Receive_IT)
    USART1_IRQHandler                        0x08003e49   Thumb Code     6  stm32f1xx_it.o(i.USART1_IRQHandler)
    USART2_IRQHandler                        0x08003e55   Thumb Code     6  stm32f1xx_it.o(i.USART2_IRQHandler)
    UsageFault_Handler                       0x08003e61   Thumb Code     2  stm32f1xx_it.o(i.UsageFault_Handler)
    __0sprintf$3                             0x08003e65   Thumb Code    34  printf3.o(i.__0sprintf$3)
    __1sprintf$3                             0x08003e65   Thumb Code     0  printf3.o(i.__0sprintf$3)
    __2sprintf                               0x08003e65   Thumb Code     0  printf3.o(i.__0sprintf$3)
    __mathlib_flt_infnan                     0x08003ead   Thumb Code     6  funder.o(i.__mathlib_flt_infnan)
    __mathlib_flt_invalid                    0x08003eb3   Thumb Code     8  funder.o(i.__mathlib_flt_invalid)
    __mathlib_rredf2                         0x08003ebd   Thumb Code   344  rredf.o(i.__mathlib_rredf2)
    __scatterload_copy                       0x08004025   Thumb Code    14  handlers.o(i.__scatterload_copy)
    __scatterload_null                       0x08004033   Thumb Code     2  handlers.o(i.__scatterload_null)
    __scatterload_zeroinit                   0x08004035   Thumb Code    14  handlers.o(i.__scatterload_zeroinit)
    __set_errno                              0x08004045   Thumb Code     6  errno.o(i.__set_errno)
    asrpro_CheckCmdValid                     0x08004215   Thumb Code    46  asrpro_drv.o(i.asrpro_CheckCmdValid)
    asrpro_ClearBuffer                       0x08004249   Thumb Code    30  asrpro_drv.o(i.asrpro_ClearBuffer)
    asrpro_ErroeHandler                      0x0800426d   Thumb Code    26  asrpro_drv.o(i.asrpro_ErroeHandler)
    asrpro_GetCmd                            0x0800428d   Thumb Code    38  asrpro_drv.o(i.asrpro_GetCmd)
    asrpro_Reset                             0x080042b9   Thumb Code    46  asrpro_drv.o(i.asrpro_Reset)
    buzzer_Init                              0x080042ed   Thumb Code    10  buzzer_drv.o(i.buzzer_Init)
    buzzer_monitor                           0x080042fd   Thumb Code    20  buzzer_drv.o(i.buzzer_monitor)
    buzzer_tick_handler                      0x08004319   Thumb Code    28  buzzer_drv.o(i.buzzer_tick_handler)
    buzzer_work                              0x08004339   Thumb Code    12  buzzer_drv.o(i.buzzer_work)
    cosf                                     0x0800435d   Thumb Code   328  cosf.o(i.cosf)
    drv_layer_Init                           0x0800450f   Thumb Code    14  drv_layer.o(i.drv_layer_Init)
    key_Read                                 0x0800451d   Thumb Code    58  key.o(i.key_Read)
    led_Init                                 0x0800455d   Thumb Code    30  led.o(i.led_Init)
    led_work                                 0x08004581   Thumb Code    36  led.o(i.led_work)
    ls_ChangeModeByLux                       0x080045a9   Thumb Code    50  light_sensor_drv.o(i.ls_ChangeModeByLux)
    ls_MeasureLight                          0x080045e5   Thumb Code    84  light_sensor_drv.o(i.ls_MeasureLight)
    ls_PowerOff                              0x0800463d   Thumb Code     6  light_sensor_drv.o(i.ls_PowerOff)
    ls_PowerOn                               0x08004643   Thumb Code    42  light_sensor_drv.o(i.ls_PowerOn)
    ls_Readdata                              0x0800466d   Thumb Code    12  light_sensor_drv.o(i.ls_Readdata)
    ls_Reset                                 0x0800467d   Thumb Code    30  light_sensor_drv.o(i.ls_Reset)
    ls_SetMode                               0x0800469b   Thumb Code    44  light_sensor_drv.o(i.ls_SetMode)
    ls_WriteByte                             0x080046c9   Thumb Code    16  light_sensor_drv.o(i.ls_WriteByte)
    main                                     0x080046dd   Thumb Code    58  main.o(i.main)
    mic_Calibrate                            0x08004719   Thumb Code    76  mic_drv.o(i.mic_Calibrate)
    mic_ClearBuf                             0x0800476d   Thumb Code    56  mic_drv.o(i.mic_ClearBuf)
    mic_GetFreq                              0x080047b1   Thumb Code    14  mic_drv.o(i.mic_GetFreq)
    mic_GetMaxfreq                           0x080047c5   Thumb Code     8  mic_drv.o(i.mic_GetMaxfreq)
    mic_PowerOff                             0x080047d1   Thumb Code    18  mic_drv.o(i.mic_PowerOff)
    mic_PowerOn                              0x080047ed   Thumb Code    42  mic_drv.o(i.mic_PowerOn)
    mic_Run                                  0x08004825   Thumb Code    26  mic_drv.o(i.mic_Run)
    mic_dma_buf_to_float                     0x08004845   Thumb Code    38  mic_drv.o(i.mic_dma_buf_to_float)
    mic_goertzel                             0x08004871   Thumb Code    50  mic_drv.o(i.mic_goertzel)
    mic_loudness_mapto_brightness            0x080048ad   Thumb Code    78  mic_drv.o(i.mic_loudness_mapto_brightness)
    module_Init                              0x08004905   Thumb Code    18  module_layer.o(i.module_Init)
    remap_lux_to_brightness                  0x08004919   Thumb Code    74  app_algorithm.o(i.remap_lux_to_brightness)
    rgb_ClearBuffer                          0x08004975   Thumb Code    26  rgb_drv.o(i.rgb_ClearBuffer)
    rgb_Display                              0x08004995   Thumb Code    10  rgb_drv.o(i.rgb_Display)
    rgb_Init                                 0x080049a1   Thumb Code    26  rgb_drv.o(i.rgb_Init)
    rgb_MapFreqToRGBValue                    0x080049c1   Thumb Code   130  rgb_drv.o(i.rgb_MapFreqToRGBValue)
    rgb_PowerOff                             0x08004a55   Thumb Code    10  rgb_drv.o(i.rgb_PowerOff)
    rgb_PowerOn                              0x08004a65   Thumb Code    26  rgb_drv.o(i.rgb_PowerOn)
    rgb_RunInMusic                           0x08004a7f   Thumb Code    32  rgb_drv.o(i.rgb_RunInMusic)
    rgb_SendBit                              0x08004aa1   Thumb Code   104  rgb_drv.o(i.rgb_SendBit)
    rgb_SetAllLed                            0x08004b11   Thumb Code    36  rgb_drv.o(i.rgb_SetAllLed)
    rgb_SetBrightness                        0x08004b39   Thumb Code    12  rgb_drv.o(i.rgb_SetBrightness)
    rgb_SetBrightnessDown                    0x08004b49   Thumb Code    34  rgb_drv.o(i.rgb_SetBrightnessDown)
    rgb_SetBrightnessUp                      0x08004b71   Thumb Code    34  rgb_drv.o(i.rgb_SetBrightnessUp)
    rgb_SetBrightness_Circle                 0x08004b99   Thumb Code    32  rgb_drv.o(i.rgb_SetBrightness_Circle)
    rgb_SetColor                             0x08004bbd   Thumb Code    10  rgb_drv.o(i.rgb_SetColor)
    rgb_SetColor_Circle                      0x08004bcd   Thumb Code    34  rgb_drv.o(i.rgb_SetColor_Circle)
    rgb_SetSingleLed                         0x08004bf5   Thumb Code    58  rgb_drv.o(i.rgb_SetSingleLed)
    rgb_brightness_filter                    0x08004c39   Thumb Code   102  rgb_drv.o(i.rgb_brightness_filter)
    rgb_update                               0x08004cb5   Thumb Code     4  rgb_drv.o(i.rgb_update)
    sqrtf                                    0x08004cb9   Thumb Code    44  sqrtf.o(i.sqrtf)
    sys_mode_Auto                            0x08004ce5   Thumb Code    90  app_modes.o(i.sys_mode_Auto)
    sys_mode_Auto_Init                       0x08004d49   Thumb Code    32  app_modes.o(i.sys_mode_Auto_Init)
    sys_mode_Manual                          0x08004d71   Thumb Code    46  app_modes.o(i.sys_mode_Manual)
    sys_mode_Manual_Init                     0x08004da5   Thumb Code    28  app_modes.o(i.sys_mode_Manual_Init)
    sys_mode_Music                           0x08004dc5   Thumb Code    18  app_modes.o(i.sys_mode_Music)
    sys_mode_Music_Init                      0x08004dd9   Thumb Code    28  app_modes.o(i.sys_mode_Music_Init)
    system_Control                           0x08004df9   Thumb Code    46  app_manager.o(i.system_Control)
    system_Init                              0x08004e2d   Thumb Code    14  app_manager.o(i.system_Init)
    system_PowerOff                          0x08004e3d   Thumb Code    34  app_manager.o(i.system_PowerOff)
    system_PowerOn                           0x08004e65   Thumb Code    44  app_manager.o(i.system_PowerOn)
    system_Run                               0x08004e95   Thumb Code    60  app_manager.o(i.system_Run)
    system_power_Control_key                 0x08004ed5   Thumb Code    38  app_manager.o(i.system_power_Control_key)
    system_show                              0x08004f01   Thumb Code    92  app_ui.o(i.system_show)
    system_show_Init                         0x08004f9d   Thumb Code    24  app_ui.o(i.system_show_Init)
    system_show_manual_auto                  0x08004fc9   Thumb Code   300  app_ui.o(i.system_show_manual_auto)
    system_show_music                        0x08005115   Thumb Code   112  app_ui.o(i.system_show_music)
    system_valiable_Init                     0x08005195   Thumb Code    36  app_common.o(i.system_valiable_Init)
    tft_ClearScreen                          0x080051c1   Thumb Code    62  tft_drv.o(i.tft_ClearScreen)
    tft_DisplayChar                          0x08005209   Thumb Code   146  tft_drv.o(i.tft_DisplayChar)
    tft_DisplayString                        0x080052a9   Thumb Code   100  tft_drv.o(i.tft_DisplayString)
    tft_DrawLine                             0x0800530d   Thumb Code   118  tft_drv.o(i.tft_DrawLine)
    tft_DrawPixel                            0x08005385   Thumb Code    54  tft_drv.o(i.tft_DrawPixel)
    tft_FillRect                             0x080053c5   Thumb Code   110  tft_drv.o(i.tft_FillRect)
    tft_Init                                 0x0800543d   Thumb Code   108  tft_drv.o(i.tft_Init)
    tft_PowerOff                             0x080054ad   Thumb Code    12  tft_drv.o(i.tft_PowerOff)
    tft_PowerOn                              0x080054bd   Thumb Code    10  tft_drv.o(i.tft_PowerOn)
    tft_SetAddrWindow                        0x080054cd   Thumb Code   238  tft_drv.o(i.tft_SetAddrWindow)
    tft_WriteByte                            0x080055c5   Thumb Code    50  tft_drv.o(i.tft_WriteByte)
    tft_WriteCmd                             0x08005601   Thumb Code    52  tft_drv.o(i.tft_WriteCmd)
    AHBPrescTable                            0x0800563c   Data          16  system_stm32f1xx.o(.constdata)
    APBPrescTable                            0x0800564c   Data           8  system_stm32f1xx.o(.constdata)
    LOW_MIN_COLOR                            0x080056cc   Data           3  rgb_drv.o(.constdata)
    LOW_MAX_COLOR                            0x080056cf   Data           3  rgb_drv.o(.constdata)
    MID_MIN_COLOR                            0x080056d2   Data           3  rgb_drv.o(.constdata)
    MID_MAX_COLOR                            0x080056d5   Data           3  rgb_drv.o(.constdata)
    HIGH_MIN_COLOR                           0x080056d8   Data           3  rgb_drv.o(.constdata)
    HIGH_MAX_COLOR                           0x080056db   Data           3  rgb_drv.o(.constdata)
    ASCII_Font8x16                           0x080056fc   Data        1520  tft_fonts.o(.constdata)
    Region$$Table$$Base                      0x08005d6c   Number         0  anon$$obj.o(Region$$Table)
    Region$$Table$$Limit                     0x08005d8c   Number         0  anon$$obj.o(Region$$Table)
    SystemCoreClock                          0x20000000   Data           4  system_stm32f1xx.o(.data)
    key                                      0x200000a8   Data           3  key.o(.data)
    uwTickFreq                               0x200000b0   Data           1  stm32f1xx_hal.o(.data)
    uwTickPrio                               0x200000b4   Data           4  stm32f1xx_hal.o(.data)
    uwTick                                   0x200000b8   Data           4  stm32f1xx_hal.o(.data)
    hadc1                                    0x200000c0   Data          48  adc.o(.bss)
    hdma_adc1                                0x200000f0   Data          68  adc.o(.bss)
    hi2c1                                    0x20000134   Data          84  i2c.o(.bss)
    hspi1                                    0x20000188   Data          88  spi.o(.bss)
    htim1                                    0x200001e0   Data          72  tim.o(.bss)
    htim3                                    0x20000228   Data          72  tim.o(.bss)
    hdma_tim1_ch1                            0x20000270   Data          68  tim.o(.bss)
    huart1                                   0x200002b4   Data          72  usart.o(.bss)
    huart2                                   0x200002fc   Data          72  usart.o(.bss)
    hdma_usart1_rx                           0x20000344   Data          68  usart.o(.bss)
    hdma_usart1_tx                           0x20000388   Data          68  usart.o(.bss)
    system                                   0x200003cc   Data          24  app_common.o(.bss)
    __initial_sp                             0x200010f8   Data           0  startup_stm32f103xb.o(STACK)



==============================================================================

Memory Map of the image

  Image Entry point : 0x080000ed

  Load Region LR_IROM1 (Base: 0x08000000, Size: 0x00005e4c, Max: 0x00010000, ABSOLUTE)

    Execution Region ER_IROM1 (Exec base: 0x08000000, Load base: 0x08000000, Size: 0x00005d8c, Max: 0x00010000, ABSOLUTE)

    Exec Addr    Load Addr    Size         Type   Attr      Idx    E Section Name        Object

    0x08000000   0x08000000   0x000000ec   Data   RO            3    RESET               startup_stm32f103xb.o
    0x080000ec   0x080000ec   0x00000000   Code   RO         5375  * .ARM.Collect$$$$00000000  mc_w.l(entry.o)
    0x080000ec   0x080000ec   0x00000004   Code   RO         5686    .ARM.Collect$$$$00000001  mc_w.l(entry2.o)
    0x080000f0   0x080000f0   0x00000004   Code   RO         5689    .ARM.Collect$$$$00000004  mc_w.l(entry5.o)
    0x080000f4   0x080000f4   0x00000000   Code   RO         5691    .ARM.Collect$$$$00000008  mc_w.l(entry7b.o)
    0x080000f4   0x080000f4   0x00000000   Code   RO         5693    .ARM.Collect$$$$0000000A  mc_w.l(entry8b.o)
    0x080000f4   0x080000f4   0x00000008   Code   RO         5694    .ARM.Collect$$$$0000000B  mc_w.l(entry9a.o)
    0x080000fc   0x080000fc   0x00000000   Code   RO         5696    .ARM.Collect$$$$0000000D  mc_w.l(entry10a.o)
    0x080000fc   0x080000fc   0x00000000   Code   RO         5698    .ARM.Collect$$$$0000000F  mc_w.l(entry11a.o)
    0x080000fc   0x080000fc   0x00000004   Code   RO         5687    .ARM.Collect$$$$00002712  mc_w.l(entry2.o)
    0x08000100   0x08000100   0x00000024   Code   RO            4    .text               startup_stm32f103xb.o
    0x08000124   0x08000124   0x00000024   Code   RO         5380    .text               mc_w.l(memcpya.o)
    0x08000148   0x08000148   0x00000024   Code   RO         5382    .text               mc_w.l(memseta.o)
    0x0800016c   0x0800016c   0x0000000e   Code   RO         5384    .text               mc_w.l(strlen.o)
    0x0800017a   0x0800017a   0x0000001e   Code   RO         5386    .text               mc_w.l(strncmp.o)
    0x08000198   0x08000198   0x000000b0   Code   RO         5651    .text               mf_w.l(fadd.o)
    0x08000248   0x08000248   0x00000064   Code   RO         5653    .text               mf_w.l(fmul.o)
    0x080002ac   0x080002ac   0x0000007c   Code   RO         5655    .text               mf_w.l(fdiv.o)
    0x08000328   0x08000328   0x00000018   Code   RO         5657    .text               mf_w.l(fscalb.o)
    0x08000340   0x08000340   0x0000000a   Code   RO         5661    .text               mf_w.l(ffltui.o)
    0x0800034a   0x0800034a   0x00000028   Code   RO         5663    .text               mf_w.l(ffixui.o)
    0x08000372   0x08000372   0x0000002c   Code   RO         5701    .text               mc_w.l(uidiv.o)
    0x0800039e   0x0800039e   0x00000000   Code   RO         5716    .text               mc_w.l(iusefp.o)
    0x0800039e   0x0800039e   0x0000006e   Code   RO         5717    .text               mf_w.l(fepilogue.o)
    0x0800040c   0x0800040c   0x0000005e   Code   RO         5719    .text               mf_w.l(fsqrt.o)
    0x0800046a   0x0800046a   0x0000003c   Code   RO         5721    .text               mf_w.l(frnd.o)
    0x080004a6   0x080004a6   0x00000032   Code   RO         5731    .text               mf_w.l(ffixi.o)
    0x080004d8   0x080004d8   0x00000024   Code   RO         5739    .text               mc_w.l(init.o)
    0x080004fc   0x080004fc   0x00000012   Code   RO         5741    .text               mf_w.l(fflti.o)
    0x0800050e   0x0800050e   0x00000002   PAD
    0x08000510   0x08000510   0x00000056   Code   RO         2006    i.ADC_ConversionStop_Disable  stm32f1xx_hal_adc.o
    0x08000566   0x08000566   0x0000004e   Code   RO         2007    i.ADC_DMAConvCplt   stm32f1xx_hal_adc.o
    0x080005b4   0x080005b4   0x0000001a   Code   RO         2008    i.ADC_DMAError      stm32f1xx_hal_adc.o
    0x080005ce   0x080005ce   0x0000000a   Code   RO         2009    i.ADC_DMAHalfConvCplt  stm32f1xx_hal_adc.o
    0x080005d8   0x080005d8   0x0000007c   Code   RO         2010    i.ADC_Enable        stm32f1xx_hal_adc.o
    0x08000654   0x08000654   0x000000c8   Code   RO         1039    i.BT_DataProcess    bt_drv.o
    0x0800071c   0x0800071c   0x00000028   Code   RO         1040    i.BT_GetCmd         bt_drv.o
    0x08000744   0x08000744   0x00000018   Code   RO         1043    i.BT_WriteBytes     bt_drv.o
    0x0800075c   0x0800075c   0x00000010   Code   RO         1044    i.BT_isReceive      bt_drv.o
    0x0800076c   0x0800076c   0x00000002   Code   RO          527    i.BusFault_Handler  stm32f1xx_it.o
    0x0800076e   0x0800076e   0x00000002   PAD
    0x08000770   0x08000770   0x0000000c   Code   RO          528    i.DMA1_Channel1_IRQHandler  stm32f1xx_it.o
    0x0800077c   0x0800077c   0x0000000c   Code   RO          529    i.DMA1_Channel2_IRQHandler  stm32f1xx_it.o
    0x08000788   0x08000788   0x0000000c   Code   RO          530    i.DMA1_Channel4_IRQHandler  stm32f1xx_it.o
    0x08000794   0x08000794   0x0000000c   Code   RO          531    i.DMA1_Channel5_IRQHandler  stm32f1xx_it.o
    0x080007a0   0x080007a0   0x0000002a   Code   RO         2662    i.DMA_SetConfig     stm32f1xx_hal_dma.o
    0x080007ca   0x080007ca   0x00000002   Code   RO          532    i.DebugMon_Handler  stm32f1xx_it.o
    0x080007cc   0x080007cc   0x00000006   Code   RO          533    i.EXTI0_IRQHandler  stm32f1xx_it.o
    0x080007d2   0x080007d2   0x00000006   Code   RO          534    i.EXTI1_IRQHandler  stm32f1xx_it.o
    0x080007d8   0x080007d8   0x00000006   Code   RO          535    i.EXTI3_IRQHandler  stm32f1xx_it.o
    0x080007de   0x080007de   0x00000004   Code   RO           13    i.Error_Handler     main.o
    0x080007e2   0x080007e2   0x00000002   PAD
    0x080007e4   0x080007e4   0x000000fc   Code   RO         2012    i.HAL_ADC_ConfigChannel  stm32f1xx_hal_adc.o
    0x080008e0   0x080008e0   0x00000002   Code   RO         2013    i.HAL_ADC_ConvCpltCallback  stm32f1xx_hal_adc.o
    0x080008e2   0x080008e2   0x00000002   Code   RO         2014    i.HAL_ADC_ConvHalfCpltCallback  stm32f1xx_hal_adc.o
    0x080008e4   0x080008e4   0x00000002   Code   RO         2016    i.HAL_ADC_ErrorCallback  stm32f1xx_hal_adc.o
    0x080008e6   0x080008e6   0x00000002   PAD
    0x080008e8   0x080008e8   0x0000011c   Code   RO         2021    i.HAL_ADC_Init      stm32f1xx_hal_adc.o
    0x08000a04   0x08000a04   0x00000090   Code   RO          276    i.HAL_ADC_MspInit   adc.o
    0x08000a94   0x08000a94   0x0000010c   Code   RO         2028    i.HAL_ADC_Start_DMA  stm32f1xx_hal_adc.o
    0x08000ba0   0x08000ba0   0x00000056   Code   RO         2031    i.HAL_ADC_Stop_DMA  stm32f1xx_hal_adc.o
    0x08000bf6   0x08000bf6   0x00000046   Code   RO         2663    i.HAL_DMA_Abort     stm32f1xx_hal_dma.o
    0x08000c3c   0x08000c3c   0x00000098   Code   RO         2664    i.HAL_DMA_Abort_IT  stm32f1xx_hal_dma.o
    0x08000cd4   0x08000cd4   0x00000154   Code   RO         2668    i.HAL_DMA_IRQHandler  stm32f1xx_hal_dma.o
    0x08000e28   0x08000e28   0x0000005c   Code   RO         2669    i.HAL_DMA_Init      stm32f1xx_hal_dma.o
    0x08000e84   0x08000e84   0x00000070   Code   RO         2673    i.HAL_DMA_Start_IT  stm32f1xx_hal_dma.o
    0x08000ef4   0x08000ef4   0x00000024   Code   RO         2289    i.HAL_Delay         stm32f1xx_hal.o
    0x08000f18   0x08000f18   0x00000020   Code   RO         1630    i.HAL_GPIO_EXTI_Callback  key.o
    0x08000f38   0x08000f38   0x00000018   Code   RO         2598    i.HAL_GPIO_EXTI_IRQHandler  stm32f1xx_hal_gpio.o
    0x08000f50   0x08000f50   0x000001e0   Code   RO         2599    i.HAL_GPIO_Init     stm32f1xx_hal_gpio.o
    0x08001130   0x08001130   0x0000000a   Code   RO         2603    i.HAL_GPIO_WritePin  stm32f1xx_hal_gpio.o
    0x0800113a   0x0800113a   0x00000002   PAD
    0x0800113c   0x0800113c   0x0000000c   Code   RO         2293    i.HAL_GetTick       stm32f1xx_hal.o
    0x08001148   0x08001148   0x00000188   Code   RO         3270    i.HAL_I2C_Init      stm32f1xx_hal_i2c.o
    0x080012d0   0x080012d0   0x00000250   Code   RO         3276    i.HAL_I2C_Master_Receive  stm32f1xx_hal_i2c.o
    0x08001520   0x08001520   0x0000012c   Code   RO         3283    i.HAL_I2C_Master_Transmit  stm32f1xx_hal_i2c.o
    0x0800164c   0x0800164c   0x0000005c   Code   RO          342    i.HAL_I2C_MspInit   i2c.o
    0x080016a8   0x080016a8   0x00000010   Code   RO         2299    i.HAL_IncTick       stm32f1xx_hal.o
    0x080016b8   0x080016b8   0x00000024   Code   RO         2300    i.HAL_Init          stm32f1xx_hal.o
    0x080016dc   0x080016dc   0x00000040   Code   RO         2301    i.HAL_InitTick      stm32f1xx_hal.o
    0x0800171c   0x0800171c   0x0000003c   Code   RO          657    i.HAL_MspInit       stm32f1xx_hal_msp.o
    0x08001758   0x08001758   0x0000001a   Code   RO         2759    i.HAL_NVIC_EnableIRQ  stm32f1xx_hal_cortex.o
    0x08001772   0x08001772   0x00000002   PAD
    0x08001774   0x08001774   0x00000040   Code   RO         2765    i.HAL_NVIC_SetPriority  stm32f1xx_hal_cortex.o
    0x080017b4   0x080017b4   0x00000024   Code   RO         2766    i.HAL_NVIC_SetPriorityGrouping  stm32f1xx_hal_cortex.o
    0x080017d8   0x080017d8   0x000000ec   Code   RO         2561    i.HAL_RCCEx_PeriphCLKConfig  stm32f1xx_hal_rcc_ex.o
    0x080018c4   0x080018c4   0x0000012c   Code   RO         2457    i.HAL_RCC_ClockConfig  stm32f1xx_hal_rcc.o
    0x080019f0   0x080019f0   0x00000020   Code   RO         2464    i.HAL_RCC_GetPCLK1Freq  stm32f1xx_hal_rcc.o
    0x08001a10   0x08001a10   0x00000020   Code   RO         2465    i.HAL_RCC_GetPCLK2Freq  stm32f1xx_hal_rcc.o
    0x08001a30   0x08001a30   0x0000004c   Code   RO         2466    i.HAL_RCC_GetSysClockFreq  stm32f1xx_hal_rcc.o
    0x08001a7c   0x08001a7c   0x00000320   Code   RO         2469    i.HAL_RCC_OscConfig  stm32f1xx_hal_rcc.o
    0x08001d9c   0x08001d9c   0x000000b2   Code   RO         3707    i.HAL_SPI_Init      stm32f1xx_hal_spi.o
    0x08001e4e   0x08001e4e   0x00000002   PAD
    0x08001e50   0x08001e50   0x00000070   Code   RO          384    i.HAL_SPI_MspInit   spi.o
    0x08001ec0   0x08001ec0   0x00000166   Code   RO         3715    i.HAL_SPI_Transmit  stm32f1xx_hal_spi.o
    0x08002026   0x08002026   0x00000028   Code   RO         2770    i.HAL_SYSTICK_Config  stm32f1xx_hal_cortex.o
    0x0800204e   0x0800204e   0x00000054   Code   RO         4727    i.HAL_TIMEx_ConfigBreakDeadTime  stm32f1xx_hal_tim_ex.o
    0x080020a2   0x080020a2   0x00000002   PAD
    0x080020a4   0x080020a4   0x00000068   Code   RO         4743    i.HAL_TIMEx_MasterConfigSynchronization  stm32f1xx_hal_tim_ex.o
    0x0800210c   0x0800210c   0x0000005a   Code   RO         4020    i.HAL_TIM_Base_Init  stm32f1xx_hal_tim.o
    0x08002166   0x08002166   0x00000002   PAD
    0x08002168   0x08002168   0x0000007c   Code   RO          426    i.HAL_TIM_Base_MspInit  tim.o
    0x080021e4   0x080021e4   0x00000050   Code   RO         4023    i.HAL_TIM_Base_Start  stm32f1xx_hal_tim.o
    0x08002234   0x08002234   0x00000026   Code   RO         4026    i.HAL_TIM_Base_Stop  stm32f1xx_hal_tim.o
    0x0800225a   0x0800225a   0x000000dc   Code   RO         4029    i.HAL_TIM_ConfigClockSource  stm32f1xx_hal_tim.o
    0x08002336   0x08002336   0x00000002   Code   RO         4050    i.HAL_TIM_ErrorCallback  stm32f1xx_hal_tim.o
    0x08002338   0x08002338   0x0000004c   Code   RO          427    i.HAL_TIM_MspPostInit  tim.o
    0x08002384   0x08002384   0x000000cc   Code   RO         4092    i.HAL_TIM_PWM_ConfigChannel  stm32f1xx_hal_tim.o
    0x08002450   0x08002450   0x0000005a   Code   RO         4095    i.HAL_TIM_PWM_Init  stm32f1xx_hal_tim.o
    0x080024aa   0x080024aa   0x00000002   Code   RO         4097    i.HAL_TIM_PWM_MspInit  stm32f1xx_hal_tim.o
    0x080024ac   0x080024ac   0x00000024   Code   RO         1364    i.HAL_TIM_PWM_PulseFinishedCallback  rgb_drv.o
    0x080024d0   0x080024d0   0x00000002   Code   RO         4099    i.HAL_TIM_PWM_PulseFinishedHalfCpltCallback  stm32f1xx_hal_tim.o
    0x080024d2   0x080024d2   0x00000002   PAD
    0x080024d4   0x080024d4   0x00000194   Code   RO         4101    i.HAL_TIM_PWM_Start_DMA  stm32f1xx_hal_tim.o
    0x08002668   0x08002668   0x000000c4   Code   RO         4104    i.HAL_TIM_PWM_Stop_DMA  stm32f1xx_hal_tim.o
    0x0800272c   0x0800272c   0x0000004a   Code   RO         5001    i.HAL_UARTEx_ReceiveToIdle_DMA  stm32f1xx_hal_uart.o
    0x08002776   0x08002776   0x00000002   PAD
    0x08002778   0x08002778   0x00000034   Code   RO         1045    i.HAL_UARTEx_RxEventCallback  bt_drv.o
    0x080027ac   0x080027ac   0x00000002   Code   RO         5017    i.HAL_UART_ErrorCallback  stm32f1xx_hal_uart.o
    0x080027ae   0x080027ae   0x00000002   PAD
    0x080027b0   0x080027b0   0x0000026c   Code   RO         5020    i.HAL_UART_IRQHandler  stm32f1xx_hal_uart.o
    0x08002a1c   0x08002a1c   0x00000064   Code   RO         5021    i.HAL_UART_Init     stm32f1xx_hal_uart.o
    0x08002a80   0x08002a80   0x00000138   Code   RO          480    i.HAL_UART_MspInit  usart.o
    0x08002bb8   0x08002bb8   0x0000001c   Code   RO         5026    i.HAL_UART_Receive_IT  stm32f1xx_hal_uart.o
    0x08002bd4   0x08002bd4   0x00000054   Code   RO          968    i.HAL_UART_RxCpltCallback  asrpro_drv.o
    0x08002c28   0x08002c28   0x00000002   Code   RO         5028    i.HAL_UART_RxHalfCpltCallback  stm32f1xx_hal_uart.o
    0x08002c2a   0x08002c2a   0x00000002   PAD
    0x08002c2c   0x08002c2c   0x00000078   Code   RO         5030    i.HAL_UART_Transmit_DMA  stm32f1xx_hal_uart.o
    0x08002ca4   0x08002ca4   0x00000002   Code   RO         5032    i.HAL_UART_TxCpltCallback  stm32f1xx_hal_uart.o
    0x08002ca6   0x08002ca6   0x00000002   Code   RO         5033    i.HAL_UART_TxHalfCpltCallback  stm32f1xx_hal_uart.o
    0x08002ca8   0x08002ca8   0x00000002   Code   RO          536    i.HardFault_Handler  stm32f1xx_it.o
    0x08002caa   0x08002caa   0x0000002a   Code   RO         1702    i.I2C_BusyRecovery  i2c_drv.o
    0x08002cd4   0x08002cd4   0x0000002e   Code   RO         3313    i.I2C_IsAcknowledgeFailed  stm32f1xx_hal_i2c.o
    0x08002d02   0x08002d02   0x00000002   PAD
    0x08002d04   0x08002d04   0x000000ec   Code   RO         3316    i.I2C_MasterRequestRead  stm32f1xx_hal_i2c.o
    0x08002df0   0x08002df0   0x0000009c   Code   RO         3317    i.I2C_MasterRequestWrite  stm32f1xx_hal_i2c.o
    0x08002e8c   0x08002e8c   0x00000032   Code   RO         1706    i.I2C_ReadRaw       i2c_drv.o
    0x08002ebe   0x08002ebe   0x00000056   Code   RO         3328    i.I2C_WaitOnBTFFlagUntilTimeout  stm32f1xx_hal_i2c.o
    0x08002f14   0x08002f14   0x00000090   Code   RO         3329    i.I2C_WaitOnFlagUntilTimeout  stm32f1xx_hal_i2c.o
    0x08002fa4   0x08002fa4   0x000000bc   Code   RO         3330    i.I2C_WaitOnMasterAddressFlagUntilTimeout  stm32f1xx_hal_i2c.o
    0x08003060   0x08003060   0x00000070   Code   RO         3331    i.I2C_WaitOnRXNEFlagUntilTimeout  stm32f1xx_hal_i2c.o
    0x080030d0   0x080030d0   0x00000056   Code   RO         3332    i.I2C_WaitOnTXEFlagUntilTimeout  stm32f1xx_hal_i2c.o
    0x08003126   0x08003126   0x0000002c   Code   RO         1710    i.I2C_WriteRaw      i2c_drv.o
    0x08003152   0x08003152   0x00000002   PAD
    0x08003154   0x08003154   0x00000050   Code   RO          277    i.MX_ADC1_Init      adc.o
    0x080031a4   0x080031a4   0x0000005c   Code   RO          317    i.MX_DMA_Init       dma.o
    0x08003200   0x08003200   0x00000108   Code   RO          251    i.MX_GPIO_Init      gpio.o
    0x08003308   0x08003308   0x00000040   Code   RO          343    i.MX_I2C1_Init      i2c.o
    0x08003348   0x08003348   0x00000048   Code   RO          385    i.MX_SPI1_Init      spi.o
    0x08003390   0x08003390   0x000000c4   Code   RO          428    i.MX_TIM1_Init      tim.o
    0x08003454   0x08003454   0x00000068   Code   RO          429    i.MX_TIM3_Init      tim.o
    0x080034bc   0x080034bc   0x00000038   Code   RO          481    i.MX_USART1_UART_Init  usart.o
    0x080034f4   0x080034f4   0x00000038   Code   RO          482    i.MX_USART2_UART_Init  usart.o
    0x0800352c   0x0800352c   0x00000002   Code   RO          537    i.MemManage_Handler  stm32f1xx_it.o
    0x0800352e   0x0800352e   0x00000002   Code   RO          538    i.NMI_Handler       stm32f1xx_it.o
    0x08003530   0x08003530   0x00000002   Code   RO          539    i.PendSV_Handler    stm32f1xx_it.o
    0x08003532   0x08003532   0x00000034   Code   RO         3745    i.SPI_EndRxTxTransaction  stm32f1xx_hal_spi.o
    0x08003566   0x08003566   0x00000002   PAD
    0x08003568   0x08003568   0x000000b8   Code   RO         3750    i.SPI_WaitFlagStateUntilTimeout  stm32f1xx_hal_spi.o
    0x08003620   0x08003620   0x0000000e   Code   RO         1889    i.SPI_WriteByte     spi_drv.o
    0x0800362e   0x0800362e   0x00000002   Code   RO          540    i.SVC_Handler       stm32f1xx_it.o
    0x08003630   0x08003630   0x0000000e   Code   RO          541    i.SysTick_Handler   stm32f1xx_it.o
    0x0800363e   0x0800363e   0x00000002   PAD
    0x08003640   0x08003640   0x0000006c   Code   RO          719    i.Sys_Control_By_BTorASR  app_algorithm.o
    0x080036ac   0x080036ac   0x00000078   Code   RO           14    i.SystemClock_Config  main.o
    0x08003724   0x08003724   0x00000002   Code   RO          682    i.SystemInit        system_stm32f1xx.o
    0x08003726   0x08003726   0x00000002   PAD
    0x08003728   0x08003728   0x00000078   Code   RO         4113    i.TIM_Base_SetConfig  stm32f1xx_hal_tim.o
    0x080037a0   0x080037a0   0x0000001a   Code   RO         4114    i.TIM_CCxChannelCmd  stm32f1xx_hal_tim.o
    0x080037ba   0x080037ba   0x0000005e   Code   RO         4117    i.TIM_DMADelayPulseCplt  stm32f1xx_hal_tim.o
    0x08003818   0x08003818   0x00000038   Code   RO         4118    i.TIM_DMADelayPulseHalfCplt  stm32f1xx_hal_tim.o
    0x08003850   0x08003850   0x00000054   Code   RO         4119    i.TIM_DMAError      stm32f1xx_hal_tim.o
    0x080038a4   0x080038a4   0x00000014   Code   RO         4124    i.TIM_ETR_SetConfig  stm32f1xx_hal_tim.o
    0x080038b8   0x080038b8   0x00000010   Code   RO         4125    i.TIM_ITRx_SetConfig  stm32f1xx_hal_tim.o
    0x080038c8   0x080038c8   0x00000050   Code   RO         4126    i.TIM_OC1_SetConfig  stm32f1xx_hal_tim.o
    0x08003918   0x08003918   0x00000058   Code   RO         4127    i.TIM_OC2_SetConfig  stm32f1xx_hal_tim.o
    0x08003970   0x08003970   0x00000058   Code   RO         4128    i.TIM_OC3_SetConfig  stm32f1xx_hal_tim.o
    0x080039c8   0x080039c8   0x00000044   Code   RO         4129    i.TIM_OC4_SetConfig  stm32f1xx_hal_tim.o
    0x08003a0c   0x08003a0c   0x00000022   Code   RO         4131    i.TIM_TI1_ConfigInputStage  stm32f1xx_hal_tim.o
    0x08003a2e   0x08003a2e   0x00000024   Code   RO         4133    i.TIM_TI2_ConfigInputStage  stm32f1xx_hal_tim.o
    0x08003a52   0x08003a52   0x00000010   Code   RO         5034    i.UART_DMAAbortOnError  stm32f1xx_hal_uart.o
    0x08003a62   0x08003a62   0x0000004a   Code   RO         5035    i.UART_DMAError     stm32f1xx_hal_uart.o
    0x08003aac   0x08003aac   0x00000086   Code   RO         5036    i.UART_DMAReceiveCplt  stm32f1xx_hal_uart.o
    0x08003b32   0x08003b32   0x0000001e   Code   RO         5038    i.UART_DMARxHalfCplt  stm32f1xx_hal_uart.o
    0x08003b50   0x08003b50   0x00000042   Code   RO         5040    i.UART_DMATransmitCplt  stm32f1xx_hal_uart.o
    0x08003b92   0x08003b92   0x0000000a   Code   RO         5042    i.UART_DMATxHalfCplt  stm32f1xx_hal_uart.o
    0x08003b9c   0x08003b9c   0x0000004e   Code   RO         5044    i.UART_EndRxTransfer  stm32f1xx_hal_uart.o
    0x08003bea   0x08003bea   0x0000001c   Code   RO         5045    i.UART_EndTxTransfer  stm32f1xx_hal_uart.o
    0x08003c06   0x08003c06   0x000000c2   Code   RO         5046    i.UART_Receive_IT   stm32f1xx_hal_uart.o
    0x08003cc8   0x08003cc8   0x000000b8   Code   RO         5047    i.UART_SetConfig    stm32f1xx_hal_uart.o
    0x08003d80   0x08003d80   0x00000090   Code   RO         5048    i.UART_Start_Receive_DMA  stm32f1xx_hal_uart.o
    0x08003e10   0x08003e10   0x00000036   Code   RO         5049    i.UART_Start_Receive_IT  stm32f1xx_hal_uart.o
    0x08003e46   0x08003e46   0x00000002   PAD
    0x08003e48   0x08003e48   0x0000000c   Code   RO          542    i.USART1_IRQHandler  stm32f1xx_it.o
    0x08003e54   0x08003e54   0x0000000c   Code   RO          543    i.USART2_IRQHandler  stm32f1xx_it.o
    0x08003e60   0x08003e60   0x00000002   Code   RO          544    i.UsageFault_Handler  stm32f1xx_it.o
    0x08003e62   0x08003e62   0x00000002   PAD
    0x08003e64   0x08003e64   0x00000028   Code   RO         5481    i.__0sprintf$3      mc_w.l(printf3.o)
    0x08003e8c   0x08003e8c   0x00000020   Code   RO         2772    i.__NVIC_SetPriority  stm32f1xx_hal_cortex.o
    0x08003eac   0x08003eac   0x00000006   Code   RO         5670    i.__mathlib_flt_infnan  m_ws.l(funder.o)
    0x08003eb2   0x08003eb2   0x00000008   Code   RO         5672    i.__mathlib_flt_invalid  m_ws.l(funder.o)
    0x08003eba   0x08003eba   0x00000002   PAD
    0x08003ebc   0x08003ebc   0x00000168   Code   RO         5683    i.__mathlib_rredf2  m_ws.l(rredf.o)
    0x08004024   0x08004024   0x0000000e   Code   RO         5745    i.__scatterload_copy  mc_w.l(handlers.o)
    0x08004032   0x08004032   0x00000002   Code   RO         5746    i.__scatterload_null  mc_w.l(handlers.o)
    0x08004034   0x08004034   0x0000000e   Code   RO         5747    i.__scatterload_zeroinit  mc_w.l(handlers.o)
    0x08004042   0x08004042   0x00000002   PAD
    0x08004044   0x08004044   0x0000000c   Code   RO         5711    i.__set_errno       mc_w.l(errno.o)
    0x08004050   0x08004050   0x000001b8   Code   RO         5486    i._printf_core      mc_w.l(printf3.o)
    0x08004208   0x08004208   0x0000000a   Code   RO         5488    i._sputc            mc_w.l(printf3.o)
    0x08004212   0x08004212   0x00000002   PAD
    0x08004214   0x08004214   0x00000034   Code   RO          969    i.asrpro_CheckCmdValid  asrpro_drv.o
    0x08004248   0x08004248   0x00000024   Code   RO          970    i.asrpro_ClearBuffer  asrpro_drv.o
    0x0800426c   0x0800426c   0x00000020   Code   RO          971    i.asrpro_ErroeHandler  asrpro_drv.o
    0x0800428c   0x0800428c   0x0000002c   Code   RO          972    i.asrpro_GetCmd     asrpro_drv.o
    0x080042b8   0x080042b8   0x00000034   Code   RO          975    i.asrpro_Reset      asrpro_drv.o
    0x080042ec   0x080042ec   0x00000010   Code   RO         1797    i.buzzer_Init       buzzer_drv.o
    0x080042fc   0x080042fc   0x0000001c   Code   RO         1799    i.buzzer_monitor    buzzer_drv.o
    0x08004318   0x08004318   0x00000020   Code   RO         1801    i.buzzer_tick_handler  buzzer_drv.o
    0x08004338   0x08004338   0x00000010   Code   RO         1802    i.buzzer_work       buzzer_drv.o
    0x08004348   0x08004348   0x00000012   Code   RO          912    i.clear_dynamic_area  app_ui.o
    0x0800435a   0x0800435a   0x00000002   PAD
    0x0800435c   0x0800435c   0x0000017c   Code   RO         5352    i.cosf              m_ws.l(cosf.o)
    0x080044d8   0x080044d8   0x00000036   Code   RO          913    i.draw_frame        app_ui.o
    0x0800450e   0x0800450e   0x0000000e   Code   RO         1853    i.drv_layer_Init    drv_layer.o
    0x0800451c   0x0800451c   0x00000040   Code   RO         1631    i.key_Read          key.o
    0x0800455c   0x0800455c   0x00000024   Code   RO         1669    i.led_Init          led.o
    0x08004580   0x08004580   0x00000028   Code   RO         1670    i.led_work          led.o
    0x080045a8   0x080045a8   0x0000003c   Code   RO         1108    i.ls_ChangeModeByLux  light_sensor_drv.o
    0x080045e4   0x080045e4   0x00000058   Code   RO         1111    i.ls_MeasureLight   light_sensor_drv.o
    0x0800463c   0x0800463c   0x00000006   Code   RO         1112    i.ls_PowerOff       light_sensor_drv.o
    0x08004642   0x08004642   0x0000002a   Code   RO         1113    i.ls_PowerOn        light_sensor_drv.o
    0x0800466c   0x0800466c   0x00000010   Code   RO         1114    i.ls_Readdata       light_sensor_drv.o
    0x0800467c   0x0800467c   0x0000001e   Code   RO         1115    i.ls_Reset          light_sensor_drv.o
    0x0800469a   0x0800469a   0x0000002c   Code   RO         1116    i.ls_SetMode        light_sensor_drv.o
    0x080046c6   0x080046c6   0x00000002   PAD
    0x080046c8   0x080046c8   0x00000014   Code   RO         1117    i.ls_WriteByte      light_sensor_drv.o
    0x080046dc   0x080046dc   0x0000003a   Code   RO           15    i.main              main.o
    0x08004716   0x08004716   0x00000002   PAD
    0x08004718   0x08004718   0x00000054   Code   RO         1187    i.mic_Calibrate     mic_drv.o
    0x0800476c   0x0800476c   0x00000044   Code   RO         1188    i.mic_ClearBuf      mic_drv.o
    0x080047b0   0x080047b0   0x00000014   Code   RO         1189    i.mic_GetFreq       mic_drv.o
    0x080047c4   0x080047c4   0x0000000c   Code   RO         1190    i.mic_GetMaxfreq    mic_drv.o
    0x080047d0   0x080047d0   0x0000001c   Code   RO         1193    i.mic_PowerOff      mic_drv.o
    0x080047ec   0x080047ec   0x00000038   Code   RO         1194    i.mic_PowerOn       mic_drv.o
    0x08004824   0x08004824   0x00000020   Code   RO         1195    i.mic_Run           mic_drv.o
    0x08004844   0x08004844   0x0000002c   Code   RO         1196    i.mic_dma_buf_to_float  mic_drv.o
    0x08004870   0x08004870   0x0000003c   Code   RO         1198    i.mic_goertzel      mic_drv.o
    0x080048ac   0x080048ac   0x00000058   Code   RO         1201    i.mic_loudness_mapto_brightness  mic_drv.o
    0x08004904   0x08004904   0x00000012   Code   RO         1298    i.module_Init       module_layer.o
    0x08004916   0x08004916   0x00000002   PAD
    0x08004918   0x08004918   0x0000005c   Code   RO          720    i.remap_lux_to_brightness  app_algorithm.o
    0x08004974   0x08004974   0x00000020   Code   RO         1365    i.rgb_ClearBuffer   rgb_drv.o
    0x08004994   0x08004994   0x0000000a   Code   RO         1366    i.rgb_Display       rgb_drv.o
    0x0800499e   0x0800499e   0x00000002   PAD
    0x080049a0   0x080049a0   0x00000020   Code   RO         1367    i.rgb_Init          rgb_drv.o
    0x080049c0   0x080049c0   0x00000094   Code   RO         1368    i.rgb_MapFreqToRGBValue  rgb_drv.o
    0x08004a54   0x08004a54   0x00000010   Code   RO         1369    i.rgb_PowerOff      rgb_drv.o
    0x08004a64   0x08004a64   0x0000001a   Code   RO         1370    i.rgb_PowerOn       rgb_drv.o
    0x08004a7e   0x08004a7e   0x00000020   Code   RO         1371    i.rgb_RunInMusic    rgb_drv.o
    0x08004a9e   0x08004a9e   0x00000002   PAD
    0x08004aa0   0x08004aa0   0x00000070   Code   RO         1372    i.rgb_SendBit       rgb_drv.o
    0x08004b10   0x08004b10   0x00000028   Code   RO         1373    i.rgb_SetAllLed     rgb_drv.o
    0x08004b38   0x08004b38   0x00000010   Code   RO         1374    i.rgb_SetBrightness  rgb_drv.o
    0x08004b48   0x08004b48   0x00000028   Code   RO         1375    i.rgb_SetBrightnessDown  rgb_drv.o
    0x08004b70   0x08004b70   0x00000028   Code   RO         1376    i.rgb_SetBrightnessUp  rgb_drv.o
    0x08004b98   0x08004b98   0x00000024   Code   RO         1377    i.rgb_SetBrightness_Circle  rgb_drv.o
    0x08004bbc   0x08004bbc   0x00000010   Code   RO         1378    i.rgb_SetColor      rgb_drv.o
    0x08004bcc   0x08004bcc   0x00000028   Code   RO         1379    i.rgb_SetColor_Circle  rgb_drv.o
    0x08004bf4   0x08004bf4   0x00000044   Code   RO         1380    i.rgb_SetSingleLed  rgb_drv.o
    0x08004c38   0x08004c38   0x0000007c   Code   RO         1381    i.rgb_brightness_filter  rgb_drv.o
    0x08004cb4   0x08004cb4   0x00000004   Code   RO         1382    i.rgb_update        rgb_drv.o
    0x08004cb8   0x08004cb8   0x0000002c   Code   RO         5368    i.sqrtf             m_ws.l(sqrtf.o)
    0x08004ce4   0x08004ce4   0x00000064   Code   RO          857    i.sys_mode_Auto     app_modes.o
    0x08004d48   0x08004d48   0x00000028   Code   RO          858    i.sys_mode_Auto_Init  app_modes.o
    0x08004d70   0x08004d70   0x00000034   Code   RO          859    i.sys_mode_Manual   app_modes.o
    0x08004da4   0x08004da4   0x00000020   Code   RO          860    i.sys_mode_Manual_Init  app_modes.o
    0x08004dc4   0x08004dc4   0x00000012   Code   RO          861    i.sys_mode_Music    app_modes.o
    0x08004dd6   0x08004dd6   0x00000002   PAD
    0x08004dd8   0x08004dd8   0x00000020   Code   RO          862    i.sys_mode_Music_Init  app_modes.o
    0x08004df8   0x08004df8   0x00000034   Code   RO          804    i.system_Control    app_manager.o
    0x08004e2c   0x08004e2c   0x0000000e   Code   RO          805    i.system_Init       app_manager.o
    0x08004e3a   0x08004e3a   0x00000002   PAD
    0x08004e3c   0x08004e3c   0x00000028   Code   RO          806    i.system_PowerOff   app_manager.o
    0x08004e64   0x08004e64   0x00000030   Code   RO          807    i.system_PowerOn    app_manager.o
    0x08004e94   0x08004e94   0x00000040   Code   RO          808    i.system_Run        app_manager.o
    0x08004ed4   0x08004ed4   0x0000002c   Code   RO          809    i.system_power_Control_key  app_manager.o
    0x08004f00   0x08004f00   0x0000009c   Code   RO          914    i.system_show       app_ui.o
    0x08004f9c   0x08004f9c   0x0000002c   Code   RO          915    i.system_show_Init  app_ui.o
    0x08004fc8   0x08004fc8   0x0000014c   Code   RO          916    i.system_show_manual_auto  app_ui.o
    0x08005114   0x08005114   0x00000080   Code   RO          917    i.system_show_music  app_ui.o
    0x08005194   0x08005194   0x0000002c   Code   RO          766    i.system_valiable_Init  app_common.o
    0x080051c0   0x080051c0   0x00000048   Code   RO         1497    i.tft_ClearScreen   tft_drv.o
    0x08005208   0x08005208   0x000000a0   Code   RO         1498    i.tft_DisplayChar   tft_drv.o
    0x080052a8   0x080052a8   0x00000064   Code   RO         1500    i.tft_DisplayString  tft_drv.o
    0x0800530c   0x0800530c   0x00000076   Code   RO         1501    i.tft_DrawLine      tft_drv.o
    0x08005382   0x08005382   0x00000002   PAD
    0x08005384   0x08005384   0x00000040   Code   RO         1502    i.tft_DrawPixel     tft_drv.o
    0x080053c4   0x080053c4   0x00000078   Code   RO         1503    i.tft_FillRect      tft_drv.o
    0x0800543c   0x0800543c   0x00000070   Code   RO         1504    i.tft_Init          tft_drv.o
    0x080054ac   0x080054ac   0x00000010   Code   RO         1505    i.tft_PowerOff      tft_drv.o
    0x080054bc   0x080054bc   0x00000010   Code   RO         1506    i.tft_PowerOn       tft_drv.o
    0x080054cc   0x080054cc   0x000000f8   Code   RO         1507    i.tft_SetAddrWindow  tft_drv.o
    0x080055c4   0x080055c4   0x0000003c   Code   RO         1508    i.tft_WriteByte     tft_drv.o
    0x08005600   0x08005600   0x0000003c   Code   RO         1509    i.tft_WriteCmd      tft_drv.o
    0x0800563c   0x0800563c   0x00000010   Data   RO          683    .constdata          system_stm32f1xx.o
    0x0800564c   0x0800564c   0x00000008   Data   RO          684    .constdata          system_stm32f1xx.o
    0x08005654   0x08005654   0x00000018   Data   RO          768    .constdata          app_common.o
    0x0800566c   0x0800566c   0x0000003e   Data   RO          918    .constdata          app_ui.o
    0x080056aa   0x080056aa   0x00000002   PAD
    0x080056ac   0x080056ac   0x00000020   Data   RO         1203    .constdata          mic_drv.o
    0x080056cc   0x080056cc   0x00000030   Data   RO         1384    .constdata          rgb_drv.o
    0x080056fc   0x080056fc   0x000005f0   Data   RO         1606    .constdata          tft_fonts.o
    0x08005cec   0x08005cec   0x00000012   Data   RO         2470    .constdata          stm32f1xx_hal_rcc.o
    0x08005cfe   0x08005cfe   0x00000002   PAD
    0x08005d00   0x08005d00   0x00000020   Data   RO         5684    .constdata          m_ws.l(rredf.o)
    0x08005d20   0x08005d20   0x0000004b   Data   RO          919    .conststring        app_ui.o
    0x08005d6b   0x08005d6b   0x00000001   PAD
    0x08005d6c   0x08005d6c   0x00000020   Data   RO         5743    Region$$Table       anon$$obj.o


    Execution Region RW_IRAM1 (Exec base: 0x20000000, Load base: 0x08005d8c, Size: 0x000010f8, Max: 0x00005000, ABSOLUTE)

    Exec Addr    Load Addr    Size         Type   Attr      Idx    E Section Name        Object

    0x20000000   0x08005d8c   0x00000004   Data   RW          685    .data               system_stm32f1xx.o
    0x20000004   0x08005d90   0x00000004   Data   RW          721    .data               app_algorithm.o
    0x20000008   0x08005d94   0x00000002   Data   RW          863    .data               app_modes.o
    0x2000000a   0x08005d96   0x00000003   Data   RW          920    .data               app_ui.o
    0x2000000d   0x08005d99   0x00000003   PAD
    0x20000010   0x08005d9c   0x00000018   Data   RW          976    .data               asrpro_drv.o
    0x20000028   0x08005db4   0x00000080   Data   RW         1047    .data               bt_drv.o
    0x200000a8   0x08005e34   0x00000003   Data   RW         1632    .data               key.o
    0x200000ab   0x08005e37   0x00000002   Data   RW         1803    .data               buzzer_drv.o
    0x200000ad   0x08005e39   0x00000003   PAD
    0x200000b0   0x08005e3c   0x0000000c   Data   RW         2307    .data               stm32f1xx_hal.o
    0x200000bc   0x08005e48   0x00000004   Data   RW         5712    .data               mc_w.l(errno.o)
    0x200000c0        -       0x00000074   Zero   RW          278    .bss                adc.o
    0x20000134        -       0x00000054   Zero   RW          344    .bss                i2c.o
    0x20000188        -       0x00000058   Zero   RW          386    .bss                spi.o
    0x200001e0        -       0x000000d4   Zero   RW          430    .bss                tim.o
    0x200002b4        -       0x00000118   Zero   RW          483    .bss                usart.o
    0x200003cc        -       0x00000018   Zero   RW          767    .bss                app_common.o
    0x200003e4        -       0x00000043   Zero   RW         1046    .bss                bt_drv.o
    0x20000427   0x08005e4c   0x00000001   PAD
    0x20000428        -       0x00000834   Zero   RW         1202    .bss                mic_drv.o
    0x20000c5c        -       0x0000009c   Zero   RW         1383    .bss                rgb_drv.o
    0x20000cf8        -       0x00000400   Zero   RW            1    STACK               startup_stm32f103xb.o


==============================================================================

Image component sizes


      Code (inc. data)   RO Data    RW Data    ZI Data      Debug   Object Name

       224         30          0          0        116       1687   adc.o
       200         32          0          4          0       2192   app_algorithm.o
        44          8         24          0         24       1532   app_common.o
       262         26          0          0          0       3292   app_manager.o
       274         32          0          2          0       3021   app_modes.o
       732        142        137          3          0       4251   app_ui.o
       300         40          0         24          0       4805   asrpro_drv.o
       332        106          0        128         67       4159   bt_drv.o
        92         22          0          2          0       2382   buzzer_drv.o
        92          4          0          0          0        750   dma.o
        14          0          0          0          0        465   drv_layer.o
       264         16          0          0          0        951   gpio.o
       156         26          0          0         84       1569   i2c.o
       136          0          0          0          0       2305   i2c_drv.o
        96         10          0          3          0       1710   key.o
        76         10          0          0          0       1270   led.o
       306         22          0          0          0       5755   light_sensor_drv.o
       182          0          0          0          0     459400   main.o
       492         86         32          0       2100       7115   mic_drv.o
        18          0          0          0          0        486   module_layer.o
       868        120         48          0        156      12529   rgb_drv.o
       184         24          0          0         88       1593   spi.o
        14          0          0          0          0        828   spi_drv.o
        36          8        236          0       1024        788   startup_stm32f103xb.o
       164         28          0         12          0       5781   stm32f1xx_hal.o
      1220         56          0          0          0       9097   stm32f1xx_hal_adc.o
       198         14          0          0          0      28863   stm32f1xx_hal_cortex.o
       808         36          0          0          0       4882   stm32f1xx_hal_dma.o
       514         40          0          0          0       3423   stm32f1xx_hal_gpio.o
      2338         54          0          0          0      12406   stm32f1xx_hal_i2c.o
        60          8          0          0          0        846   stm32f1xx_hal_msp.o
      1240         84         18          0          0       5020   stm32f1xx_hal_rcc.o
       236         12          0          0          0       1356   stm32f1xx_hal_rcc_ex.o
       772          4          0          0          0       4274   stm32f1xx_hal_spi.o
      2138         78          0          0          0      17523   stm32f1xx_hal_tim.o
       188         12          0          0          0       2100   stm32f1xx_hal_tim_ex.o
      1962         38          0          0          0      15219   stm32f1xx_hal_uart.o
       120         36          0          0          0       7619   stm32f1xx_it.o
         2          0         24          4          0       1071   system_stm32f1xx.o
      1146         86          0          0          0       8433   tft_drv.o
         0          0       1520          0          0        557   tft_fonts.o
       500         50          0          0        212       3075   tim.o
       424         42          0          0        280       2469   usart.o

    ----------------------------------------------------------------------
     19480       1442       2076        188       4152     658849   Object Totals
         0          0         32          0          0          0   (incl. Generated)
        56          0          5          6          1          0   (incl. Padding)

    ----------------------------------------------------------------------

      Code (inc. data)   RO Data    RW Data    ZI Data      Debug   Library Member Name

       380         52          0          0          0        124   cosf.o
        14          0          0          0          0        136   funder.o
       360         16         32          0          0         88   rredf.o
        44          0          0          0          0         80   sqrtf.o
         0          0          0          0          0          0   entry.o
         0          0          0          0          0          0   entry10a.o
         0          0          0          0          0          0   entry11a.o
         8          4          0          0          0          0   entry2.o
         4          0          0          0          0          0   entry5.o
         0          0          0          0          0          0   entry7b.o
         0          0          0          0          0          0   entry8b.o
         8          4          0          0          0          0   entry9a.o
        12          6          0          4          0         68   errno.o
        30          0          0          0          0          0   handlers.o
        36          8          0          0          0         68   init.o
         0          0          0          0          0          0   iusefp.o
        36          0          0          0          0         68   memcpya.o
        36          0          0          0          0        108   memseta.o
       490         10          0          0          0        252   printf3.o
        14          0          0          0          0         68   strlen.o
        30          0          0          0          0         80   strncmp.o
        44          0          0          0          0         80   uidiv.o
       176          0          0          0          0        140   fadd.o
       124          0          0          0          0         88   fdiv.o
       110          0          0          0          0        168   fepilogue.o
        50          0          0          0          0         68   ffixi.o
        40          0          0          0          0         68   ffixui.o
        18          0          0          0          0         68   fflti.o
        10          0          0          0          0         68   ffltui.o
       100          0          0          0          0         76   fmul.o
        60          0          0          0          0         76   frnd.o
        24          0          0          0          0         68   fscalb.o
        94          0          0          0          0         96   fsqrt.o

    ----------------------------------------------------------------------
      2360        100         32          4          0       2204   Library Totals
         8          0          0          0          0          0   (incl. Padding)

    ----------------------------------------------------------------------

      Code (inc. data)   RO Data    RW Data    ZI Data      Debug   Library Name

       798         68         32          0          0        428   m_ws.l
       748         32          0          4          0        792   mc_w.l
       806          0          0          0          0        984   mf_w.l

    ----------------------------------------------------------------------
      2360        100         32          4          0       2204   Library Totals

    ----------------------------------------------------------------------

==============================================================================


      Code (inc. data)   RO Data    RW Data    ZI Data      Debug   

     21840       1542       2108        192       4152     648101   Grand Totals
     21840       1542       2108        192       4152     648101   ELF Image Totals
     21840       1542       2108        192          0          0   ROM Totals

==============================================================================

    Total RO  Size (Code + RO Data)                23948 (  23.39kB)
    Total RW  Size (RW Data + ZI Data)              4344 (   4.24kB)
    Total ROM Size (Code + RO Data + RW Data)      24140 (  23.57kB)

==============================================================================

