<html>
<body>
<pre>
<h1>µVision Build Log</h1>
<h2>Tool Versions:</h2>
IDE-Version: ¶ÃVision V5.43.1.0
Copyright (C) 2025 ARM Ltd and ARM Germany GmbH. All rights reserved.
License Information: a infer, a, LIC=FYKYW-Q5RJ1-DY5V3-A8RFH-JWCZ6-JX2Q5
 
Tool Versions:
Toolchain:       MDK-ARM Plus  Version: 5.43.0.0
Toolchain Path:  D:\keil5\keil_V5.40\ARM\ARMCC\Bin
C Compiler:      Armcc.exe V5.06 update 2 (build 183)
Assembler:       Armasm.exe V5.06 update 2 (build 183)
Linker/Locator:  ArmLink.exe V5.06 update 2 (build 183)
Library Manager: ArmAr.exe V5.06 update 2 (build 183)
Hex Converter:   FromElf.exe V5.06 update 2 (build 183)
CPU DLL:         SARMCM3.DLL V5.43.0.0
Dialog DLL:      DCM.DLL V1.17.5.0
Target DLL:      STLink\ST-LINKIII-KEIL_SWO.dll V3.3.1.0
Dialog DLL:      TCM.DLL V1.56.6.0
 
<h2>Project:</h2>
E:\CubeMX\coding\bluetooth_desk_lamp\MDK-ARM\bluetooth_desk_lamp.uvprojx
Project File Date:  04/29/2026

<h2>Output:</h2>
*** Using Compiler 'V5.06 update 2 (build 183)', folder: 'D:\keil5\keil_V5.40\ARM\ARMCC\Bin'
Rebuild target 'bluetooth_desk_lamp'
assembling startup_stm32f103xb.s...
compiling gpio.c...
compiling i2c.c...
compiling system_stm32f1xx.c...
compiling adc.c...
compiling dma.c...
compiling spi.c...
compiling tim.c...
compiling stm32f1xx_it.c...
../BSP/Driverlayer/buzzer_drv.h(12): warning:  #1295-D: Deprecated declaration buzzer_work - give arg types
  void buzzer_work();
../BSP/Driverlayer/buzzer_drv.h(13): warning:  #1295-D: Deprecated declaration buzzer_stop_work - give arg types
  void buzzer_stop_work();
../BSP/Driverlayer/buzzer_drv.h(14): warning:  #1295-D: Deprecated declaration buzzer_Init - give arg types
  void buzzer_Init();
../BSP/Driverlayer/buzzer_drv.h(15): warning:  #1295-D: Deprecated declaration buzzer_monitor - give arg types
  void buzzer_monitor();
../BSP/Driverlayer/buzzer_drv.h(16): warning:  #1295-D: Deprecated declaration buzzer_isworking - give arg types
  uint8_t buzzer_isworking();
../BSP/Driverlayer/buzzer_drv.h(19): warning:  #1-D: last line of file ends without a newline
  #endif
../Core/Src/stm32f1xx_it.c: 6 warnings, 0 errors
compiling stm32f1xx_hal_msp.c...
compiling main.c...
../BSP/Driverlayer/uart_drv.h(12): warning:  #1-D: last line of file ends without a newline
  #endif 
../BSP/Driverlayer/buzzer_drv.h(12): warning:  #1295-D: Deprecated declaration buzzer_work - give arg types
  void buzzer_work();
../BSP/Driverlayer/buzzer_drv.h(13): warning:  #1295-D: Deprecated declaration buzzer_stop_work - give arg types
  void buzzer_stop_work();
../BSP/Driverlayer/buzzer_drv.h(14): warning:  #1295-D: Deprecated declaration buzzer_Init - give arg types
  void buzzer_Init();
../BSP/Driverlayer/buzzer_drv.h(15): warning:  #1295-D: Deprecated declaration buzzer_monitor - give arg types
  void buzzer_monitor();
../BSP/Driverlayer/buzzer_drv.h(16): warning:  #1295-D: Deprecated declaration buzzer_isworking - give arg types
  uint8_t buzzer_isworking();
../BSP/Driverlayer/buzzer_drv.h(19): warning:  #1-D: last line of file ends without a newline
  #endif
../BSP/Driverlayer/adc_drv.h(11): warning:  #1-D: last line of file ends without a newline
  #endif
../BSP/Driverlayer/spi_drv.h(20): warning:  #1-D: last line of file ends without a newline
  #endif
../BSP/Modulelayer/MIC/mic_drv.h(62): warning:  #1295-D: Deprecated declaration mic_Run - give arg types
  void mic_Run();
../BSP/Modulelayer/MIC/mic_drv.h(63): warning:  #1295-D: Deprecated declaration mic_meature_noise_loudness_max - give arg types
  void mic_meature_noise_loudness_max();
../BSP/Driverlayer/i2c_drv.h(29): warning:  #1-D: last line of file ends without a newline
  #endif
../BSP/Modulelayer/Light_Sensor/light_sensor_drv.h(48): warning:  #1-D: last line of file ends without a newline
  #endif
../BSP/Modulelayer/Module/module_layer.h(18): warning:  #1-D: last line of file ends without a newline
  #endif
../BSP/Applayer/app_common.h(84): warning:  #1-D: last line of file ends without a newline
  #endif
../BSP/Applayer/app_common.h(84): warning:  #1-D: last line of file ends without a newline
  #endif
../BSP/Applayer/app_modes.h(15): warning:  #1295-D: Deprecated declaration sys_mode_Manual_Init - give arg types
  void sys_mode_Manual_Init();
../BSP/Applayer/app_modes.h(16): warning:  #1295-D: Deprecated declaration sys_mode_Auto_Init - give arg types
  void sys_mode_Auto_Init();
../BSP/Applayer/app_modes.h(17): warning:  #1295-D: Deprecated declaration sys_mode_Music_Init - give arg types
  void sys_mode_Music_Init();
../BSP/Applayer/app_modes.h(20): warning:  #1-D: last line of file ends without a newline
  #endif
../BSP/Applayer/app_algorithm.h(16): warning:  #1-D: last line of file ends without a newline
  #endif
../BSP/Applayer/app_manager.h(16): warning:  #1-D: last line of file ends without a newline
  #endif
../Core/Src/main.c: 22 warnings, 0 errors
compiling usart.c...
compiling app_common.c...
../BSP/Driverlayer/uart_drv.h(12): warning:  #1-D: last line of file ends without a newline
  #endif 
../BSP/Driverlayer/buzzer_drv.h(12): warning:  #1295-D: Deprecated declaration buzzer_work - give arg types
  void buzzer_work();
../BSP/Driverlayer/buzzer_drv.h(13): warning:  #1295-D: Deprecated declaration buzzer_stop_work - give arg types
  void buzzer_stop_work();
../BSP/Driverlayer/buzzer_drv.h(14): warning:  #1295-D: Deprecated declaration buzzer_Init - give arg types
  void buzzer_Init();
../BSP/Driverlayer/buzzer_drv.h(15): warning:  #1295-D: Deprecated declaration buzzer_monitor - give arg types
  void buzzer_monitor();
../BSP/Driverlayer/buzzer_drv.h(16): warning:  #1295-D: Deprecated declaration buzzer_isworking - give arg types
  uint8_t buzzer_isworking();
../BSP/Driverlayer/buzzer_drv.h(19): warning:  #1-D: last line of file ends without a newline
  #endif
../BSP/Driverlayer/adc_drv.h(11): warning:  #1-D: last line of file ends without a newline
  #endif
../BSP/Driverlayer/spi_drv.h(20): warning:  #1-D: last line of file ends without a newline
  #endif
../BSP/Modulelayer/MIC/mic_drv.h(62): warning:  #1295-D: Deprecated declaration mic_Run - give arg types
  void mic_Run();
../BSP/Modulelayer/MIC/mic_drv.h(63): warning:  #1295-D: Deprecated declaration mic_meature_noise_loudness_max - give arg types
  void mic_meature_noise_loudness_max();
../BSP/Driverlayer/i2c_drv.h(29): warning:  #1-D: last line of file ends without a newline
  #endif
../BSP/Modulelayer/Light_Sensor/light_sensor_drv.h(48): warning:  #1-D: last line of file ends without a newline
  #endif
../BSP/Modulelayer/Module/module_layer.h(18): warning:  #1-D: last line of file ends without a newline
  #endif
..\BSP\Applayer\app_common.h(84): warning:  #1-D: last line of file ends without a newline
  #endif
..\BSP\Applayer\app_common.h(84): warning:  #1-D: last line of file ends without a newline
  #endif
..\BSP\Applayer\app_common.c(34): warning:  #1-D: last line of file ends without a newline
  }
..\BSP\Applayer\app_common.c: 17 warnings, 0 errors
compiling app_algorithm.c...
../BSP/Driverlayer/uart_drv.h(12): warning:  #1-D: last line of file ends without a newline
  #endif 
../BSP/Driverlayer/buzzer_drv.h(12): warning:  #1295-D: Deprecated declaration buzzer_work - give arg types
  void buzzer_work();
../BSP/Driverlayer/buzzer_drv.h(13): warning:  #1295-D: Deprecated declaration buzzer_stop_work - give arg types
  void buzzer_stop_work();
../BSP/Driverlayer/buzzer_drv.h(14): warning:  #1295-D: Deprecated declaration buzzer_Init - give arg types
  void buzzer_Init();
../BSP/Driverlayer/buzzer_drv.h(15): warning:  #1295-D: Deprecated declaration buzzer_monitor - give arg types
  void buzzer_monitor();
../BSP/Driverlayer/buzzer_drv.h(16): warning:  #1295-D: Deprecated declaration buzzer_isworking - give arg types
  uint8_t buzzer_isworking();
../BSP/Driverlayer/buzzer_drv.h(19): warning:  #1-D: last line of file ends without a newline
  #endif
../BSP/Driverlayer/adc_drv.h(11): warning:  #1-D: last line of file ends without a newline
  #endif
../BSP/Driverlayer/spi_drv.h(20): warning:  #1-D: last line of file ends without a newline
  #endif
../BSP/Modulelayer/MIC/mic_drv.h(62): warning:  #1295-D: Deprecated declaration mic_Run - give arg types
  void mic_Run();
../BSP/Modulelayer/MIC/mic_drv.h(63): warning:  #1295-D: Deprecated declaration mic_meature_noise_loudness_max - give arg types
  void mic_meature_noise_loudness_max();
../BSP/Driverlayer/i2c_drv.h(29): warning:  #1-D: last line of file ends without a newline
  #endif
../BSP/Modulelayer/Light_Sensor/light_sensor_drv.h(48): warning:  #1-D: last line of file ends without a newline
  #endif
../BSP/Modulelayer/Module/module_layer.h(18): warning:  #1-D: last line of file ends without a newline
  #endif
..\BSP\Applayer\app_common.h(84): warning:  #1-D: last line of file ends without a newline
  #endif
..\BSP\Applayer\app_common.h(84): warning:  #1-D: last line of file ends without a newline
  #endif
..\BSP\Applayer\app_modes.h(15): warning:  #1295-D: Deprecated declaration sys_mode_Manual_Init - give arg types
  void sys_mode_Manual_Init();
..\BSP\Applayer\app_modes.h(16): warning:  #1295-D: Deprecated declaration sys_mode_Auto_Init - give arg types
  void sys_mode_Auto_Init();
..\BSP\Applayer\app_modes.h(17): warning:  #1295-D: Deprecated declaration sys_mode_Music_Init - give arg types
  void sys_mode_Music_Init();
..\BSP\Applayer\app_modes.h(20): warning:  #1-D: last line of file ends without a newline
  #endif
..\BSP\Applayer\app_algorithm.h(16): warning:  #1-D: last line of file ends without a newline
  #endif
..\BSP\Applayer\app_manager.h(16): warning:  #1-D: last line of file ends without a newline
  #endif
..\BSP\Applayer\app_algorithm.c(65): warning:  #1-D: last line of file ends without a newline
  }
..\BSP\Applayer\app_algorithm.c: 23 warnings, 0 errors
compiling app_manager.c...
../BSP/Driverlayer/uart_drv.h(12): warning:  #1-D: last line of file ends without a newline
  #endif 
../BSP/Driverlayer/buzzer_drv.h(12): warning:  #1295-D: Deprecated declaration buzzer_work - give arg types
  void buzzer_work();
../BSP/Driverlayer/buzzer_drv.h(13): warning:  #1295-D: Deprecated declaration buzzer_stop_work - give arg types
  void buzzer_stop_work();
../BSP/Driverlayer/buzzer_drv.h(14): warning:  #1295-D: Deprecated declaration buzzer_Init - give arg types
  void buzzer_Init();
../BSP/Driverlayer/buzzer_drv.h(15): warning:  #1295-D: Deprecated declaration buzzer_monitor - give arg types
  void buzzer_monitor();
../BSP/Driverlayer/buzzer_drv.h(16): warning:  #1295-D: Deprecated declaration buzzer_isworking - give arg types
  uint8_t buzzer_isworking();
../BSP/Driverlayer/buzzer_drv.h(19): warning:  #1-D: last line of file ends without a newline
  #endif
../BSP/Driverlayer/adc_drv.h(11): warning:  #1-D: last line of file ends without a newline
  #endif
../BSP/Driverlayer/spi_drv.h(20): warning:  #1-D: last line of file ends without a newline
  #endif
../BSP/Modulelayer/MIC/mic_drv.h(62): warning:  #1295-D: Deprecated declaration mic_Run - give arg types
  void mic_Run();
../BSP/Modulelayer/MIC/mic_drv.h(63): warning:  #1295-D: Deprecated declaration mic_meature_noise_loudness_max - give arg types
  void mic_meature_noise_loudness_max();
../BSP/Driverlayer/i2c_drv.h(29): warning:  #1-D: last line of file ends without a newline
  #endif
../BSP/Modulelayer/Light_Sensor/light_sensor_drv.h(48): warning:  #1-D: last line of file ends without a newline
  #endif
../BSP/Modulelayer/Module/module_layer.h(18): warning:  #1-D: last line of file ends without a newline
  #endif
..\BSP\Applayer\app_common.h(84): warning:  #1-D: last line of file ends without a newline
  #endif
..\BSP\Applayer\app_common.h(84): warning:  #1-D: last line of file ends without a newline
  #endif
..\BSP\Applayer\app_modes.h(15): warning:  #1295-D: Deprecated declaration sys_mode_Manual_Init - give arg types
  void sys_mode_Manual_Init();
..\BSP\Applayer\app_modes.h(16): warning:  #1295-D: Deprecated declaration sys_mode_Auto_Init - give arg types
  void sys_mode_Auto_Init();
..\BSP\Applayer\app_modes.h(17): warning:  #1295-D: Deprecated declaration sys_mode_Music_Init - give arg types
  void sys_mode_Music_Init();
..\BSP\Applayer\app_modes.h(20): warning:  #1-D: last line of file ends without a newline
  #endif
..\BSP\Applayer\app_algorithm.h(16): warning:  #1-D: last line of file ends without a newline
  #endif
..\BSP\Applayer\app_manager.h(16): warning:  #1-D: last line of file ends without a newline
  #endif
..\BSP\Applayer\app_manager.c: 22 warnings, 0 errors
compiling app_modes.c...
../BSP/Driverlayer/uart_drv.h(12): warning:  #1-D: last line of file ends without a newline
  #endif 
../BSP/Driverlayer/buzzer_drv.h(12): warning:  #1295-D: Deprecated declaration buzzer_work - give arg types
  void buzzer_work();
../BSP/Driverlayer/buzzer_drv.h(13): warning:  #1295-D: Deprecated declaration buzzer_stop_work - give arg types
  void buzzer_stop_work();
../BSP/Driverlayer/buzzer_drv.h(14): warning:  #1295-D: Deprecated declaration buzzer_Init - give arg types
  void buzzer_Init();
../BSP/Driverlayer/buzzer_drv.h(15): warning:  #1295-D: Deprecated declaration buzzer_monitor - give arg types
  void buzzer_monitor();
../BSP/Driverlayer/buzzer_drv.h(16): warning:  #1295-D: Deprecated declaration buzzer_isworking - give arg types
  uint8_t buzzer_isworking();
../BSP/Driverlayer/buzzer_drv.h(19): warning:  #1-D: last line of file ends without a newline
  #endif
../BSP/Driverlayer/adc_drv.h(11): warning:  #1-D: last line of file ends without a newline
  #endif
../BSP/Driverlayer/spi_drv.h(20): warning:  #1-D: last line of file ends without a newline
  #endif
../BSP/Modulelayer/MIC/mic_drv.h(62): warning:  #1295-D: Deprecated declaration mic_Run - give arg types
  void mic_Run();
../BSP/Modulelayer/MIC/mic_drv.h(63): warning:  #1295-D: Deprecated declaration mic_meature_noise_loudness_max - give arg types
  void mic_meature_noise_loudness_max();
../BSP/Driverlayer/i2c_drv.h(29): warning:  #1-D: last line of file ends without a newline
  #endif
../BSP/Modulelayer/Light_Sensor/light_sensor_drv.h(48): warning:  #1-D: last line of file ends without a newline
  #endif
../BSP/Modulelayer/Module/module_layer.h(18): warning:  #1-D: last line of file ends without a newline
  #endif
..\BSP\Applayer\app_common.h(84): warning:  #1-D: last line of file ends without a newline
  #endif
..\BSP\Applayer\app_common.h(84): warning:  #1-D: last line of file ends without a newline
  #endif
..\BSP\Applayer\app_modes.h(15): warning:  #1295-D: Deprecated declaration sys_mode_Manual_Init - give arg types
  void sys_mode_Manual_Init();
..\BSP\Applayer\app_modes.h(16): warning:  #1295-D: Deprecated declaration sys_mode_Auto_Init - give arg types
  void sys_mode_Auto_Init();
..\BSP\Applayer\app_modes.h(17): warning:  #1295-D: Deprecated declaration sys_mode_Music_Init - give arg types
  void sys_mode_Music_Init();
..\BSP\Applayer\app_modes.h(20): warning:  #1-D: last line of file ends without a newline
  #endif
..\BSP\Applayer\app_modes.c(80): warning:  #223-D: function "remap_lux_to_brightness" declared implicitly
  			remap_lux_to_brightness();
..\BSP\Applayer\app_modes.c: 21 warnings, 0 errors
compiling light_sensor_drv.c...
../BSP/Driverlayer/i2c_drv.h(29): warning:  #1-D: last line of file ends without a newline
  #endif
..\BSP\Modulelayer\Light_Sensor\light_sensor_drv.h(48): warning:  #1-D: last line of file ends without a newline
  #endif
..\BSP\Modulelayer\Light_Sensor\light_sensor_drv.c(66): warning:  #186-D: pointless comparison of unsigned integer with zero
      if(mode == 
ULL || lux == 
ULL || *mode < LS_MODE_HRES1 || *mode > LS_MODE_SINGLE_MEAS) return HAL_ERROR;
..\BSP\Modulelayer\Light_Sensor\light_sensor_drv.c: 3 warnings, 0 errors
compiling app_ui.c...
../BSP/Driverlayer/uart_drv.h(12): warning:  #1-D: last line of file ends without a newline
  #endif 
../BSP/Driverlayer/buzzer_drv.h(12): warning:  #1295-D: Deprecated declaration buzzer_work - give arg types
  void buzzer_work();
../BSP/Driverlayer/buzzer_drv.h(13): warning:  #1295-D: Deprecated declaration buzzer_stop_work - give arg types
  void buzzer_stop_work();
../BSP/Driverlayer/buzzer_drv.h(14): warning:  #1295-D: Deprecated declaration buzzer_Init - give arg types
  void buzzer_Init();
../BSP/Driverlayer/buzzer_drv.h(15): warning:  #1295-D: Deprecated declaration buzzer_monitor - give arg types
  void buzzer_monitor();
../BSP/Driverlayer/buzzer_drv.h(16): warning:  #1295-D: Deprecated declaration buzzer_isworking - give arg types
  uint8_t buzzer_isworking();
../BSP/Driverlayer/buzzer_drv.h(19): warning:  #1-D: last line of file ends without a newline
  #endif
../BSP/Driverlayer/adc_drv.h(11): warning:  #1-D: last line of file ends without a newline
  #endif
../BSP/Driverlayer/spi_drv.h(20): warning:  #1-D: last line of file ends without a newline
  #endif
../BSP/Modulelayer/MIC/mic_drv.h(62): warning:  #1295-D: Deprecated declaration mic_Run - give arg types
  void mic_Run();
../BSP/Modulelayer/MIC/mic_drv.h(63): warning:  #1295-D: Deprecated declaration mic_meature_noise_loudness_max - give arg types
  void mic_meature_noise_loudness_max();
../BSP/Driverlayer/i2c_drv.h(29): warning:  #1-D: last line of file ends without a newline
  #endif
../BSP/Modulelayer/Light_Sensor/light_sensor_drv.h(48): warning:  #1-D: last line of file ends without a newline
  #endif
../BSP/Modulelayer/Module/module_layer.h(18): warning:  #1-D: last line of file ends without a newline
  #endif
..\BSP\Applayer\app_common.h(84): warning:  #1-D: last line of file ends without a newline
  #endif
..\BSP\Applayer\app_ui.c(23): warning:  #167-D: argument of type "uint8_t *" is incompatible with parameter of type "char *restrict"
      sprintf(str1,"Brightness : %d%%",bright);
..\BSP\Applayer\app_ui.c(24): warning:  #167-D: argument of type "uint8_t *" is incompatible with parameter of type "const char *"
      tft_DisplayString(2,10,str1,
OLOR_WHITE,
OLOR_BLACK);
..\BSP\Applayer\app_ui.c(27): warning:  #167-D: argument of type "uint8_t *" is incompatible with parameter of type "char *restrict"
      sprintf(str2,"Color : %s",color_str[system.system_data.rgb_data.color]);
..\BSP\Applayer\app_ui.c(28): warning:  #167-D: argument of type "uint8_t *" is incompatible with parameter of type "const char *"
      tft_DisplayString(2,20,str2,
OLOR_WHITE,
OLOR_BLACK);
..\BSP\Applayer\app_ui.c(78): warning:  #1-D: last line of file ends without a newline
  }
..\BSP\Applayer\app_ui.c: 20 warnings, 0 errors
compiling asrpro_drv.c...
../BSP/Driverlayer/uart_drv.h(12): warning:  #1-D: last line of file ends without a newline
  #endif 
../BSP/Driverlayer/buzzer_drv.h(12): warning:  #1295-D: Deprecated declaration buzzer_work - give arg types
  void buzzer_work();
../BSP/Driverlayer/buzzer_drv.h(13): warning:  #1295-D: Deprecated declaration buzzer_stop_work - give arg types
  void buzzer_stop_work();
../BSP/Driverlayer/buzzer_drv.h(14): warning:  #1295-D: Deprecated declaration buzzer_Init - give arg types
  void buzzer_Init();
../BSP/Driverlayer/buzzer_drv.h(15): warning:  #1295-D: Deprecated declaration buzzer_monitor - give arg types
  void buzzer_monitor();
../BSP/Driverlayer/buzzer_drv.h(16): warning:  #1295-D: Deprecated declaration buzzer_isworking - give arg types
  uint8_t buzzer_isworking();
../BSP/Driverlayer/buzzer_drv.h(19): warning:  #1-D: last line of file ends without a newline
  #endif
..\BSP\Modulelayer\Asrpro\asrpro_drv.c(6): warning:  #188-D: enumerated type mixed with another type
  static asr_rx_t asr_rx = {{0},0,0,0xFFFFFFFF,0};
..\BSP\Modulelayer\Asrpro\asrpro_drv.c(6): warning:  #69-D: integer conversion resulted in truncation
  static asr_rx_t asr_rx = {{0},0,0,0xFFFFFFFF,0};
..\BSP\Modulelayer\Asrpro\asrpro_drv.c(97): warning:  #188-D: enumerated type mixed with another type
          asr_rx.asr_rx_cmd = asr_rx.asr_rx_buf[2]; 
..\BSP\Modulelayer\Asrpro\asrpro_drv.c: 10 warnings, 0 errors
compiling BT_drv.c...
../BSP/Driverlayer/uart_drv.h(12): warning:  #1-D: last line of file ends without a newline
  #endif 
../BSP/Driverlayer/buzzer_drv.h(12): warning:  #1295-D: Deprecated declaration buzzer_work - give arg types
  void buzzer_work();
../BSP/Driverlayer/buzzer_drv.h(13): warning:  #1295-D: Deprecated declaration buzzer_stop_work - give arg types
  void buzzer_stop_work();
../BSP/Driverlayer/buzzer_drv.h(14): warning:  #1295-D: Deprecated declaration buzzer_Init - give arg types
  void buzzer_Init();
../BSP/Driverlayer/buzzer_drv.h(15): warning:  #1295-D: Deprecated declaration buzzer_monitor - give arg types
  void buzzer_monitor();
../BSP/Driverlayer/buzzer_drv.h(16): warning:  #1295-D: Deprecated declaration buzzer_isworking - give arg types
  uint8_t buzzer_isworking();
../BSP/Driverlayer/buzzer_drv.h(19): warning:  #1-D: last line of file ends without a newline
  #endif
..\BSP\Modulelayer\BlueTooth\BT_drv.c(43): warning:  #177-D: variable "status" was declared but never referenced
      HAL_StatusTypeDef status;
..\BSP\Modulelayer\BlueTooth\BT_drv.c(159): warning:  #167-D: argument of type "uint8_t *" is incompatible with parameter of type "const char *"
          if(strncmp(bt.uart_rx_buf,bt_cmd[i],strlen(bt_cmd[i])) == 0)
..\BSP\Modulelayer\BlueTooth\BT_drv.c(176): warning:  #167-D: argument of type "char *" is incompatible with parameter of type "uint8_t *"
              BT_WriteBytes(bt_cmd[i],strlen(bt_cmd[i]));
..\BSP\Modulelayer\BlueTooth\BT_drv.c: 10 warnings, 0 errors
compiling DWT.c...
..\BSP\Modulelayer\RGB\dwt.h(13): warning:  #1-D: last line of file ends without a newline
  #endif
..\BSP\Modulelayer\RGB\DWT.c(34): warning:  #1-D: last line of file ends without a newline
  }
..\BSP\Modulelayer\RGB\DWT.c: 2 warnings, 0 errors
compiling mic_drv.c...
../BSP/Driverlayer/adc_drv.h(11): warning:  #1-D: last line of file ends without a newline
  #endif
../BSP/Driverlayer/spi_drv.h(20): warning:  #1-D: last line of file ends without a newline
  #endif
..\BSP\Modulelayer\MIC\mic_drv.h(62): warning:  #1295-D: Deprecated declaration mic_Run - give arg types
  void mic_Run();
..\BSP\Modulelayer\MIC\mic_drv.h(63): warning:  #1295-D: Deprecated declaration mic_meature_noise_loudness_max - give arg types
  void mic_meature_noise_loudness_max();
..\BSP\Modulelayer\MIC\mic_drv.c: 4 warnings, 0 errors
compiling module_layer.c...
../BSP/Driverlayer/uart_drv.h(12): warning:  #1-D: last line of file ends without a newline
  #endif 
../BSP/Driverlayer/buzzer_drv.h(12): warning:  #1295-D: Deprecated declaration buzzer_work - give arg types
  void buzzer_work();
../BSP/Driverlayer/buzzer_drv.h(13): warning:  #1295-D: Deprecated declaration buzzer_stop_work - give arg types
  void buzzer_stop_work();
../BSP/Driverlayer/buzzer_drv.h(14): warning:  #1295-D: Deprecated declaration buzzer_Init - give arg types
  void buzzer_Init();
../BSP/Driverlayer/buzzer_drv.h(15): warning:  #1295-D: Deprecated declaration buzzer_monitor - give arg types
  void buzzer_monitor();
../BSP/Driverlayer/buzzer_drv.h(16): warning:  #1295-D: Deprecated declaration buzzer_isworking - give arg types
  uint8_t buzzer_isworking();
../BSP/Driverlayer/buzzer_drv.h(19): warning:  #1-D: last line of file ends without a newline
  #endif
../BSP/Driverlayer/adc_drv.h(11): warning:  #1-D: last line of file ends without a newline
  #endif
../BSP/Driverlayer/spi_drv.h(20): warning:  #1-D: last line of file ends without a newline
  #endif
../BSP/Modulelayer/MIC/mic_drv.h(62): warning:  #1295-D: Deprecated declaration mic_Run - give arg types
  void mic_Run();
../BSP/Modulelayer/MIC/mic_drv.h(63): warning:  #1295-D: Deprecated declaration mic_meature_noise_loudness_max - give arg types
  void mic_meature_noise_loudness_max();
../BSP/Driverlayer/i2c_drv.h(29): warning:  #1-D: last line of file ends without a newline
  #endif
../BSP/Modulelayer/Light_Sensor/light_sensor_drv.h(48): warning:  #1-D: last line of file ends without a newline
  #endif
..\BSP\Modulelayer\Module\module_layer.h(18): warning:  #1-D: last line of file ends without a newline
  #endif
..\BSP\Modulelayer\Module\module_layer.c: 14 warnings, 0 errors
compiling rgb_drv.c...
../BSP/Driverlayer/adc_drv.h(11): warning:  #1-D: last line of file ends without a newline
  #endif
../BSP/Driverlayer/spi_drv.h(20): warning:  #1-D: last line of file ends without a newline
  #endif
../BSP/Modulelayer/MIC/mic_drv.h(62): warning:  #1295-D: Deprecated declaration mic_Run - give arg types
  void mic_Run();
../BSP/Modulelayer/MIC/mic_drv.h(63): warning:  #1295-D: Deprecated declaration mic_meature_noise_loudness_max - give arg types
  void mic_meature_noise_loudness_max();
..\BSP\Modulelayer\RGB\rgb_drv.c(221): warning:  #188-D: enumerated type mixed with another type
      if (*color >= 
GB_COLOR_NUM) *color = 0;
..\BSP\Modulelayer\RGB\rgb_drv.c(329): warning:  #1-D: last line of file ends without a newline
  }
..\BSP\Modulelayer\RGB\rgb_drv.c: 6 warnings, 0 errors
compiling tft_fonts.c...
..\BSP\Modulelayer\TFT\tft_fonts.c(126): warning:  #1-D: last line of file ends without a newline
  };
..\BSP\Modulelayer\TFT\tft_fonts.c: 1 warning, 0 errors
compiling tft_drv.c...
../BSP/Driverlayer/spi_drv.h(20): warning:  #1-D: last line of file ends without a newline
  #endif
..\BSP\Modulelayer\TFT\tft_drv.c(228): warning:  #223-D: function "sprintf" declared implicitly
      sprintf(str, "%d", num); // Â∞?Êï?Â≠?ËΩ?Êç?‰∏?Â≠?Á¨?‰∏?Ôº?Ëá?Âä?Â§?Áê?Ë¥?Êï? + Êú?Â∞?Áª?Êù?Á¨?Ôº?
..\BSP\Modulelayer\TFT\tft_drv.c(238): warning:  #223-D: function "abs" declared implicitly
      int16_t dx = abs((int16_t)(x2 - x1));
..\BSP\Modulelayer\TFT\tft_drv.c: 3 warnings, 0 errors
compiling key.c...
..\BSP\Driverlayer\buzzer_drv.h(12): warning:  #1295-D: Deprecated declaration buzzer_work - give arg types
  void buzzer_work();
..\BSP\Driverlayer\buzzer_drv.h(13): warning:  #1295-D: Deprecated declaration buzzer_stop_work - give arg types
  void buzzer_stop_work();
..\BSP\Driverlayer\buzzer_drv.h(14): warning:  #1295-D: Deprecated declaration buzzer_Init - give arg types
  void buzzer_Init();
..\BSP\Driverlayer\buzzer_drv.h(15): warning:  #1295-D: Deprecated declaration buzzer_monitor - give arg types
  void buzzer_monitor();
..\BSP\Driverlayer\buzzer_drv.h(16): warning:  #1295-D: Deprecated declaration buzzer_isworking - give arg types
  uint8_t buzzer_isworking();
..\BSP\Driverlayer\buzzer_drv.h(19): warning:  #1-D: last line of file ends without a newline
  #endif
..\BSP\Driverlayer\key.c: 6 warnings, 0 errors
compiling led.c...
..\BSP\Driverlayer\led.c(33): warning:  #1-D: last line of file ends without a newline
  }
..\BSP\Driverlayer\led.c: 1 warning, 0 errors
compiling i2c_drv.c...
..\BSP\Driverlayer\i2c_drv.h(29): warning:  #1-D: last line of file ends without a newline
  #endif
..\BSP\Driverlayer\i2c_drv.c: 1 warning, 0 errors
compiling adc_drv.c...
..\BSP\Driverlayer\adc_drv.h(11): warning:  #1-D: last line of file ends without a newline
  #endif
..\BSP\Driverlayer\adc_drv.c: 1 warning, 0 errors
compiling buzzer_drv.c...
..\BSP\Driverlayer\buzzer_drv.h(12): warning:  #1295-D: Deprecated declaration buzzer_work - give arg types
  void buzzer_work();
..\BSP\Driverlayer\buzzer_drv.h(13): warning:  #1295-D: Deprecated declaration buzzer_stop_work - give arg types
  void buzzer_stop_work();
..\BSP\Driverlayer\buzzer_drv.h(14): warning:  #1295-D: Deprecated declaration buzzer_Init - give arg types
  void buzzer_Init();
..\BSP\Driverlayer\buzzer_drv.h(15): warning:  #1295-D: Deprecated declaration buzzer_monitor - give arg types
  void buzzer_monitor();
..\BSP\Driverlayer\buzzer_drv.h(16): warning:  #1295-D: Deprecated declaration buzzer_isworking - give arg types
  uint8_t buzzer_isworking();
..\BSP\Driverlayer\buzzer_drv.h(19): warning:  #1-D: last line of file ends without a newline
  #endif
..\BSP\Driverlayer\buzzer_drv.c: 6 warnings, 0 errors
compiling drv_layer.c...
..\BSP\Driverlayer\buzzer_drv.h(12): warning:  #1295-D: Deprecated declaration buzzer_work - give arg types
  void buzzer_work();
..\BSP\Driverlayer\buzzer_drv.h(13): warning:  #1295-D: Deprecated declaration buzzer_stop_work - give arg types
  void buzzer_stop_work();
..\BSP\Driverlayer\buzzer_drv.h(14): warning:  #1295-D: Deprecated declaration buzzer_Init - give arg types
  void buzzer_Init();
..\BSP\Driverlayer\buzzer_drv.h(15): warning:  #1295-D: Deprecated declaration buzzer_monitor - give arg types
  void buzzer_monitor();
..\BSP\Driverlayer\buzzer_drv.h(16): warning:  #1295-D: Deprecated declaration buzzer_isworking - give arg types
  uint8_t buzzer_isworking();
..\BSP\Driverlayer\buzzer_drv.h(19): warning:  #1-D: last line of file ends without a newline
  #endif
..\BSP\Driverlayer\uart_drv.h(12): warning:  #1-D: last line of file ends without a newline
  #endif 
..\BSP\Driverlayer\spi_drv.h(20): warning:  #1-D: last line of file ends without a newline
  #endif
..\BSP\Driverlayer\i2c_drv.h(29): warning:  #1-D: last line of file ends without a newline
  #endif
..\BSP\Driverlayer\adc_drv.h(11): warning:  #1-D: last line of file ends without a newline
  #endif
..\BSP\Driverlayer\drv_layer.c: 10 warnings, 0 errors
compiling spi_drv.c...
..\BSP\Driverlayer\spi_drv.h(20): warning:  #1-D: last line of file ends without a newline
  #endif
..\BSP\Driverlayer\spi_drv.c: 1 warning, 0 errors
compiling uart_drv.c...
..\BSP\Driverlayer\uart_drv.h(12): warning:  #1-D: last line of file ends without a newline
  #endif 
..\BSP\Driverlayer\uart_drv.c: 1 warning, 0 errors
compiling stm32f1xx_hal.c...
compiling stm32f1xx_hal_gpio_ex.c...
compiling stm32f1xx_hal_adc.c...
compiling stm32f1xx_hal_gpio.c...
compiling stm32f1xx_hal_cortex.c...
compiling stm32f1xx_hal_adc_ex.c...
compiling stm32f1xx_hal_rcc_ex.c...
compiling stm32f1xx_hal_dma.c...
compiling stm32f1xx_hal_pwr.c...
compiling stm32f1xx_hal_rcc.c...
compiling stm32f1xx_hal_flash.c...
compiling stm32f1xx_hal_flash_ex.c...
compiling stm32f1xx_hal_exti.c...
compiling stm32f1xx_hal_spi.c...
compiling stm32f1xx_hal_tim_ex.c...
compiling stm32f1xx_hal_uart.c...
compiling stm32f1xx_hal_i2c.c...
compiling stm32f1xx_hal_tim.c...
linking...
Program Size: Code=22076 RO-data=1492 RW-data=184 ZI-data=4152  
FromELF: creating hex file...
"bluetooth_desk_lamp\bluetooth_desk_lamp.axf" - 0 Error(s), 211 Warning(s).

<h2>Software Packages used:</h2>

Package Vendor: ARM
                https://www.keil.com/pack/ARM.CMSIS.6.3.0.pack
                ARM::CMSIS@6.3.0
                CMSIS (Common Microcontroller Software Interface Standard)
   * Component: CORE Version: 6.2.0

Package Vendor: Keil
                https://www.keil.com/pack/Keil.STM32F1xx_DFP.2.4.1.pack
                Keil::STM32F1xx_DFP@2.4.1
                STMicroelectronics STM32F1 Series Device Support, Drivers and Examples

<h2>Collection of Component include folders:</h2>
  ./RTE/_bluetooth_desk_lamp
  D:/keil5/keil_V5.40/package/ARM/CMSIS/6.3.0/CMSIS/Core/Include
  D:/keil5/keil_V5.40/package/Keil/STM32F1xx_DFP/2.4.1/Device/Include

<h2>Collection of Component Files used:</h2>

   * Component: ARM::CMSIS:CORE@6.2.0
      Include file:  CMSIS/Core/Include/tz_context.h
Build Time Elapsed:  00:00:09
</pre>
</body>
</html>
